Component: ARM Compiler 5.06 update 6 (build 750) Tool: armlink [4d35ed]

==============================================================================

Section Cross References

    main.o(i.main) refers to rt_cmsis.o(i.osKernelInitialize) for osKernelInitialize
    main.o(i.main) refers to timer.o(i.TimerInit) for TimerInit
    main.o(i.main) refers to print_server.o(i.PrintServerInit) for PrintServerInit
    main.o(i.main) refers to rt_cmsis.o(i.osDelay) for osDelay
    main.o(i.main) refers to mpu6050.o(i.twi_init_mpu6050) for twi_init_mpu6050
    main.o(i.main) refers to mpu6050.o(i.PWM_init) for PWM_init
    main.o(i.main) refers to mpu6050.o(i.mpu_6050_init) for mpu_6050_init
    main.o(i.main) refers to curr_saadc.o(i.SAADC_INIT) for SAADC_INIT
    main.o(i.main) refers to spi.o(i.SpisInit) for SpisInit
    main.o(i.main) refers to rt_cmsis.o(i.osKernelStart) for osKernelStart
    print_server.o(i.PrintServer) refers to rt_cmsis.o(i.osMailGet) for osMailGet
    print_server.o(i.PrintServer) refers to strlen.o(.text) for strlen
    print_server.o(i.PrintServer) refers to nrfx_uart.o(i.nrfx_uart_tx) for nrfx_uart_tx
    print_server.o(i.PrintServer) refers to rt_cmsis.o(i.osMailFree) for osMailFree
    print_server.o(i.PrintServer) refers to print_server.o(.data) for mail_box_id
    print_server.o(i.PrintServerInit) refers to rt_cmsis.o(i.osMailCreate) for osMailCreate
    print_server.o(i.PrintServerInit) refers to rt_cmsis.o(i.osThreadCreate) for osThreadCreate
    print_server.o(i.PrintServerInit) refers to memcpya.o(.text) for __aeabi_memcpy4
    print_server.o(i.PrintServerInit) refers to nrfx_uart.o(i.nrfx_uart_init) for nrfx_uart_init
    print_server.o(i.PrintServerInit) refers to print_server.o(.constdata) for os_mailQ_def_mail_queue
    print_server.o(i.PrintServerInit) refers to print_server.o(.data) for mail_box_id
    print_server.o(i.PrintServerPrintf) refers to rt_cmsis.o(i.osMailAlloc) for osMailAlloc
    print_server.o(i.PrintServerPrintf) refers to printfa.o(i.__0vsnprintf) for vsnprintf
    print_server.o(i.PrintServerPrintf) refers to rt_cmsis.o(i.osMailPut) for osMailPut
    print_server.o(i.PrintServerPrintf) refers to print_server.o(.data) for mail_box_id
    print_server.o(.constdata) refers to print_server.o(.data) for os_mailQ_p_mail_queue
    print_server.o(.constdata) refers to print_server.o(i.PrintServer) for PrintServer
    print_server.o(.data) refers to print_server.o(.bss) for os_mailQ_q_mail_queue
    mpu6050.o(i.Mpu_6050_thread) refers to timer.o(i.TimerSecondsMicrosec) for TimerSecondsMicrosec
    mpu6050.o(i.Mpu_6050_thread) refers to timer.o(i.TimerIntervalMicrosec) for TimerIntervalMicrosec
    mpu6050.o(i.Mpu_6050_thread) refers to f2d.o(.text) for __aeabi_f2d
    mpu6050.o(i.Mpu_6050_thread) refers to print_server.o(i.PrintServerPrintf) for PrintServerPrintf
    mpu6050.o(i.Mpu_6050_thread) refers to mpu6050.o(i.mpu_6050_read_gyro) for mpu_6050_read_gyro
    mpu6050.o(i.Mpu_6050_thread) refers to sin.o(i.__hardfp_sin) for __hardfp_sin
    mpu6050.o(i.Mpu_6050_thread) refers to dmul.o(.text) for __aeabi_dmul
    mpu6050.o(i.Mpu_6050_thread) refers to dadd.o(.text) for __aeabi_dadd
    mpu6050.o(i.Mpu_6050_thread) refers to d2f.o(.text) for __aeabi_d2f
    mpu6050.o(i.Mpu_6050_thread) refers to mpu6050.o(i.mpu_6050_read_acc) for mpu_6050_read_acc
    mpu6050.o(i.Mpu_6050_thread) refers to asin.o(i.__hardfp_asin) for __hardfp_asin
    mpu6050.o(i.Mpu_6050_thread) refers to rt_cmsis.o(i.osMailAlloc) for osMailAlloc
    mpu6050.o(i.Mpu_6050_thread) refers to rt_cmsis.o(i.osMailPut) for osMailPut
    mpu6050.o(i.Mpu_6050_thread) refers to rt_cmsis.o(i.osDelay) for osDelay
    mpu6050.o(i.Mpu_6050_thread) refers to mpu6050.o(.data) for MPU_PID_mail_id
    mpu6050.o(i.PID_control) refers to arm_pid_init_f32.o(.text.arm_pid_init_f32) for arm_pid_init_f32
    mpu6050.o(i.PID_control) refers to rt_cmsis.o(i.osSignalWait) for osSignalWait
    mpu6050.o(i.PID_control) refers to rt_cmsis.o(i.osMailGet) for osMailGet
    mpu6050.o(i.PID_control) refers to rt_cmsis.o(i.osMailFree) for osMailFree
    mpu6050.o(i.PID_control) refers to rt_cmsis.o(i.osMailAlloc) for osMailAlloc
    mpu6050.o(i.PID_control) refers to rt_cmsis.o(i.osMailPut) for osMailPut
    mpu6050.o(i.PID_control) refers to spi.o(.data) for SPIS_PID_mail_ID
    mpu6050.o(i.PID_control) refers to mpu6050.o(.data) for MPU_PID_mail_id
    mpu6050.o(i.PWM) refers to rt_cmsis.o(i.osMailGet) for osMailGet
    mpu6050.o(i.PWM) refers to rt_cmsis.o(i.osMailFree) for osMailFree
    mpu6050.o(i.PWM) refers to rt_cmsis.o(i.osMailAlloc) for osMailAlloc
    mpu6050.o(i.PWM) refers to rt_cmsis.o(i.osMailPut) for osMailPut
    mpu6050.o(i.PWM) refers to mpu6050.o(.data) for MPU_PWM_mail_id
    mpu6050.o(i.PWM_init) refers to nrfx_pwm.o(i.nrfx_pwm_init) for nrfx_pwm_init
    mpu6050.o(i.PWM_init) refers to nrfx_pwm.o(i.nrfx_pwm_simple_playback) for nrfx_pwm_simple_playback
[...]
    .data                                    0x20000118   Section        8  rt_robin.o(.data)
    .data                                    0x20000120   Section        4  errno.o(.data)
    _errno                                   0x20000120   Data           4  errno.o(.data)
    .bss                                     0x20000124   Section     4380  print_server.o(.bss)
    .bss                                     0x20001240   Section      560  mpu6050.o(.bss)
    .bss                                     0x20001470   Section       16  curr_saadc.o(.bss)
    m_buffer_pool                            0x20001470   Data          16  curr_saadc.o(.bss)
    .bss                                     0x20001480   Section      368  spi.o(.bss)
    m_tx_buf                                 0x20001480   Data          24  spi.o(.bss)
    .bss                                     0x200015f0   Section       44  nrfx_uart.o(.bss)
    m_cb                                     0x200015f0   Data          44  nrfx_uart.o(.bss)
    .bss                                     0x2000161c   Section       76  nrfx_gpiote.o(.bss)
    m_cb                                     0x2000161c   Data          76  nrfx_gpiote.o(.bss)
    .bss                                     0x20001668   Section       48  nrfx_saadc.o(.bss)
    m_cb                                     0x20001668   Data          48  nrfx_saadc.o(.bss)
    .bss                                     0x20001698   Section       12  nrfx_timer.o(.bss)
    m_cb                                     0x20001698   Data          12  nrfx_timer.o(.bss)
    .bss                                     0x200016a4   Section       60  nrfx_twi.o(.bss)
    m_cb                                     0x200016a4   Data          60  nrfx_twi.o(.bss)
    .bss                                     0x200016e0   Section       12  nrf_drv_spis.o(.bss)
    m_handlers                               0x200016e0   Data          12  nrf_drv_spis.o(.bss)
    .bss                                     0x200016ec   Section       56  nrfx_spis.o(.bss)
    m_cb                                     0x200016ec   Data          56  nrfx_spis.o(.bss)
    .bss                                     0x20001728   Section     9008  rtx_conf_cm.o(.bss)
    .bss                                     0x20003a58   Section       52  rt_task.o(.bss)
    .bss                                     0x20003a8c   Section       48  rt_list.o(.bss)
    STACK                                    0x20003ac0   Section     8192  arm_startup_nrf52.o(STACK)

    Global Symbols

    Symbol Name                              Value     Ov Type        Size  Object(Section)

    BuildAttributes$$THM_ISAv4$E$P$D$K$B$S$7EM$VFPi3$EXTD16$VFPS$VFMA$PE$A:L22UL41UL21$X:L11$S22US41US21$IEEE1$IW$USESV6$~STKCKD$USESV7$~SHL$OTIME$ROPI$IEEEX$EBA8$MICROLIB$REQ8$EABIv2 0x00000000   Number         0  anon$$obj.o ABSOLUTE
    __ARM_use_no_argv                        0x00000000   Number         0  main.o ABSOLUTE
    __Vectors                                0x00000000   Data           4  arm_startup_nrf52.o(RESET)
    __cpp_initialize__aeabi_                  - Undefined Weak Reference
    __cxa_finalize                            - Undefined Weak Reference
    __decompress                              - Undefined Weak Reference
    _clock_init                               - Undefined Weak Reference
    _microlib_exit                            - Undefined Weak Reference
    pwr_mgmt_data0$$Base                      - Undefined Reference
    pwr_mgmt_data0$$Limit                     - Undefined Reference
    pwr_mgmt_data1$$Base                      - Undefined Reference
    pwr_mgmt_data1$$Limit                     - Undefined Reference
    pwr_mgmt_data2$$Base                      - Undefined Reference
    pwr_mgmt_data2$$Limit                     - Undefined Reference
    __Vectors_End                            0x00000200   Data           0  arm_startup_nrf52.o(RESET)
    __Vectors_Size                           0x00000200   Number         0  arm_startup_nrf52.o ABSOLUTE
    __main                                   0x00000201   Thumb Code     0  entry.o(.ARM.Collect$$$$00000000)
    _main_stk                                0x00000201   Thumb Code     0  entry2.o(.ARM.Collect$$$$00000001)
    _main_scatterload                        0x00000205   Thumb Code     0  entry5.o(.ARM.Collect$$$$00000004)
    __main_after_scatterload                 0x00000209   Thumb Code     0  entry5.o(.ARM.Collect$$$$00000004)
    __rt_final_cpp                           0x00000209   Thumb Code     0  entry10a.o(.ARM.Collect$$$$0000000D)
    __rt_final_exit                          0x00000209   Thumb Code     0  entry11a.o(.ARM.Collect$$$$0000000F)
    _main_clock                              0x00000209   Thumb Code     0  entry7b.o(.ARM.Collect$$$$00000008)
    _main_cpp_init                           0x00000209   Thumb Code     0  entry8b.o(.ARM.Collect$$$$0000000A)
    _main_init                               0x00000209   Thumb Code    18  rtx_conf_cm.o(.ARM.Collect$$$$000000FF)
    rt_set_PSP                               0x00000225   Thumb Code     6  hal_cm4.o(.emb_text)
    rt_get_PSP                               0x0000022b   Thumb Code     6  hal_cm4.o(.emb_text)
    os_set_env                               0x00000231   Thumb Code    24  hal_cm4.o(.emb_text)
    _alloc_box                               0x0000024d   Thumb Code    28  hal_cm4.o(.emb_text)
    _free_box                                0x0000026d   Thumb Code    28  hal_cm4.o(.emb_text)
    SVC_Handler                              0x0000028d   Thumb Code   168  hal_cm4.o(.emb_text)
    PendSV_Handler                           0x00000345   Thumb Code    96  hal_cm4.o(.emb_text)
    SysTick_Handler                          0x000003a9   Thumb Code     8  hal_cm4.o(.emb_text)
    OS_Tick_Handler                          0x000003b1   Thumb Code    12  hal_cm4.o(.emb_text)
    Reset_Handler                            0x000003bd   Thumb Code     8  arm_startup_nrf52.o(.text)
    NMI_Handler                              0x000003c5   Thumb Code     2  arm_startup_nrf52.o(.text)
    HardFault_Handler                        0x000003c7   Thumb Code     2  arm_startup_nrf52.o(.text)
    MemoryManagement_Handler                 0x000003c9   Thumb Code     2  arm_startup_nrf52.o(.text)
    BusFault_Handler                         0x000003cb   Thumb Code     2  arm_startup_nrf52.o(.text)
    UsageFault_Handler                       0x000003cd   Thumb Code     2  arm_startup_nrf52.o(.text)
    DebugMon_Handler                         0x000003d1   Thumb Code     2  arm_startup_nrf52.o(.text)
    CCM_AAR_IRQHandler                       0x000003d7   Thumb Code     0  arm_startup_nrf52.o(.text)
    COMP_LPCOMP_IRQHandler                   0x000003d7   Thumb Code     0  arm_startup_nrf52.o(.text)
    ECB_IRQHandler                           0x000003d7   Thumb Code     0  arm_startup_nrf52.o(.text)
    FPU_IRQHandler                           0x000003d7   Thumb Code     0  arm_startup_nrf52.o(.text)
    I2S_IRQHandler                           0x000003d7   Thumb Code     0  arm_startup_nrf52.o(.text)
    MWU_IRQHandler                           0x000003d7   Thumb Code     0  arm_startup_nrf52.o(.text)
    NFCT_IRQHandler                          0x000003d7   Thumb Code     0  arm_startup_nrf52.o(.text)
    PDM_IRQHandler                           0x000003d7   Thumb Code     0  arm_startup_nrf52.o(.text)
    POWER_CLOCK_IRQHandler                   0x000003d7   Thumb Code     0  arm_startup_nrf52.o(.text)
    PWM1_IRQHandler                          0x000003d7   Thumb Code     0  arm_startup_nrf52.o(.text)
    PWM2_IRQHandler                          0x000003d7   Thumb Code     0  arm_startup_nrf52.o(.text)
    QDEC_IRQHandler                          0x000003d7   Thumb Code     0  arm_startup_nrf52.o(.text)
    RADIO_IRQHandler                         0x000003d7   Thumb Code     0  arm_startup_nrf52.o(.text)
    RNG_IRQHandler                           0x000003d7   Thumb Code     0  arm_startup_nrf52.o(.text)
    RTC0_IRQHandler                          0x000003d7   Thumb Code     0  arm_startup_nrf52.o(.text)
    RTC1_IRQHandler                          0x000003d7   Thumb Code     0  arm_startup_nrf52.o(.text)
    RTC2_IRQHandler                          0x000003d7   Thumb Code     0  arm_startup_nrf52.o(.text)
    SWI0_EGU0_IRQHandler                     0x000003d7   Thumb Code     0  arm_startup_nrf52.o(.text)
    SWI1_EGU1_IRQHandler                     0x000003d7   Thumb Code     0  arm_startup_nrf52.o(.text)
    SWI2_EGU2_IRQHandler                     0x000003d7   Thumb Code     0  arm_startup_nrf52.o(.text)
    SWI3_EGU3_IRQHandler                     0x000003d7   Thumb Code     0  arm_startup_nrf52.o(.text)
    SWI4_EGU4_IRQHandler                     0x000003d7   Thumb Code     0  arm_startup_nrf52.o(.text)
    SWI5_EGU5_IRQHandler                     0x000003d7   Thumb Code     0  arm_startup_nrf52.o(.text)
    TEMP_IRQHandler                          0x000003d7   Thumb Code     0  arm_startup_nrf52.o(.text)
    TIMER2_IRQHandler                        0x000003d7   Thumb Code     0  arm_startup_nrf52.o(.text)
    TIMER3_IRQHandler                        0x000003d7   Thumb Code     0  arm_startup_nrf52.o(.text)
    TIMER4_IRQHandler                        0x000003d7   Thumb Code     0  arm_startup_nrf52.o(.text)
    WDT_IRQHandler                           0x000003d7   Thumb Code     0  arm_startup_nrf52.o(.text)
    __aeabi_uldivmod                         0x000003e1   Thumb Code    98  uldiv.o(.text)
    __aeabi_llsr                             0x00000443   Thumb Code    32  llushr.o(.text)
    _ll_ushift_r                             0x00000443   Thumb Code     0  llushr.o(.text)
    __aeabi_memcpy                           0x00000463   Thumb Code    36  memcpya.o(.text)
    __aeabi_memcpy4                          0x00000463   Thumb Code     0  memcpya.o(.text)
    __aeabi_memcpy8                          0x00000463   Thumb Code     0  memcpya.o(.text)
    __RL_RTX_VER                             0x00000482   Number         0  rt_system.o ABSOLUTE
    __aeabi_memset                           0x00000487   Thumb Code    14  memseta.o(.text)
    __aeabi_memset4                          0x00000487   Thumb Code     0  memseta.o(.text)
    __aeabi_memset8                          0x00000487   Thumb Code     0  memseta.o(.text)
    __aeabi_memclr                           0x00000495   Thumb Code     4  memseta.o(.text)
    __aeabi_memclr4                          0x00000495   Thumb Code     0  memseta.o(.text)
    __aeabi_memclr8                          0x00000495   Thumb Code     0  memseta.o(.text)
    _memset$wrapper                          0x00000499   Thumb Code    18  memseta.o(.text)
    strlen                                   0x000004ab   Thumb Code    14  strlen.o(.text)
    __aeabi_dadd                             0x000004b9   Thumb Code   322  dadd.o(.text)
    __aeabi_dsub                             0x000005fb   Thumb Code     6  dadd.o(.text)
    __aeabi_drsub                            0x00000601   Thumb Code     6  dadd.o(.text)
    __aeabi_dmul                             0x00000607   Thumb Code   228  dmul.o(.text)
    __aeabi_ddiv                             0x000006eb   Thumb Code   222  ddiv.o(.text)
    __aeabi_i2d                              0x000007c9   Thumb Code    34  dflti.o(.text)
    __aeabi_d2iz                             0x000007eb   Thumb Code    62  dfixi.o(.text)
    __aeabi_f2d                              0x00000829   Thumb Code    38  f2d.o(.text)
    __aeabi_d2f                              0x0000084f   Thumb Code    56  d2f.o(.text)
    __aeabi_uidiv                            0x00000887   Thumb Code     0  uidiv.o(.text)
    __aeabi_uidivmod                         0x00000887   Thumb Code    44  uidiv.o(.text)
    __aeabi_llsl                             0x000008b3   Thumb Code    30  llshl.o(.text)
    _ll_shift_l                              0x000008b3   Thumb Code     0  llshl.o(.text)
    __aeabi_lasr                             0x000008d1   Thumb Code    36  llsshr.o(.text)
    _ll_sshift_r                             0x000008d1   Thumb Code     0  llsshr.o(.text)
    __I$use$fp                               0x000008f5   Thumb Code     0  iusefp.o(.text)
    _float_round                             0x000008f5   Thumb Code    18  fepilogue.o(.text)
    _float_epilogue                          0x00000907   Thumb Code    92  fepilogue.o(.text)
    _double_round                            0x00000963   Thumb Code    30  depilogue.o(.text)
    _double_epilogue                         0x00000981   Thumb Code   156  depilogue.o(.text)
    __aeabi_d2ulz                            0x00000a1d   Thumb Code    48  dfixul.o(.text)
    __aeabi_cdrcmple                         0x00000a4d   Thumb Code    48  cdrcmple.o(.text)
    __scatterload                            0x00000a7d   Thumb Code    28  init.o(.text)
    __scatterload_rt2                        0x00000a7d   Thumb Code     0  init.o(.text)
    _dsqrt                                   0x00000aa1   Thumb Code   162  dsqrt.o(.text)
    __aeabi_ui2d                             0x00000b43   Thumb Code    26  dfltui.o(.text)
    arm_pid_init_f32                         0x00000b5d   Thumb Code    58  arm_pid_init_f32.o(.text.arm_pid_init_f32)
    SVC_Count                                0x00000b98   Data           4  svc_table.o(SVC_TABLE)
    GPIOTE_IRQHandler                        0x00000b9d   Thumb Code   528  nrfx_gpiote.o(i.GPIOTE_IRQHandler)
    SVC_Table                                0x00000b9c   Data           0  svc_table.o(SVC_TABLE)
    Mpu_6050_thread                          0x00000db9   Thumb Code   870  mpu6050.o(i.Mpu_6050_thread)
    PID_control                              0x00001155   Thumb Code   552  mpu6050.o(i.PID_control)
    PWM                                      0x00001395   Thumb Code   330  mpu6050.o(i.PWM)
    PWM0_IRQHandler                          0x000014f9   Thumb Code    12  nrfx_pwm.o(i.PWM0_IRQHandler)
    PWM_init                                 0x0000150d   Thumb Code    34  mpu6050.o(i.PWM_init)
    PrintServer                              0x0000153d   Thumb Code    54  print_server.o(i.PrintServer)
    PrintServerInit                          0x0000157d   Thumb Code    70  print_server.o(i.PrintServerInit)
    PrintServerPrintf                        0x000015dd   Thumb Code    54  print_server.o(i.PrintServerPrintf)
    SAADC_INIT                               0x00001619   Thumb Code    16  curr_saadc.o(i.SAADC_INIT)
    SAADC_IRQHandler                         0x00001629   Thumb Code   456  nrfx_saadc.o(i.SAADC_IRQHandler)
    SPIM0_SPIS0_TWIM0_TWIS0_SPI0_TWI0_IRQHandler 0x000017f5   Thumb Code    12  nrfx_spis.o(i.SPIM0_SPIS0_TWIM0_TWIS0_SPI0_TWI0_IRQHandler)
    SPIM1_SPIS1_TWIM1_TWIS1_SPI1_TWI1_IRQHandler 0x00001809   Thumb Code    14  nrfx_twi.o(i.SPIM1_SPIS1_TWIM1_TWIS1_SPI1_TWI1_IRQHandler)
    SPIM2_SPIS2_SPI2_IRQHandler              0x0000181d   Thumb Code    12  nrfx_spis.o(i.SPIM2_SPIS2_SPI2_IRQHandler)
    Saadc_Callback                           0x00001831   Thumb Code   180  curr_saadc.o(i.Saadc_Callback)
    SpiSlave                                 0x00001901   Thumb Code    90  spi.o(i.SpiSlave)
    SpisEventHandler                         0x00001971   Thumb Code    96  spi.o(i.SpisEventHandler)
    SpisInit                                 0x000019e5   Thumb Code   124  spi.o(i.SpisInit)
    SystemCoreClockUpdate                    0x00001ab1   Thumb Code     8  system_nrf52.o(i.SystemCoreClockUpdate)
    SystemInit                               0x00001ac1   Thumb Code   596  system_nrf52.o(i.SystemInit)
    TIMER0_IRQHandler                        0x00001d59   Thumb Code    14  nrfx_timer.o(i.TIMER0_IRQHandler)
    TIMER1_IRQHandler                        0x00001d71   Thumb Code    24  timer.o(i.TIMER1_IRQHandler)
    TimerInit                                0x00001d91   Thumb Code   116  timer.o(i.TimerInit)
    TimerIntervalMicrosec                    0x00001e21   Thumb Code   148  timer.o(i.TimerIntervalMicrosec)
    TimerSecondsMicrosec                     0x00001ebd   Thumb Code    36  timer.o(i.TimerSecondsMicrosec)
    UARTE0_UART0_IRQHandler                  0x00001eed   Thumb Code    12  nrfx_uart.o(i.UARTE0_UART0_IRQHandler)
    __0vsnprintf                             0x00001f01   Thumb Code    40  printfa.o(i.__0vsnprintf)
    __1vsnprintf                             0x00001f01   Thumb Code     0  printfa.o(i.__0vsnprintf)
    __2vsnprintf                             0x00001f01   Thumb Code     0  printfa.o(i.__0vsnprintf)
    __c89vsnprintf                           0x00001f01   Thumb Code     0  printfa.o(i.__0vsnprintf)
    vsnprintf                                0x00001f01   Thumb Code     0  printfa.o(i.__0vsnprintf)
    __ARM_fpclassify                         0x00001f2d   Thumb Code    48  fpclassify.o(i.__ARM_fpclassify)
    __hardfp_asin                            0x00001f61   Thumb Code   770  asin.o(i.__hardfp_asin)
    __hardfp_sin                             0x000022c1   Thumb Code   180  sin.o(i.__hardfp_sin)
    __ieee754_rem_pio2                       0x00002389   Thumb Code   938  rred.o(i.__ieee754_rem_pio2)
    __kernel_cos                             0x000027c1   Thumb Code   322  cos_i.o(i.__kernel_cos)
    __kernel_poly                            0x00002931   Thumb Code   248  poly.o(i.__kernel_poly)
    __kernel_sin                             0x00002a29   Thumb Code   280  sin_i.o(i.__kernel_sin)
    __mathlib_dbl_infnan                     0x00002b59   Thumb Code    20  dunder.o(i.__mathlib_dbl_infnan)
    __mathlib_dbl_invalid                    0x00002b71   Thumb Code    24  dunder.o(i.__mathlib_dbl_invalid)
    __mathlib_dbl_underflow                  0x00002b91   Thumb Code    24  dunder.o(i.__mathlib_dbl_underflow)
    __scatterload_copy                       0x00002bb1   Thumb Code    14  handlers.o(i.__scatterload_copy)
    __scatterload_null                       0x00002bbf   Thumb Code     2  handlers.o(i.__scatterload_null)
    __scatterload_zeroinit                   0x00002bc1   Thumb Code    14  handlers.o(i.__scatterload_zeroinit)
    __set_errno                              0x00002bd1   Thumb Code     6  errno.o(i.__set_errno)
    _init_box                                0x00002d61   Thumb Code    70  rt_membox.o(i._init_box)
    app_util_critical_region_enter           0x000034ed   Thumb Code    10  app_util_platform.o(i.app_util_critical_region_enter)
    app_util_critical_region_exit            0x000034f7   Thumb Code    10  app_util_platform.o(i.app_util_critical_region_exit)
    app_util_disable_irq                     0x00003501   Thumb Code    14  app_util_platform.o(i.app_util_disable_irq)
    app_util_enable_irq                      0x00003515   Thumb Code    20  app_util_platform.o(i.app_util_enable_irq)
    dbg_init                                 0x00003729   Thumb Code    34  hal_cm.o(i.dbg_init)
    dbg_task_notify                          0x00003759   Thumb Code    32  hal_cm.o(i.dbg_task_notify)
    dbg_task_switch                          0x00003779   Thumb Code    16  hal_cm.o(i.dbg_task_switch)
    fabs                                     0x00003a3d   Thumb Code    24  fabs.o(i.fabs)
    isrMessageGet                            0x00003c29   Thumb Code    42  rt_cmsis.o(i.isrMessageGet)
    isrMessagePut                            0x00003c53   Thumb Code    44  rt_cmsis.o(i.isrMessagePut)
    isrSignalSet                             0x00003c7f   Thumb Code    36  rt_cmsis.o(i.isrSignalSet)
    isr_evt_set                              0x00003ca5   Thumb Code    34  rt_event.o(i.isr_evt_set)
    isr_mbx_receive                          0x00003ccd   Thumb Code    86  rt_mailbox.o(i.isr_mbx_receive)
    isr_mbx_send                             0x00003d23   Thumb Code    14  rt_mailbox.o(i.isr_mbx_send)
    main                                     0x00003d31   Thumb Code    60  main.o(i.main)
    mpu_6050_I2C_register_read               0x00003d6d   Thumb Code    82  mpu6050.o(i.mpu_6050_I2C_register_read)
    mpu_6050_init                            0x00003dc5   Thumb Code   192  mpu6050.o(i.mpu_6050_init)
    mpu_6050_read_acc                        0x00003ed1   Thumb Code    94  mpu6050.o(i.mpu_6050_read_acc)
    mpu_6050_read_gyro                       0x00003f51   Thumb Code   106  mpu6050.o(i.mpu_6050_read_gyro)
    nrf_drv_ppi_init                         0x00004009   Thumb Code    22  nrf_drv_ppi.o(i.nrf_drv_ppi_init)
    nrf_drv_spis_init                        0x00004025   Thumb Code    34  nrf_drv_spis.o(i.nrf_drv_spis_init)
    nrf_drv_twi_init                         0x00004051   Thumb Code    68  nrf_drv_twi.o(i.nrf_drv_twi_init)
    nrfx_gpiote_in_event_enable              0x000044e9   Thumb Code   164  nrfx_gpiote.o(i.nrfx_gpiote_in_event_enable)
    nrfx_gpiote_in_init                      0x00004595   Thumb Code   232  nrfx_gpiote.o(i.nrfx_gpiote_in_init)
    nrfx_gpiote_init                         0x00004689   Thumb Code   170  nrfx_gpiote.o(i.nrfx_gpiote_init)
    nrfx_ppi_channel_alloc                   0x00004755   Thumb Code   100  nrfx_ppi.o(i.nrfx_ppi_channel_alloc)
    nrfx_ppi_channel_assign                  0x000047c1   Thumb Code    68  nrfx_ppi.o(i.nrfx_ppi_channel_assign)
    nrfx_ppi_channel_enable                  0x00004809   Thumb Code    56  nrfx_ppi.o(i.nrfx_ppi_channel_enable)
    nrfx_pwm_init                            0x0000484d   Thumb Code   256  nrfx_pwm.o(i.nrfx_pwm_init)
    nrfx_pwm_simple_playback                 0x00004959   Thumb Code   128  nrfx_pwm.o(i.nrfx_pwm_simple_playback)
    nrfx_saadc_buffer_convert                0x000049dd   Thumb Code   186  nrfx_saadc.o(i.nrfx_saadc_buffer_convert)
    nrfx_saadc_channel_init                  0x00004a9d   Thumb Code   208  nrfx_saadc.o(i.nrfx_saadc_channel_init)
    nrfx_saadc_init                          0x00004b75   Thumb Code   224  nrfx_saadc.o(i.nrfx_saadc_init)
    nrfx_saadc_sample_task_get               0x00004c65   Thumb Code    24  nrfx_saadc.o(i.nrfx_saadc_sample_task_get)
    nrfx_spis_buffers_set                    0x00004c85   Thumb Code   162  nrfx_spis.o(i.nrfx_spis_buffers_set)
    nrfx_spis_init                           0x00004d2d   Thumb Code   478  nrfx_spis.o(i.nrfx_spis_init)
    nrfx_timer_compare                       0x00004f21   Thumb Code    72  nrfx_timer.o(i.nrfx_timer_compare)
    nrfx_timer_enable                        0x00004f69   Thumb Code    30  nrfx_timer.o(i.nrfx_timer_enable)
    nrfx_timer_extended_compare              0x00004f8d   Thumb Code    66  nrfx_timer.o(i.nrfx_timer_extended_compare)
    nrfx_timer_init                          0x00004fd1   Thumb Code   230  nrfx_timer.o(i.nrfx_timer_init)
    nrfx_twi_enable                          0x000050c5   Thumb Code    34  nrfx_twi.o(i.nrfx_twi_enable)
    nrfx_twi_init                            0x000050ed   Thumb Code   242  nrfx_twi.o(i.nrfx_twi_init)
    nrfx_twi_rx                              0x000051ed   Thumb Code    44  nrfx_twi.o(i.nrfx_twi_rx)
    nrfx_twi_tx                              0x0000521d   Thumb Code    62  nrfx_twi.o(i.nrfx_twi_tx)
    nrfx_twi_xfer                            0x0000525d   Thumb Code    44  nrfx_twi.o(i.nrfx_twi_xfer)
    nrfx_uart_init                           0x0000528d   Thumb Code   104  nrfx_uart.o(i.nrfx_uart_init)
    nrfx_uart_tx                             0x000052f9   Thumb Code   134  nrfx_uart.o(i.nrfx_uart_tx)
    nrfx_uart_tx_in_progress                 0x00005385   Thumb Code    30  nrfx_uart.o(i.nrfx_uart_tx_in_progress)
    osDelay                                  0x000053a9   Thumb Code    18  rt_cmsis.o(i.osDelay)
    osKernelInitialize                       0x000053c1   Thumb Code    30  rt_cmsis.o(i.osKernelInitialize)
    osKernelStart                            0x000053e5   Thumb Code    98  rt_cmsis.o(i.osKernelStart)
    osMailAlloc                              0x00005451   Thumb Code    22  rt_cmsis.o(i.osMailAlloc)
    osMailCreate                             0x0000546d   Thumb Code    36  rt_cmsis.o(i.osMailCreate)
    osMailFree                               0x00005499   Thumb Code    22  rt_cmsis.o(i.osMailFree)
    osMailGet                                0x000054b5   Thumb Code    22  rt_cmsis.o(i.osMailGet)
    osMailPut                                0x000054cb   Thumb Code    20  rt_cmsis.o(i.osMailPut)
    osMessageGet                             0x000054e1   Thumb Code    18  rt_cmsis.o(i.osMessageGet)
    osMessagePut                             0x000054f9   Thumb Code    18  rt_cmsis.o(i.osMessagePut)
    osSignalSet                              0x00005511   Thumb Code    18  rt_cmsis.o(i.osSignalSet)
    osSignalWait                             0x00005529   Thumb Code    18  rt_cmsis.o(i.osSignalWait)
    osThreadCreate                           0x00005541   Thumb Code    36  rt_cmsis.o(i.osThreadCreate)
    osThreadExit                             0x0000556d   Thumb Code    14  rt_cmsis.o(i.osThreadExit)
    osTimerCall                              0x00005585   Thumb Code     8  rt_cmsis.o(i.osTimerCall)
    osTimerThread                            0x00005591   Thumb Code    38  rt_cmsis.o(i.osTimerThread)
    os_error                                 0x000055bd   Thumb Code    34  rtx_conf_cm.o(i.os_error)
    os_idle_demon                            0x000055df   Thumb Code     4  rtx_conf_cm.o(i.os_idle_demon)
    os_tick_init                             0x000055e5   Thumb Code    32  rt_system.o(i.os_tick_init)
    os_tick_irqack                           0x0000560d   Thumb Code     2  rt_system.o(i.os_tick_irqack)
    rt_alloc_box                             0x00005685   Thumb Code    26  rt_membox.o(i.rt_alloc_box)
    rt_alloc_mem                             0x0000569f   Thumb Code    62  rt_memory.o(i.rt_alloc_mem)
    rt_block                                 0x000056dd   Thumb Code    48  rt_task.o(i.rt_block)
    rt_chk_robin                             0x00005715   Thumb Code    60  rt_robin.o(i.rt_chk_robin)
    rt_dec_dly                               0x0000575d   Thumb Code   102  rt_list.o(i.rt_dec_dly)
    rt_dispatch                              0x000057cd   Thumb Code    60  rt_task.o(i.rt_dispatch)
    rt_dly_wait                              0x00005811   Thumb Code     6  rt_time.o(i.rt_dly_wait)
    rt_evt_psh                               0x00005819   Thumb Code    76  rt_event.o(i.rt_evt_psh)
    rt_evt_set                               0x00005869   Thumb Code    88  rt_event.o(i.rt_evt_set)
    rt_evt_wait                              0x000058c5   Thumb Code    56  rt_event.o(i.rt_evt_wait)
    rt_free_box                              0x00005901   Thumb Code    44  rt_membox.o(i.rt_free_box)
    rt_free_mem                              0x0000592d   Thumb Code    40  rt_memory.o(i.rt_free_mem)
    rt_get_first                             0x00005955   Thumb Code    40  rt_list.o(i.rt_get_first)
    rt_init_mem                              0x000059cd   Thumb Code    26  rt_memory.o(i.rt_init_mem)
    rt_init_robin                            0x000059e9   Thumb Code    14  rt_robin.o(i.rt_init_robin)
    rt_init_stack                            0x00005a01   Thumb Code   118  hal_cm.o(i.rt_init_stack)
    rt_mbx_check                             0x00005a81   Thumb Code     8  rt_mailbox.o(i.rt_mbx_check)
    rt_mbx_init                              0x00005a89   Thumb Code    26  rt_mailbox.o(i.rt_mbx_init)
    rt_mbx_psh                               0x00005aa5   Thumb Code   236  rt_mailbox.o(i.rt_mbx_psh)
    rt_mbx_send                              0x00005b95   Thumb Code   148  rt_mailbox.o(i.rt_mbx_send)
    rt_mbx_wait                              0x00005c2d   Thumb Code   174  rt_mailbox.o(i.rt_mbx_wait)
    rt_pop_req                               0x00005d25   Thumb Code   112  rt_system.o(i.rt_pop_req)
    rt_psh_req                               0x00005da1   Thumb Code    22  rt_system.o(i.rt_psh_req)
    rt_psq_enq                               0x00005dc1   Thumb Code    88  rt_list.o(i.rt_psq_enq)
    rt_put_dly                               0x00005e1d   Thumb Code    68  rt_list.o(i.rt_put_dly)
    rt_put_prio                              0x00005e65   Thumb Code    54  rt_list.o(i.rt_put_prio)
    rt_put_rdy_first                         0x00005e9d   Thumb Code    14  rt_list.o(i.rt_put_rdy_first)
    rt_resort_prio                           0x00005eb1   Thumb Code    46  rt_list.o(i.rt_resort_prio)
    rt_ret_val                               0x00005ef5   Thumb Code    12  hal_cm.o(i.rt_ret_val)
    rt_ret_val2                              0x00005f01   Thumb Code    16  hal_cm.o(i.rt_ret_val2)
    rt_rmv_dly                               0x00005f11   Thumb Code    40  rt_list.o(i.rt_rmv_dly)
    rt_rmv_list                              0x00005f39   Thumb Code    44  rt_list.o(i.rt_rmv_list)
    rt_sem_psh                               0x00005f69   Thumb Code    48  rt_semaphore.o(i.rt_sem_psh)
    rt_stk_check                             0x00005f9d   Thumb Code    28  rt_system.o(i.rt_stk_check)
    rt_switch_req                            0x00005fc1   Thumb Code    30  rt_task.o(i.rt_switch_req)
    rt_sys_init                              0x00005fe9   Thumb Code   138  rt_task.o(i.rt_sys_init)
    rt_sys_start                             0x000060b5   Thumb Code   110  rt_task.o(i.rt_sys_start)
    rt_systick                               0x0000612d   Thumb Code    50  rt_system.o(i.rt_systick)
    rt_tsk_create                            0x000061b5   Thumb Code   118  rt_task.o(i.rt_tsk_create)
    rt_tsk_delete                            0x0000623d   Thumb Code   352  rt_task.o(i.rt_tsk_delete)
    rt_tsk_prio                              0x000063b9   Thumb Code   108  rt_task.o(i.rt_tsk_prio)
    rt_tsk_self                              0x00006435   Thumb Code    12  rt_task.o(i.rt_tsk_self)
    saadc_init                               0x000064a1   Thumb Code   148  curr_saadc.o(i.saadc_init)
    saadc_sampling_event_enable              0x00006545   Thumb Code    12  curr_saadc.o(i.saadc_sampling_event_enable)
    saadc_sampling_event_init                0x00006555   Thumb Code   152  curr_saadc.o(i.saadc_sampling_event_init)
    sqrt                                     0x00006707   Thumb Code   110  sqrt.o(i.sqrt)
    svcDelay                                 0x000067df   Thumb Code    18  rt_cmsis.o(i.svcDelay)
    svcKernelInitialize                      0x000067f1   Thumb Code    80  rt_cmsis.o(i.svcKernelInitialize)
    svcKernelStart                           0x00006861   Thumb Code    62  rt_cmsis.o(i.svcKernelStart)
    svcMailCreate                            0x000068a9   Thumb Code    66  rt_cmsis.o(i.svcMailCreate)
    svcMessageCreate                         0x000068eb   Thumb Code    36  rt_cmsis.o(i.svcMessageCreate)
    svcMessageGet                            0x0000690f   Thumb Code    58  rt_cmsis.o(i.svcMessageGet)
    svcMessagePut                            0x00006949   Thumb Code    54  rt_cmsis.o(i.svcMessagePut)
    svcSignalSet                             0x0000697f   Thumb Code    36  rt_cmsis.o(i.svcSignalSet)
    svcSignalWait                            0x000069a5   Thumb Code    80  rt_cmsis.o(i.svcSignalWait)
    svcThreadCreate                          0x000069f9   Thumb Code    96  rt_cmsis.o(i.svcThreadCreate)
    svcThreadGetId                           0x00006a65   Thumb Code    22  rt_cmsis.o(i.svcThreadGetId)
    svcThreadTerminate                       0x00006a81   Thumb Code    50  rt_cmsis.o(i.svcThreadTerminate)
    svcTimerCall                             0x00006ab9   Thumb Code    24  rt_cmsis.o(i.svcTimerCall)
    sysMailAlloc                             0x00006ad1   Thumb Code    84  rt_cmsis.o(i.sysMailAlloc)
    sysMailFree                              0x00006b29   Thumb Code    96  rt_cmsis.o(i.sysMailFree)
    sysTimerTick                             0x00006b89   Thumb Code    84  rt_cmsis.o(i.sysTimerTick)
    timer_handler                            0x00006be5   Thumb Code     2  curr_saadc.o(i.timer_handler)
    twi_init_mpu6050                         0x00006cc9   Thumb Code    34  mpu6050.o(i.twi_init_mpu6050)
    os_mailQ_def_mail_queue                  0x00007404   Data          12  print_server.o(.constdata)
    os_thread_def_PrintServer                0x00007410   Data          16  print_server.o(.constdata)
    rad_to_deg                               0x00007450   Data           4  mpu6050.o(.constdata)
    deg_to_rad                               0x00007454   Data           4  mpu6050.o(.constdata)
    os_mailQ_def_PID_PWM_mail_Q              0x00007458   Data          12  mpu6050.o(.constdata)
    os_mailQ_def_MPU_PID_mail_Q              0x00007464   Data          12  mpu6050.o(.constdata)
    os_mailQ_def_MPU_PWM_mail_Q              0x00007470   Data          12  mpu6050.o(.constdata)
    os_mailQ_def_PWM_CURRSAADC_mail_Q        0x0000747c   Data          12  mpu6050.o(.constdata)
    os_thread_def_Mpu_6050_thread            0x00007498   Data          16  mpu6050.o(.constdata)
    os_thread_def_PID_control                0x000074a8   Data          16  mpu6050.o(.constdata)
    os_thread_def_PWM                        0x000074b8   Data          16  mpu6050.o(.constdata)
    os_thread_def_SpiSlave                   0x00007530   Data          16  spi.o(.constdata)
    os_mailQ_def_spis_mail_Q                 0x00007540   Data          12  spi.o(.constdata)
    os_mailQ_def_SPIS_PID_mail_Q             0x0000754c   Data          12  spi.o(.constdata)
    os_maxtaskrun                            0x00007620   Data           2  rtx_conf_cm.o(.constdata)
    os_stackinfo                             0x00007624   Data           4  rtx_conf_cm.o(.constdata)
    os_rrobin                                0x00007628   Data           4  rtx_conf_cm.o(.constdata)
    os_tickfreq                              0x0000762c   Data           4  rtx_conf_cm.o(.constdata)
    os_tickus_i                              0x00007630   Data           2  rtx_conf_cm.o(.constdata)
    os_tickus_f                              0x00007632   Data           2  rtx_conf_cm.o(.constdata)
    os_trv                                   0x00007634   Data           4  rtx_conf_cm.o(.constdata)
    os_flags                                 0x00007638   Data           1  rtx_conf_cm.o(.constdata)
    CMSIS_RTOS_API_Version                   0x0000763c   Data           4  rtx_conf_cm.o(.constdata)
    CMSIS_RTOS_RTX_Version                   0x00007640   Data           4  rtx_conf_cm.o(.constdata)
    os_clockrate                             0x00007644   Data           4  rtx_conf_cm.o(.constdata)
    os_timernum                              0x00007648   Data           4  rtx_conf_cm.o(.constdata)
    mp_tcb_size                              0x0000764c   Data           2  rtx_conf_cm.o(.constdata)
    mp_stk_size                              0x00007650   Data           4  rtx_conf_cm.o(.constdata)
    os_stack_sz                              0x00007654   Data           4  rtx_conf_cm.o(.constdata)
    os_fifo_size                             0x00007658   Data           1  rtx_conf_cm.o(.constdata)
    os_thread_def_osTimerThread              0x0000765c   Data          16  rtx_conf_cm.o(.constdata)
    os_messageQ_def_osTimerMessageQ          0x0000766c   Data           8  rtx_conf_cm.o(.constdata)
    mp_tmr_size                              0x00007674   Data           2  rtx_conf_cm.o(.constdata)
    os_thread_def_main                       0x00007678   Data          16  rtx_conf_cm.o(.constdata)
    Region$$Table$$Base                      0x000077f8   Number         0  anon$$obj.o(Region$$Table)
    Region$$Table$$Limit                     0x00007818   Number         0  anon$$obj.o(Region$$Table)
    mail_box_id                              0x20000000   Data           4  print_server.o(.data)
    os_mailQ_p_mail_queue                    0x20000004   Data           8  print_server.o(.data)
    PrintServer_id                           0x2000000c   Data           4  print_server.o(.data)
    PWM_output                               0x20000028   Data           8  mpu6050.o(.data)
    Acc_error_x                              0x20000030   Data           4  mpu6050.o(.data)
    Acc_error_y                              0x20000034   Data           4  mpu6050.o(.data)
    Acc_error_z                              0x20000038   Data           4  mpu6050.o(.data)
    Gyro_raw_error_x                         0x2000003c   Data           4  mpu6050.o(.data)
    Gyro_raw_error_y                         0x20000040   Data           4  mpu6050.o(.data)
    Gyro_raw_error_z                         0x20000044   Data           4  mpu6050.o(.data)
    PID_PWM_mail_id                          0x20000048   Data           4  mpu6050.o(.data)
    os_mailQ_p_PID_PWM_mail_Q                0x2000004c   Data           8  mpu6050.o(.data)
    MPU_PID_mail_id                          0x20000054   Data           4  mpu6050.o(.data)
    os_mailQ_p_MPU_PID_mail_Q                0x20000058   Data           8  mpu6050.o(.data)
    MPU_PWM_mail_id                          0x20000060   Data           4  mpu6050.o(.data)
    os_mailQ_p_MPU_PWM_mail_Q                0x20000064   Data           8  mpu6050.o(.data)
    PWM_CURRSAADC_mail_id                    0x2000006c   Data           4  mpu6050.o(.data)
    os_mailQ_p_PWM_CURRSAADC_mail_Q          0x20000070   Data           8  mpu6050.o(.data)
    Mpu_6050_id                              0x20000078   Data           4  mpu6050.o(.data)
    PID_id                                   0x2000007c   Data           4  mpu6050.o(.data)
    PWM_thread_id                            0x20000080   Data           4  mpu6050.o(.data)
    state                                    0x20000088   Data           1  curr_saadc.o(.data)
    var                                      0x2000008a   Data           8  curr_saadc.o(.data)
    spis_thread_id                           0x200000a0   Data           4  spi.o(.data)
    os_mailQ_p_spis_mail_Q                   0x200000a4   Data           8  spi.o(.data)
    spis_mail_ID                             0x200000ac   Data           4  spi.o(.data)
    os_mailQ_p_SPIS_PID_mail_Q               0x200000b0   Data           8  spi.o(.data)
    SPIS_PID_mail_ID                         0x200000b8   Data           4  spi.o(.data)
    osThreadId_osTimerThread                 0x200000e4   Data           4  rtx_conf_cm.o(.data)
    osMessageQId_osTimerMessageQ             0x200000e8   Data           4  rtx_conf_cm.o(.data)
    os_tmr                                   0x200000ec   Data           4  rtx_conf_cm.o(.data)
    m_tmr                                    0x200000f0   Data           4  rtx_conf_cm.o(.data)
    SystemCoreClock                          0x200000f4   Data           4  system_nrf52.o(.data)
    os_initialized                           0x200000f8   Data           1  rt_cmsis.o(.data)
    os_running                               0x200000f9   Data           1  rt_cmsis.o(.data)
    os_timer_head                            0x200000fc   Data           4  rt_cmsis.o(.data)
    os_tsk                                   0x20000100   Data           8  rt_task.o(.data)
    os_tick_irqn                             0x2000010c   Data           4  rt_system.o(.data)
    os_time                                  0x20000110   Data           4  rt_time.o(.data)
    dbg_msg                                  0x20000114   Data           1  hal_cm.o(.data)
    os_robin                                 0x20000118   Data           8  rt_robin.o(.data)
    os_mailQ_q_mail_queue                    0x20000124   Data         272  print_server.o(.bss)
    os_mailQ_m_mail_queue                    0x20000234   Data        4108  print_server.o(.bss)
    os_mailQ_q_PID_PWM_mail_Q                0x20001240   Data          48  mpu6050.o(.bss)
    os_mailQ_m_PID_PWM_mail_Q                0x20001270   Data          76  mpu6050.o(.bss)
    os_mailQ_q_MPU_PID_mail_Q                0x200012bc   Data          48  mpu6050.o(.bss)
    os_mailQ_m_MPU_PID_mail_Q                0x200012ec   Data          76  mpu6050.o(.bss)
    os_mailQ_q_MPU_PWM_mail_Q                0x20001338   Data          48  mpu6050.o(.bss)
    os_mailQ_m_MPU_PWM_mail_Q                0x20001368   Data          76  mpu6050.o(.bss)
    os_mailQ_q_PWM_CURRSAADC_mail_Q          0x200013b4   Data          48  mpu6050.o(.bss)
    os_mailQ_m_PWM_CURRSAADC_mail_Q          0x200013e4   Data         140  mpu6050.o(.bss)
    os_mailQ_q_spis_mail_Q                   0x20001498   Data          48  spi.o(.bss)
    os_mailQ_m_spis_mail_Q                   0x200014c8   Data         204  spi.o(.bss)
    os_mailQ_q_SPIS_PID_mail_Q               0x20001594   Data          48  spi.o(.bss)
    os_mailQ_m_SPIS_PID_mail_Q               0x200015c4   Data          44  spi.o(.bss)
    mp_tcb                                   0x20001728   Data         376  rtx_conf_cm.o(.bss)
    mp_stk                                   0x200018a0   Data        6160  rtx_conf_cm.o(.bss)
    os_stack_mem                             0x200030b0   Data        2280  rtx_conf_cm.o(.bss)
    os_fifo                                  0x20003998   Data         132  rtx_conf_cm.o(.bss)
    os_active_TCB                            0x20003a1c   Data          28  rtx_conf_cm.o(.bss)
    os_messageQ_q_osTimerMessageQ            0x20003a38   Data          32  rtx_conf_cm.o(.bss)
    os_idle_TCB                              0x20003a58   Data          52  rt_task.o(.bss)
    os_rdy                                   0x20003a8c   Data          24  rt_list.o(.bss)
    os_dly                                   0x20003aa4   Data          24  rt_list.o(.bss)
    __initial_sp                             0x20005ac0   Data           0  arm_startup_nrf52.o(STACK)



==============================================================================

Memory Map of the image

  Image Entry point : 0x000003bd

  Load Region LR_1 (Base: 0x00000000, Size: 0x0000793c, Max: 0xffffffff, ABSOLUTE)

    Execution Region ER_RO (Exec base: 0x00000000, Load base: 0x00000000, Size: 0x00007818, Max: 0xffffffff, ABSOLUTE)

    Exec Addr    Load Addr    Size         Type   Attr      Idx    E Section Name        Object

    0x00000000   0x00000000   0x00000200   Data   RO         3119    RESET               arm_startup_nrf52.o
    0x00000200   0x00000200   0x00000000   Code   RO         4468  * .ARM.Collect$$$$00000000  mc_w.l(entry.o)
    0x00000200   0x00000200   0x00000004   Code   RO         4603    .ARM.Collect$$$$00000001  mc_w.l(entry2.o)
    0x00000204   0x00000204   0x00000004   Code   RO         4606    .ARM.Collect$$$$00000004  mc_w.l(entry5.o)
    0x00000208   0x00000208   0x00000000   Code   RO         4608    .ARM.Collect$$$$00000008  mc_w.l(entry7b.o)
    0x00000208   0x00000208   0x00000000   Code   RO         4610    .ARM.Collect$$$$0000000A  mc_w.l(entry8b.o)
    0x00000208   0x00000208   0x00000000   Code   RO         4611    .ARM.Collect$$$$0000000D  mc_w.l(entry10a.o)
    0x00000208   0x00000208   0x00000000   Code   RO         4613    .ARM.Collect$$$$0000000F  mc_w.l(entry11a.o)
    0x00000208   0x00000208   0x00000018   Code   RO         3082    .ARM.Collect$$$$000000FF  rtx_conf_cm.o
    0x00000220   0x00000220   0x00000004   Code   RO         4604    .ARM.Collect$$$$00002712  mc_w.l(entry2.o)
    0x00000224   0x00000224   0x00000198   Code   RO         4429    .emb_text           RTX_CM4.lib(hal_cm4.o)
    0x000003bc   0x000003bc   0x00000024   Code   RO         3120  * .text               arm_startup_nrf52.o
    0x000003e0   0x000003e0   0x00000062   Code   RO         4471    .text               mc_w.l(uldiv.o)
    0x00000442   0x00000442   0x00000020   Code   RO         4473    .text               mc_w.l(llushr.o)
    0x00000462   0x00000462   0x00000024   Code   RO         4475    .text               mc_w.l(memcpya.o)
    0x00000486   0x00000486   0x00000024   Code   RO         4477    .text               mc_w.l(memseta.o)
    0x000004aa   0x000004aa   0x0000000e   Code   RO         4479    .text               mc_w.l(strlen.o)
    0x000004b8   0x000004b8   0x0000014e   Code   RO         4539    .text               mf_w.l(dadd.o)
    0x00000606   0x00000606   0x000000e4   Code   RO         4541    .text               mf_w.l(dmul.o)
    0x000006ea   0x000006ea   0x000000de   Code   RO         4543    .text               mf_w.l(ddiv.o)
    0x000007c8   0x000007c8   0x00000022   Code   RO         4545    .text               mf_w.l(dflti.o)
    0x000007ea   0x000007ea   0x0000003e   Code   RO         4547    .text               mf_w.l(dfixi.o)
    0x00000828   0x00000828   0x00000026   Code   RO         4549    .text               mf_w.l(f2d.o)
    0x0000084e   0x0000084e   0x00000038   Code   RO         4551    .text               mf_w.l(d2f.o)
    0x00000886   0x00000886   0x0000002c   Code   RO         4618    .text               mc_w.l(uidiv.o)
    0x000008b2   0x000008b2   0x0000001e   Code   RO         4620    .text               mc_w.l(llshl.o)
    0x000008d0   0x000008d0   0x00000024   Code   RO         4622    .text               mc_w.l(llsshr.o)
    0x000008f4   0x000008f4   0x00000000   Code   RO         4633    .text               mc_w.l(iusefp.o)
    0x000008f4   0x000008f4   0x0000006e   Code   RO         4634    .text               mf_w.l(fepilogue.o)
    0x00000962   0x00000962   0x000000ba   Code   RO         4636    .text               mf_w.l(depilogue.o)
    0x00000a1c   0x00000a1c   0x00000030   Code   RO         4640    .text               mf_w.l(dfixul.o)
    0x00000a4c   0x00000a4c   0x00000030   Code   RO         4642    .text               mf_w.l(cdrcmple.o)
    0x00000a7c   0x00000a7c   0x00000024   Code   RO         4644    .text               mc_w.l(init.o)
    0x00000aa0   0x00000aa0   0x000000a2   Code   RO         4648    .text               mf_w.l(dsqrt.o)
    0x00000b42   0x00000b42   0x0000001a   Code   RO         4650    .text               mf_w.l(dfltui.o)
    0x00000b5c   0x00000b5c   0x0000003a   Code   RO         3220    .text.arm_pid_init_f32  arm_cortexM4lf_math.lib(arm_pid_init_f32.o)
    0x00000b96   0x00000b96   0x00000002   PAD
    0x00000b98   0x00000b98   0x00000004   Code   RO         4439    SVC_TABLE           RTX_CM4.lib(svc_table.o)
    0x00000b9c   0x00000b9c   0x0000021c   Code   RO         1293    i.GPIOTE_IRQHandler  nrfx_gpiote.o
    0x00000db8   0x00000db8   0x0000039c   Code   RO          285    i.Mpu_6050_thread   mpu6050.o
    0x00001154   0x00001154   0x00000240   Code   RO          286    i.PID_control       mpu6050.o
    0x00001394   0x00001394   0x00000164   Code   RO          287    i.PWM               mpu6050.o
    0x000014f8   0x000014f8   0x00000014   Code   RO         2954    i.PWM0_IRQHandler   nrfx_pwm.o
    0x0000150c   0x0000150c   0x00000030   Code   RO          288    i.PWM_init          mpu6050.o
    0x0000153c   0x0000153c   0x00000040   Code   RO          222    i.PrintServer       print_server.o
    0x0000157c   0x0000157c   0x00000060   Code   RO          223    i.PrintServerInit   print_server.o
    0x000015dc   0x000015dc   0x0000003c   Code   RO          224    i.PrintServerPrintf  print_server.o
    0x00001618   0x00001618   0x00000010   Code   RO          489    i.SAADC_INIT        curr_saadc.o
    0x00001628   0x00001628   0x000001cc   Code   RO         1997    i.SAADC_IRQHandler  nrfx_saadc.o
    0x000017f4   0x000017f4   0x00000014   Code   RO         2785    i.SPIM0_SPIS0_TWIM0_TWIS0_SPI0_TWI0_IRQHandler  nrfx_spis.o
    0x00001808   0x00001808   0x00000014   Code   RO         2477    i.SPIM1_SPIS1_TWIM1_TWIS1_SPI1_TWI1_IRQHandler  nrfx_twi.o
    0x0000181c   0x0000181c   0x00000014   Code   RO         2786    i.SPIM2_SPIS2_SPI2_IRQHandler  nrfx_spis.o
    0x00001830   0x00001830   0x000000d0   Code   RO          490    i.Saadc_Callback    curr_saadc.o
    0x00001900   0x00001900   0x00000070   Code   RO          681    i.SpiSlave          spi.o
    0x00001970   0x00001970   0x00000074   Code   RO          682    i.SpisEventHandler  spi.o
    0x000019e4   0x000019e4   0x000000cc   Code   RO          683    i.SpisInit          spi.o
    0x00001ab0   0x00001ab0   0x00000010   Code   RO         3127    i.SystemCoreClockUpdate  system_nrf52.o
    0x00001ac0   0x00001ac0   0x00000298   Code   RO         3128    i.SystemInit        system_nrf52.o
    0x00001d58   0x00001d58   0x00000018   Code   RO         2154    i.TIMER0_IRQHandler  nrfx_timer.o
    0x00001d70   0x00001d70   0x00000020   Code   RO          428    i.TIMER1_IRQHandler  timer.o
    0x00001d90   0x00001d90   0x00000090   Code   RO          429    i.TimerInit         timer.o
    0x00001e20   0x00001e20   0x0000009c   Code   RO          430    i.TimerIntervalMicrosec  timer.o
    0x00001ebc   0x00001ebc   0x00000030   Code   RO          432    i.TimerSecondsMicrosec  timer.o
    0x00001eec   0x00001eec   0x00000014   Code   RO         1041    i.UARTE0_UART0_IRQHandler  nrfx_uart.o
    0x00001f00   0x00001f00   0x0000002c   Code   RO         4489    i.__0vsnprintf      mc_w.l(printfa.o)
    0x00001f2c   0x00001f2c   0x00000030   Code   RO         4576    i.__ARM_fpclassify  m_wm.l(fpclassify.o)
    0x00001f5c   0x00001f5c   0x00000004   PAD
    0x00001f60   0x00001f60   0x00000360   Code   RO         4442    i.__hardfp_asin     m_wm.l(asin.o)
    0x000022c0   0x000022c0   0x000000c8   Code   RO         4456    i.__hardfp_sin      m_wm.l(sin.o)
    0x00002388   0x00002388   0x00000438   Code   RO         4580    i.__ieee754_rem_pio2  m_wm.l(rred.o)
    0x000027c0   0x000027c0   0x00000170   Code   RO         4553    i.__kernel_cos      m_wm.l(cos_i.o)
    0x00002930   0x00002930   0x000000f8   Code   RO         4578    i.__kernel_poly     m_wm.l(poly.o)
    0x00002a28   0x00002a28   0x00000130   Code   RO         4585    i.__kernel_sin      m_wm.l(sin_i.o)
    0x00002b58   0x00002b58   0x00000014   Code   RO         4557    i.__mathlib_dbl_infnan  m_wm.l(dunder.o)
    0x00002b6c   0x00002b6c   0x00000004   PAD
    0x00002b70   0x00002b70   0x00000020   Code   RO         4559    i.__mathlib_dbl_invalid  m_wm.l(dunder.o)
    0x00002b90   0x00002b90   0x00000020   Code   RO         4562    i.__mathlib_dbl_underflow  m_wm.l(dunder.o)
    0x00002bb0   0x00002bb0   0x0000000e   Code   RO         4656    i.__scatterload_copy  mc_w.l(handlers.o)
    0x00002bbe   0x00002bbe   0x00000002   Code   RO         4657    i.__scatterload_null  mc_w.l(handlers.o)
    0x00002bc0   0x00002bc0   0x0000000e   Code   RO         4658    i.__scatterload_zeroinit  mc_w.l(handlers.o)
    0x00002bce   0x00002bce   0x00000002   PAD
    0x00002bd0   0x00002bd0   0x0000000c   Code   RO         4628    i.__set_errno       mc_w.l(errno.o)
    0x00002bdc   0x00002bdc   0x00000184   Code   RO         4491    i._fp_digits        mc_w.l(printfa.o)
    0x00002d60   0x00002d60   0x00000046   Code   RO         4302    i._init_box         RTX_CM4.lib(rt_membox.o)
    0x00002da6   0x00002da6   0x00000002   PAD
    0x00002da8   0x00002da8   0x000006dc   Code   RO         4492    i._printf_core      mc_w.l(printfa.o)
    0x00003484   0x00003484   0x00000024   Code   RO         4493    i._printf_post_padding  mc_w.l(printfa.o)
    0x000034a8   0x000034a8   0x0000002e   Code   RO         4494    i._printf_pre_padding  mc_w.l(printfa.o)
    0x000034d6   0x000034d6   0x00000016   Code   RO         4495    i._snputc           mc_w.l(printfa.o)
    0x000034ec   0x000034ec   0x0000000a   Code   RO          978    i.app_util_critical_region_enter  app_util_platform.o
    0x000034f6   0x000034f6   0x0000000a   Code   RO          979    i.app_util_critical_region_exit  app_util_platform.o
    0x00003500   0x00003500   0x00000014   Code   RO          980    i.app_util_disable_irq  app_util_platform.o
    0x00003514   0x00003514   0x00000018   Code   RO          981    i.app_util_enable_irq  app_util_platform.o
    0x0000352c   0x0000352c   0x0000007c   Code   RO         1042    i.apply_config      nrfx_uart.o
    0x000035a8   0x000035a8   0x00000020   Code   RO         1294    i.channel_free      nrfx_gpiote.o
    0x000035c8   0x000035c8   0x00000010   Code   RO         1295    i.channel_handler_get  nrfx_gpiote.o
    0x000035d8   0x000035d8   0x00000080   Code   RO         1296    i.channel_port_alloc  nrfx_gpiote.o
    0x00003658   0x00003658   0x0000000c   Code   RO         1297    i.channel_port_get  nrfx_gpiote.o
    0x00003664   0x00003664   0x000000c2   Code   RO         2955    i.configure_pins    nrfx_pwm.o
    0x00003726   0x00003726   0x00000002   Code   RO         2787    i.csn_event_handler  nrfx_spis.o
    0x00003728   0x00003728   0x00000030   Code   RO         4355    i.dbg_init          RTX_CM4.lib(hal_cm.o)
    0x00003758   0x00003758   0x00000020   Code   RO         4356    i.dbg_task_notify   RTX_CM4.lib(hal_cm.o)
    0x00003778   0x00003778   0x00000010   Code   RO         4357    i.dbg_task_switch   RTX_CM4.lib(hal_cm.o)
    0x00003788   0x00003788   0x00000054   Code   RO         3129    i.errata_108        system_nrf52.o
    0x000037dc   0x000037dc   0x00000054   Code   RO         3130    i.errata_12         system_nrf52.o
    0x00003830   0x00003830   0x00000054   Code   RO         3131    i.errata_136        system_nrf52.o
    0x00003884   0x00003884   0x00000030   Code   RO         3132    i.errata_16         system_nrf52.o
    0x000038b4   0x000038b4   0x00000020   Code   RO         3133    i.errata_182        system_nrf52.o
    0x000038d4   0x000038d4   0x00000054   Code   RO         3134    i.errata_31         system_nrf52.o
    0x00003928   0x00003928   0x00000030   Code   RO         3135    i.errata_32         system_nrf52.o
    0x00003958   0x00003958   0x00000054   Code   RO         3136    i.errata_36         system_nrf52.o
    0x000039ac   0x000039ac   0x00000030   Code   RO         3137    i.errata_37         system_nrf52.o
    0x000039dc   0x000039dc   0x00000030   Code   RO         3138    i.errata_57         system_nrf52.o
    0x00003a0c   0x00003a0c   0x00000030   Code   RO         3139    i.errata_66         system_nrf52.o
    0x00003a3c   0x00003a3c   0x00000018   Code   RO         4572    i.fabs              m_wm.l(fabs.o)
    0x00003a54   0x00003a54   0x0000008c   Code   RO         1044    i.interrupts_enable  nrfx_uart.o
    0x00003ae0   0x00003ae0   0x0000005c   Code   RO         2155    i.irq_handler       nrfx_timer.o
    0x00003b3c   0x00003b3c   0x000000a4   Code   RO         2956    i.irq_handler       nrfx_pwm.o
    0x00003be0   0x00003be0   0x00000020   Code   RO         1826    i.is_allocated_channel  nrfx_ppi.o
    0x00003c00   0x00003c00   0x00000010   Code   RO         1828    i.is_app_channel    nrfx_ppi.o
    0x00003c10   0x00003c10   0x00000018   Code   RO         1830    i.is_programmable_app_channel  nrfx_ppi.o
    0x00003c28   0x00003c28   0x0000002a   Code   RO         3232    i.isrMessageGet     RTX_CM4.lib(rt_cmsis.o)
    0x00003c52   0x00003c52   0x0000002c   Code   RO         3233    i.isrMessagePut     RTX_CM4.lib(rt_cmsis.o)
    0x00003c7e   0x00003c7e   0x00000024   Code   RO         3235    i.isrSignalSet      RTX_CM4.lib(rt_cmsis.o)
    0x00003ca2   0x00003ca2   0x00000002   PAD
    0x00003ca4   0x00003ca4   0x00000028   Code   RO         4026    i.isr_evt_set       RTX_CM4.lib(rt_event.o)
    0x00003ccc   0x00003ccc   0x00000056   Code   RO         4148    i.isr_mbx_receive   RTX_CM4.lib(rt_mailbox.o)
    0x00003d22   0x00003d22   0x0000000e   Code   RO         4149    i.isr_mbx_send      RTX_CM4.lib(rt_mailbox.o)
    0x00003d30   0x00003d30   0x0000003c   Code   RO            4    i.main              main.o
    0x00003d6c   0x00003d6c   0x00000058   Code   RO          290    i.mpu_6050_I2C_register_read  mpu6050.o
    0x00003dc4   0x00003dc4   0x0000010c   Code   RO          292    i.mpu_6050_init     mpu6050.o
    0x00003ed0   0x00003ed0   0x00000080   Code   RO          293    i.mpu_6050_read_acc  mpu6050.o
    0x00003f50   0x00003f50   0x0000008c   Code   RO          294    i.mpu_6050_read_gyro  mpu6050.o
    0x00003fdc   0x00003fdc   0x00000016   Code   RO         1298    i.nrf_bitmask_bit_is_set  nrfx_gpiote.o
    0x00003ff2   0x00003ff2   0x00000016   Code   RO         1299    i.nrf_bitmask_bit_set  nrfx_gpiote.o
    0x00004008   0x00004008   0x0000001c   Code   RO         1607    i.nrf_drv_ppi_init  nrf_drv_ppi.o
    0x00004024   0x00004024   0x0000002c   Code   RO         2754    i.nrf_drv_spis_init  nrf_drv_spis.o
    0x00004050   0x00004050   0x00000050   Code   RO         2685    i.nrf_drv_twi_init  nrf_drv_twi.o
    0x000040a0   0x000040a0   0x0000002c   Code   RO          295    i.nrf_drv_twi_tx    mpu6050.o
    0x000040cc   0x000040cc   0x00000028   Code   RO         1045    i.nrf_gpio_cfg      nrfx_uart.o
    0x000040f4   0x000040f4   0x00000028   Code   RO         1300    i.nrf_gpio_cfg      nrfx_gpiote.o
    0x0000411c   0x0000411c   0x00000028   Code   RO         2478    i.nrf_gpio_cfg      nrfx_twi.o
    0x00004144   0x00004144   0x00000028   Code   RO         2788    i.nrf_gpio_cfg      nrfx_spis.o
    0x0000416c   0x0000416c   0x0000001a   Code   RO         1047    i.nrf_gpio_cfg_input  nrfx_uart.o
    0x00004186   0x00004186   0x00000018   Code   RO         1048    i.nrf_gpio_cfg_output  nrfx_uart.o
    0x0000419e   0x0000419e   0x00000032   Code   RO         1302    i.nrf_gpio_cfg_sense_set  nrfx_gpiote.o
    0x000041d0   0x000041d0   0x00000016   Code   RO         2686    i.nrf_gpio_pin_clear  nrf_drv_twi.o
    0x000041e6   0x000041e6   0x00000018   Code   RO         1304    i.nrf_gpio_pin_read  nrfx_gpiote.o
    0x000041fe   0x000041fe   0x00000016   Code   RO         1049    i.nrf_gpio_pin_set  nrfx_uart.o
    0x00004214   0x00004214   0x00000016   Code   RO         2687    i.nrf_gpio_pin_set  nrf_drv_twi.o
    0x0000422a   0x0000422a   0x00000002   PAD
    0x0000422c   0x0000422c   0x00000028   Code   RO         1306    i.nrf_gpio_ports_read  nrfx_gpiote.o
    0x00004254   0x00004254   0x0000000c   Code   RO         1307    i.nrf_gpiote_event_addr_get  nrfx_gpiote.o
    0x00004260   0x00004260   0x0000001c   Code   RO         1308    i.nrf_gpiote_event_clear  nrfx_gpiote.o
    0x0000427c   0x0000427c   0x00000016   Code   RO         1309    i.nrf_gpiote_event_is_set  nrfx_gpiote.o
    0x00004292   0x00004292   0x00000002   PAD
    0x00004294   0x00004294   0x0000000c   Code   RO         1310    i.nrf_gpiote_int_enable  nrfx_gpiote.o
    0x000042a0   0x000042a0   0x0000000e   Code   RO         2957    i.nrf_pwm_event_check  nrfx_pwm.o
    0x000042ae   0x000042ae   0x0000000e   Code   RO         2958    i.nrf_pwm_event_clear  nrfx_pwm.o
    0x000042bc   0x000042bc   0x00000006   Code   RO         2959    i.nrf_pwm_int_set   nrfx_pwm.o
    0x000042c2   0x000042c2   0x00000006   Code   RO         2960    i.nrf_pwm_loop_set  nrfx_pwm.o
    0x000042c8   0x000042c8   0x0000003c   Code   RO         2961    i.nrf_pwm_sequence_set  nrfx_pwm.o
    0x00004304   0x00004304   0x00000006   Code   RO         2962    i.nrf_pwm_shorts_set  nrfx_pwm.o
    0x0000430a   0x0000430a   0x00000006   Code   RO         2963    i.nrf_pwm_task_trigger  nrfx_pwm.o
    0x00004310   0x00004310   0x00000010   Code   RO         1998    i.nrf_saadc_buffer_init  nrfx_saadc.o
    0x00004320   0x00004320   0x00000018   Code   RO         1999    i.nrf_saadc_channel_input_set  nrfx_saadc.o
    0x00004338   0x00004338   0x00000014   Code   RO         2000    i.nrf_saadc_event_check  nrfx_saadc.o
    0x0000434c   0x0000434c   0x00000018   Code   RO         2001    i.nrf_saadc_event_clear  nrfx_saadc.o
    0x00004364   0x00004364   0x0000000c   Code   RO         2002    i.nrf_saadc_int_disable  nrfx_saadc.o
    0x00004370   0x00004370   0x0000000c   Code   RO         2003    i.nrf_saadc_int_enable  nrfx_saadc.o
    0x0000437c   0x0000437c   0x0000000c   Code   RO         2005    i.nrf_saadc_task_trigger  nrfx_saadc.o
    0x00004388   0x00004388   0x0000000e   Code   RO         2789    i.nrf_spis_event_check  nrfx_spis.o
    0x00004396   0x00004396   0x0000000e   Code   RO         2790    i.nrf_spis_event_clear  nrfx_spis.o
    0x000043a4   0x000043a4   0x0000000c   Code   RO         2791    i.nrf_spis_rx_buffer_set  nrfx_spis.o
    0x000043b0   0x000043b0   0x00000006   Code   RO         2792    i.nrf_spis_task_trigger  nrfx_spis.o
    0x000043b6   0x000043b6   0x0000000c   Code   RO         2793    i.nrf_spis_tx_buffer_set  nrfx_spis.o
    0x000043c2   0x000043c2   0x0000000e   Code   RO         2156    i.nrf_timer_compare_event_get  nrfx_timer.o
    0x000043d0   0x000043d0   0x0000000a   Code   RO         2157    i.nrf_timer_compare_int_get  nrfx_timer.o
    0x000043da   0x000043da   0x0000000e   Code   RO         2158    i.nrf_timer_event_clear  nrfx_timer.o
    0x000043e8   0x000043e8   0x00000006   Code   RO         2159    i.nrf_timer_int_disable  nrfx_timer.o
    0x000043ee   0x000043ee   0x00000006   Code   RO         2160    i.nrf_timer_int_enable  nrfx_timer.o
    0x000043f4   0x000043f4   0x0000000c   Code   RO         2161    i.nrf_timer_shorts_disable  nrfx_timer.o
    0x00004400   0x00004400   0x00000006   Code   RO         2162    i.nrf_timer_task_trigger  nrfx_timer.o
    0x00004406   0x00004406   0x0000000c   Code   RO         2480    i.nrf_twi_errorsrc_get_and_clear  nrfx_twi.o
    0x00004412   0x00004412   0x0000000e   Code   RO         2481    i.nrf_twi_event_check  nrfx_twi.o
    0x00004420   0x00004420   0x0000000e   Code   RO         2482    i.nrf_twi_event_clear  nrfx_twi.o
    0x0000442e   0x0000442e   0x00000006   Code   RO         2483    i.nrf_twi_int_disable  nrfx_twi.o
    0x00004434   0x00004434   0x00000006   Code   RO         2484    i.nrf_twi_int_enable  nrfx_twi.o
    0x0000443a   0x0000443a   0x00000006   Code   RO         2485    i.nrf_twi_shorts_set  nrfx_twi.o
    0x00004440   0x00004440   0x00000006   Code   RO         2486    i.nrf_twi_task_trigger  nrfx_twi.o
    0x00004446   0x00004446   0x0000000c   Code   RO         1050    i.nrf_uart_errorsrc_get_and_clear  nrfx_uart.o
    0x00004452   0x00004452   0x0000000e   Code   RO         1051    i.nrf_uart_event_check  nrfx_uart.o
    0x00004460   0x00004460   0x0000000e   Code   RO         1052    i.nrf_uart_event_clear  nrfx_uart.o
    0x0000446e   0x0000446e   0x0000000a   Code   RO         1053    i.nrf_uart_hwfc_pins_set  nrfx_uart.o
    0x00004478   0x00004478   0x00000006   Code   RO         1054    i.nrf_uart_int_disable  nrfx_uart.o
    0x0000447e   0x0000447e   0x00000006   Code   RO         1055    i.nrf_uart_int_enable  nrfx_uart.o
    0x00004484   0x00004484   0x00000012   Code   RO         1056    i.nrf_uart_int_enable_check  nrfx_uart.o
    0x00004496   0x00004496   0x00000006   Code   RO         1057    i.nrf_uart_task_trigger  nrfx_uart.o
    0x0000449c   0x0000449c   0x0000000a   Code   RO         1058    i.nrf_uart_txrx_pins_set  nrfx_uart.o
    0x000044a6   0x000044a6   0x00000002   PAD
    0x000044a8   0x000044a8   0x00000018   Code   RO         2688    i.nrfx_coredep_delay_us  nrf_drv_twi.o
    0x000044c0   0x000044c0   0x00000008   Code   RO         1059    i.nrfx_get_irq_number  nrfx_uart.o
    0x000044c8   0x000044c8   0x00000008   Code   RO         2163    i.nrfx_get_irq_number  nrfx_timer.o
    0x000044d0   0x000044d0   0x00000008   Code   RO         2487    i.nrfx_get_irq_number  nrfx_twi.o
    0x000044d8   0x000044d8   0x00000008   Code   RO         2794    i.nrfx_get_irq_number  nrfx_spis.o
    0x000044e0   0x000044e0   0x00000008   Code   RO         2964    i.nrfx_get_irq_number  nrfx_pwm.o
    0x000044e8   0x000044e8   0x000000ac   Code   RO         1317    i.nrfx_gpiote_in_event_enable  nrfx_gpiote.o
    0x00004594   0x00004594   0x000000f4   Code   RO         1318    i.nrfx_gpiote_in_init  nrfx_gpiote.o
    0x00004688   0x00004688   0x000000b8   Code   RO         1321    i.nrfx_gpiote_init  nrfx_gpiote.o
    0x00004740   0x00004740   0x00000014   Code   RO         2795    i.nrfx_is_in_ram    nrfx_spis.o
    0x00004754   0x00004754   0x0000006c   Code   RO         1833    i.nrfx_ppi_channel_alloc  nrfx_ppi.o
    0x000047c0   0x000047c0   0x00000048   Code   RO         1834    i.nrfx_ppi_channel_assign  nrfx_ppi.o
    0x00004808   0x00004808   0x0000003c   Code   RO         1836    i.nrfx_ppi_channel_enable  nrfx_ppi.o
    0x00004844   0x00004844   0x00000008   Code   RO         1839    i.nrfx_ppi_channel_to_mask  nrfx_ppi.o
    0x0000484c   0x0000484c   0x0000010c   Code   RO         2966    i.nrfx_pwm_init     nrfx_pwm.o
    0x00004958   0x00004958   0x00000084   Code   RO         2968    i.nrfx_pwm_simple_playback  nrfx_pwm.o
    0x000049dc   0x000049dc   0x000000c0   Code   RO         2008    i.nrfx_saadc_buffer_convert  nrfx_saadc.o
    0x00004a9c   0x00004a9c   0x000000d8   Code   RO         2010    i.nrfx_saadc_channel_init  nrfx_saadc.o
    0x00004b74   0x00004b74   0x000000f0   Code   RO         2012    i.nrfx_saadc_init   nrfx_saadc.o
    0x00004c64   0x00004c64   0x00000020   Code   RO         2017    i.nrfx_saadc_sample_task_get  nrfx_saadc.o
    0x00004c84   0x00004c84   0x000000a8   Code   RO         2796    i.nrfx_spis_buffers_set  nrfx_spis.o
    0x00004d2c   0x00004d2c   0x000001f4   Code   RO         2797    i.nrfx_spis_init    nrfx_spis.o
    0x00004f20   0x00004f20   0x00000048   Code   RO         2166    i.nrfx_timer_compare  nrfx_timer.o
    0x00004f68   0x00004f68   0x00000024   Code   RO         2170    i.nrfx_timer_enable  nrfx_timer.o
    0x00004f8c   0x00004f8c   0x00000042   Code   RO         2171    i.nrfx_timer_extended_compare  nrfx_timer.o
    0x00004fce   0x00004fce   0x00000002   PAD
    0x00004fd0   0x00004fd0   0x000000f4   Code   RO         2173    i.nrfx_timer_init   nrfx_timer.o
    0x000050c4   0x000050c4   0x00000028   Code   RO         2490    i.nrfx_twi_enable   nrfx_twi.o
    0x000050ec   0x000050ec   0x00000100   Code   RO         2491    i.nrfx_twi_init     nrfx_twi.o
    0x000051ec   0x000051ec   0x00000030   Code   RO         2493    i.nrfx_twi_rx       nrfx_twi.o
    0x0000521c   0x0000521c   0x0000003e   Code   RO         2495    i.nrfx_twi_tx       nrfx_twi.o
    0x0000525a   0x0000525a   0x00000002   PAD
    0x0000525c   0x0000525c   0x00000030   Code   RO         2497    i.nrfx_twi_xfer     nrfx_twi.o
    0x0000528c   0x0000528c   0x0000006c   Code   RO         1061    i.nrfx_uart_init    nrfx_uart.o
    0x000052f8   0x000052f8   0x0000008c   Code   RO         1067    i.nrfx_uart_tx      nrfx_uart.o
    0x00005384   0x00005384   0x00000024   Code   RO         1069    i.nrfx_uart_tx_in_progress  nrfx_uart.o
    0x000053a8   0x000053a8   0x00000018   Code   RO         3236    i.osDelay           RTX_CM4.lib(rt_cmsis.o)
    0x000053c0   0x000053c0   0x00000024   Code   RO         3237    i.osKernelInitialize  RTX_CM4.lib(rt_cmsis.o)
    0x000053e4   0x000053e4   0x0000006c   Code   RO         3239    i.osKernelStart     RTX_CM4.lib(rt_cmsis.o)
    0x00005450   0x00005450   0x0000001c   Code   RO         3241    i.osMailAlloc       RTX_CM4.lib(rt_cmsis.o)
    0x0000546c   0x0000546c   0x0000002c   Code   RO         3243    i.osMailCreate      RTX_CM4.lib(rt_cmsis.o)
    0x00005498   0x00005498   0x0000001c   Code   RO         3244    i.osMailFree        RTX_CM4.lib(rt_cmsis.o)
    0x000054b4   0x000054b4   0x00000016   Code   RO         3245    i.osMailGet         RTX_CM4.lib(rt_cmsis.o)
    0x000054ca   0x000054ca   0x00000014   Code   RO         3246    i.osMailPut         RTX_CM4.lib(rt_cmsis.o)
    0x000054de   0x000054de   0x00000002   PAD
    0x000054e0   0x000054e0   0x00000018   Code   RO         3248    i.osMessageGet      RTX_CM4.lib(rt_cmsis.o)
    0x000054f8   0x000054f8   0x00000018   Code   RO         3249    i.osMessagePut      RTX_CM4.lib(rt_cmsis.o)
    0x00005510   0x00005510   0x00000018   Code   RO         3263    i.osSignalSet       RTX_CM4.lib(rt_cmsis.o)
    0x00005528   0x00005528   0x00000018   Code   RO         3264    i.osSignalWait      RTX_CM4.lib(rt_cmsis.o)
    0x00005540   0x00005540   0x0000002c   Code   RO         3265    i.osThreadCreate    RTX_CM4.lib(rt_cmsis.o)
    0x0000556c   0x0000556c   0x00000018   Code   RO         3266    i.osThreadExit      RTX_CM4.lib(rt_cmsis.o)
    0x00005584   0x00005584   0x0000000c   Code   RO         3272    i.osTimerCall       RTX_CM4.lib(rt_cmsis.o)
    0x00005590   0x00005590   0x0000002c   Code   RO         3277    i.osTimerThread     RTX_CM4.lib(rt_cmsis.o)
    0x000055bc   0x000055bc   0x00000022   Code   RO         3083    i.os_error          rtx_conf_cm.o
    0x000055de   0x000055de   0x00000004   Code   RO         3084    i.os_idle_demon     rtx_conf_cm.o
    0x000055e2   0x000055e2   0x00000002   PAD
    0x000055e4   0x000055e4   0x00000028   Code   RO         3936    i.os_tick_init      RTX_CM4.lib(rt_system.o)
    0x0000560c   0x0000560c   0x00000002   Code   RO         3937    i.os_tick_irqack    RTX_CM4.lib(rt_system.o)
    0x0000560e   0x0000560e   0x00000002   PAD
    0x00005610   0x00005610   0x00000014   Code   RO         1338    i.pin_configured_set  nrfx_gpiote.o
    0x00005624   0x00005624   0x0000001c   Code   RO         1339    i.pin_in_use_by_gpiote  nrfx_gpiote.o
    0x00005640   0x00005640   0x00000018   Code   RO         1340    i.pin_in_use_by_port  nrfx_gpiote.o
    0x00005658   0x00005658   0x00000020   Code   RO         1341    i.pin_in_use_by_te  nrfx_gpiote.o
    0x00005678   0x00005678   0x0000000c   Code   RO         1342    i.pin_in_use_clear  nrfx_gpiote.o
    0x00005684   0x00005684   0x0000001a   Code   RO         4303    i.rt_alloc_box      RTX_CM4.lib(rt_membox.o)
    0x0000569e   0x0000569e   0x0000003e   Code   RO         4331    i.rt_alloc_mem      RTX_CM4.lib(rt_memory.o)
    0x000056dc   0x000056dc   0x00000038   Code   RO         3851    i.rt_block          RTX_CM4.lib(rt_task.o)
    0x00005714   0x00005714   0x00000048   Code   RO         4408    i.rt_chk_robin      RTX_CM4.lib(rt_robin.o)
    0x0000575c   0x0000575c   0x00000070   Code   RO         4072    i.rt_dec_dly        RTX_CM4.lib(rt_list.o)
    0x000057cc   0x000057cc   0x00000044   Code   RO         3852    i.rt_dispatch       RTX_CM4.lib(rt_task.o)
    0x00005810   0x00005810   0x00000006   Code   RO         4238    i.rt_dly_wait       RTX_CM4.lib(rt_time.o)
    0x00005816   0x00005816   0x00000002   PAD
    0x00005818   0x00005818   0x00000050   Code   RO         4029    i.rt_evt_psh        RTX_CM4.lib(rt_event.o)
    0x00005868   0x00005868   0x0000005c   Code   RO         4030    i.rt_evt_set        RTX_CM4.lib(rt_event.o)
    0x000058c4   0x000058c4   0x0000003c   Code   RO         4031    i.rt_evt_wait       RTX_CM4.lib(rt_event.o)
    0x00005900   0x00005900   0x0000002c   Code   RO         4304    i.rt_free_box       RTX_CM4.lib(rt_membox.o)
    0x0000592c   0x0000592c   0x00000028   Code   RO         4332    i.rt_free_mem       RTX_CM4.lib(rt_memory.o)
    0x00005954   0x00005954   0x00000028   Code   RO         4073    i.rt_get_first      RTX_CM4.lib(rt_list.o)
    0x0000597c   0x0000597c   0x00000008   Code   RO         3282    i.rt_id2obj         RTX_CM4.lib(rt_cmsis.o)
    0x00005984   0x00005984   0x00000048   Code   RO         3853    i.rt_init_context   RTX_CM4.lib(rt_task.o)
    0x000059cc   0x000059cc   0x0000001a   Code   RO         4333    i.rt_init_mem       RTX_CM4.lib(rt_memory.o)
    0x000059e6   0x000059e6   0x00000002   PAD
    0x000059e8   0x000059e8   0x00000018   Code   RO         4409    i.rt_init_robin     RTX_CM4.lib(rt_robin.o)
    0x00005a00   0x00005a00   0x00000080   Code   RO         4358    i.rt_init_stack     RTX_CM4.lib(hal_cm.o)
    0x00005a80   0x00005a80   0x00000008   Code   RO         4150    i.rt_mbx_check      RTX_CM4.lib(rt_mailbox.o)
    0x00005a88   0x00005a88   0x0000001a   Code   RO         4151    i.rt_mbx_init       RTX_CM4.lib(rt_mailbox.o)
    0x00005aa2   0x00005aa2   0x00000002   PAD
    0x00005aa4   0x00005aa4   0x000000f0   Code   RO         4152    i.rt_mbx_psh        RTX_CM4.lib(rt_mailbox.o)
    0x00005b94   0x00005b94   0x00000098   Code   RO         4153    i.rt_mbx_send       RTX_CM4.lib(rt_mailbox.o)
    0x00005c2c   0x00005c2c   0x000000b4   Code   RO         4154    i.rt_mbx_wait       RTX_CM4.lib(rt_mailbox.o)
    0x00005ce0   0x00005ce0   0x00000044   Code   RO         3283    i.rt_ms2tick        RTX_CM4.lib(rt_cmsis.o)
    0x00005d24   0x00005d24   0x0000007c   Code   RO         3940    i.rt_pop_req        RTX_CM4.lib(rt_system.o)
    0x00005da0   0x00005da0   0x00000020   Code   RO         3941    i.rt_psh_req        RTX_CM4.lib(rt_system.o)
    0x00005dc0   0x00005dc0   0x0000005c   Code   RO         4075    i.rt_psq_enq        RTX_CM4.lib(rt_list.o)
    0x00005e1c   0x00005e1c   0x00000048   Code   RO         4076    i.rt_put_dly        RTX_CM4.lib(rt_list.o)
    0x00005e64   0x00005e64   0x00000036   Code   RO         4077    i.rt_put_prio       RTX_CM4.lib(rt_list.o)
    0x00005e9a   0x00005e9a   0x00000002   PAD
    0x00005e9c   0x00005e9c   0x00000014   Code   RO         4078    i.rt_put_rdy_first  RTX_CM4.lib(rt_list.o)
    0x00005eb0   0x00005eb0   0x00000034   Code   RO         4079    i.rt_resort_prio    RTX_CM4.lib(rt_list.o)
    0x00005ee4   0x00005ee4   0x00000010   Code   RO         4359    i.rt_ret_regs       RTX_CM4.lib(hal_cm.o)
    0x00005ef4   0x00005ef4   0x0000000c   Code   RO         4360    i.rt_ret_val        RTX_CM4.lib(hal_cm.o)
    0x00005f00   0x00005f00   0x00000010   Code   RO         4361    i.rt_ret_val2       RTX_CM4.lib(hal_cm.o)
    0x00005f10   0x00005f10   0x00000028   Code   RO         4080    i.rt_rmv_dly        RTX_CM4.lib(rt_list.o)
    0x00005f38   0x00005f38   0x00000030   Code   RO         4081    i.rt_rmv_list       RTX_CM4.lib(rt_list.o)
    0x00005f68   0x00005f68   0x00000034   Code   RO         4199    i.rt_sem_psh        RTX_CM4.lib(rt_semaphore.o)
    0x00005f9c   0x00005f9c   0x00000024   Code   RO         3943    i.rt_stk_check      RTX_CM4.lib(rt_system.o)
    0x00005fc0   0x00005fc0   0x00000028   Code   RO         3854    i.rt_switch_req     RTX_CM4.lib(rt_task.o)
    0x00005fe8   0x00005fe8   0x000000cc   Code   RO         3855    i.rt_sys_init       RTX_CM4.lib(rt_task.o)
    0x000060b4   0x000060b4   0x00000078   Code   RO         3856    i.rt_sys_start      RTX_CM4.lib(rt_task.o)
    0x0000612c   0x0000612c   0x00000040   Code   RO         3945    i.rt_systick        RTX_CM4.lib(rt_system.o)
    0x0000616c   0x0000616c   0x00000012   Code   RO         3284    i.rt_tid2ptcb       RTX_CM4.lib(rt_cmsis.o)
    0x0000617e   0x0000617e   0x00000002   PAD
    0x00006180   0x00006180   0x00000034   Code   RO         3285    i.rt_timer_insert   RTX_CM4.lib(rt_cmsis.o)
    0x000061b4   0x000061b4   0x00000088   Code   RO         3857    i.rt_tsk_create     RTX_CM4.lib(rt_task.o)
    0x0000623c   0x0000623c   0x0000017c   Code   RO         3858    i.rt_tsk_delete     RTX_CM4.lib(rt_task.o)
    0x000063b8   0x000063b8   0x0000007c   Code   RO         3860    i.rt_tsk_prio       RTX_CM4.lib(rt_task.o)
    0x00006434   0x00006434   0x00000010   Code   RO         3861    i.rt_tsk_self       RTX_CM4.lib(rt_task.o)
    0x00006444   0x00006444   0x0000003e   Code   RO         1072    i.rx_byte           nrfx_uart.o
    0x00006482   0x00006482   0x0000001c   Code   RO         1073    i.rx_done_event     nrfx_uart.o
    0x0000649e   0x0000649e   0x00000002   PAD
    0x000064a0   0x000064a0   0x000000a4   Code   RO          491    i.saadc_init        curr_saadc.o
    0x00006544   0x00006544   0x00000010   Code   RO          492    i.saadc_sampling_event_enable  curr_saadc.o
    0x00006554   0x00006554   0x000000a8   Code   RO          493    i.saadc_sampling_event_init  curr_saadc.o
    0x000065fc   0x000065fc   0x0000001c   Code   RO         2755    i.spis_event_handler  nrf_drv_spis.o
    0x00006618   0x00006618   0x0000007c   Code   RO         2799    i.spis_irq_handler  nrfx_spis.o
    0x00006694   0x00006694   0x00000014   Code   RO         2800    i.spis_state_change  nrfx_spis.o
    0x000066a8   0x000066a8   0x0000005e   Code   RO         2801    i.spis_state_entry_action_execute  nrfx_spis.o
    0x00006706   0x00006706   0x0000006e   Code   RO         4593    i.sqrt              m_wm.l(sqrt.o)
    0x00006774   0x00006774   0x0000006a   Code   RO         2971    i.start_playback    nrfx_pwm.o
    0x000067de   0x000067de   0x00000012   Code   RO         3287    i.svcDelay          RTX_CM4.lib(rt_cmsis.o)
    0x000067f0   0x000067f0   0x00000070   Code   RO         3288    i.svcKernelInitialize  RTX_CM4.lib(rt_cmsis.o)
    0x00006860   0x00006860   0x00000048   Code   RO         3290    i.svcKernelStart    RTX_CM4.lib(rt_cmsis.o)
    0x000068a8   0x000068a8   0x00000042   Code   RO         3292    i.svcMailCreate     RTX_CM4.lib(rt_cmsis.o)
    0x000068ea   0x000068ea   0x00000024   Code   RO         3293    i.svcMessageCreate  RTX_CM4.lib(rt_cmsis.o)
    0x0000690e   0x0000690e   0x0000003a   Code   RO         3294    i.svcMessageGet     RTX_CM4.lib(rt_cmsis.o)
    0x00006948   0x00006948   0x00000036   Code   RO         3295    i.svcMessagePut     RTX_CM4.lib(rt_cmsis.o)
    0x0000697e   0x0000697e   0x00000024   Code   RO         3306    i.svcSignalSet      RTX_CM4.lib(rt_cmsis.o)
    0x000069a2   0x000069a2   0x00000002   PAD
    0x000069a4   0x000069a4   0x00000054   Code   RO         3307    i.svcSignalWait     RTX_CM4.lib(rt_cmsis.o)
    0x000069f8   0x000069f8   0x0000006c   Code   RO         3308    i.svcThreadCreate   RTX_CM4.lib(rt_cmsis.o)
    0x00006a64   0x00006a64   0x0000001c   Code   RO         3309    i.svcThreadGetId    RTX_CM4.lib(rt_cmsis.o)
    0x00006a80   0x00006a80   0x00000038   Code   RO         3312    i.svcThreadTerminate  RTX_CM4.lib(rt_cmsis.o)
    0x00006ab8   0x00006ab8   0x00000018   Code   RO         3314    i.svcTimerCall      RTX_CM4.lib(rt_cmsis.o)
    0x00006ad0   0x00006ad0   0x00000058   Code   RO         3319    i.sysMailAlloc      RTX_CM4.lib(rt_cmsis.o)
    0x00006b28   0x00006b28   0x00000060   Code   RO         3320    i.sysMailFree       RTX_CM4.lib(rt_cmsis.o)
    0x00006b88   0x00006b88   0x0000005c   Code   RO         3323    i.sysTimerTick      RTX_CM4.lib(rt_cmsis.o)
    0x00006be4   0x00006be4   0x00000002   Code   RO          494    i.timer_handler     curr_saadc.o
    0x00006be6   0x00006be6   0x00000002   PAD
    0x00006be8   0x00006be8   0x00000098   Code   RO         2689    i.twi_clear_bus     nrf_drv_twi.o
    0x00006c80   0x00006c80   0x00000048   Code   RO         2690    i.twi_evt_handler   nrf_drv_twi.o
    0x00006cc8   0x00006cc8   0x0000002c   Code   RO          296    i.twi_init_mpu6050  mpu6050.o
    0x00006cf4   0x00006cf4   0x000000d6   Code   RO         2498    i.twi_irq_handler   nrfx_twi.o
    0x00006dca   0x00006dca   0x00000024   Code   RO         2499    i.twi_process_error  nrfx_twi.o
    0x00006dee   0x00006dee   0x0000004c   Code   RO         2500    i.twi_receive_byte  nrfx_twi.o
    0x00006e3a   0x00006e3a   0x00000002   PAD
    0x00006e3c   0x00006e3c   0x000000ec   Code   RO         2501    i.twi_rx_start_transfer  nrfx_twi.o
    0x00006f28   0x00006f28   0x00000048   Code   RO         2502    i.twi_send_byte     nrfx_twi.o
    0x00006f70   0x00006f70   0x00000126   Code   RO         2503    i.twi_transfer      nrfx_twi.o
    0x00007096   0x00007096   0x00000002   PAD
    0x00007098   0x00007098   0x000000f0   Code   RO         2504    i.twi_tx_start_transfer  nrfx_twi.o
    0x00007188   0x00007188   0x000000b4   Code   RO         2505    i.twi_xfer          nrfx_twi.o
    0x0000723c   0x0000723c   0x00000036   Code   RO         1075    i.tx_blocking       nrfx_uart.o
    0x00007272   0x00007272   0x00000026   Code   RO         1076    i.tx_byte           nrfx_uart.o
    0x00007298   0x00007298   0x00000020   Code   RO         1077    i.tx_done_event     nrfx_uart.o
    0x000072b8   0x000072b8   0x0000014c   Code   RO         1078    i.uart_irq_handler  nrfx_uart.o
    0x00007404   0x00007404   0x0000003c   Data   RO          226    .constdata          print_server.o
    0x00007440   0x00007440   0x000000a4   Data   RO          298    .constdata          mpu6050.o
    0x000074e4   0x000074e4   0x00000041   Data   RO          496    .constdata          curr_saadc.o
    0x00007525   0x00007525   0x00000003   PAD
    0x00007528   0x00007528   0x00000048   Data   RO          685    .constdata          spi.o
    0x00007570   0x00007570   0x0000003e   Data   RO         1344    .constdata          nrfx_gpiote.o
    0x000075ae   0x000075ae   0x00000002   PAD
    0x000075b0   0x000075b0   0x0000003c   Data   RO         2507    .constdata          nrfx_twi.o
    0x000075ec   0x000075ec   0x00000004   PAD
    0x000075f0   0x000075f0   0x00000006   Data   RO         2692    .constdata          nrf_drv_twi.o
    0x000075f6   0x000075f6   0x00000028   Data   RO         2803    .constdata          nrfx_spis.o
    0x0000761e   0x0000761e   0x00000002   PAD
    0x00007620   0x00007620   0x00000068   Data   RO         3086    .constdata          rtx_conf_cm.o
    0x00007688   0x00007688   0x00000050   Data   RO         4445    .constdata          m_wm.l(asin.o)
    0x000076d8   0x000076d8   0x00000030   Data   RO         4554    .constdata          m_wm.l(cos_i.o)
    0x00007708   0x00007708   0x000000c8   Data   RO         4582    .constdata          m_wm.l(rred.o)
    0x000077d0   0x000077d0   0x00000028   Data   RO         4586    .constdata          m_wm.l(sin_i.o)
    0x000077f8   0x000077f8   0x00000020   Data   RO         4654    Region$$Table       anon$$obj.o


    Execution Region ER_RW (Exec base: 0x20000000, Load base: 0x00007818, Size: 0x00000124, Max: 0xffffffff, ABSOLUTE)

    Exec Addr    Load Addr    Size         Type   Attr      Idx    E Section Name        Object

    0x20000000   0x00007818   0x00000018   Data   RW          227    .data               print_server.o
    0x20000018   0x00007830   0x0000006c   Data   RW          299    .data               mpu6050.o
    0x20000084   0x0000789c   0x00000004   Data   RW          433    .data               timer.o
    0x20000088   0x000078a0   0x0000000a   Data   RW          497    .data               curr_saadc.o
    0x20000092   0x000078aa   0x00000002   PAD
    0x20000094   0x000078ac   0x00000028   Data   RW          686    .data               spi.o
    0x200000bc   0x000078d4   0x00000004   Data   RW          984    .data               app_util_platform.o
    0x200000c0   0x000078d8   0x00000001   Data   RW         1609    .data               nrf_drv_ppi.o
    0x200000c1   0x000078d9   0x00000003   PAD
    0x200000c4   0x000078dc   0x00000005   Data   RW         1848    .data               nrfx_ppi.o
    0x200000c9   0x000078e1   0x00000003   PAD
    0x200000cc   0x000078e4   0x00000010   Data   RW         2693    .data               nrf_drv_twi.o
    0x200000dc   0x000078f4   0x00000008   Data   RW         2973    .data               nrfx_pwm.o
    0x200000e4   0x000078fc   0x00000010   Data   RW         3087    .data               rtx_conf_cm.o
    0x200000f4   0x0000790c   0x00000004   Data   RW         3140    .data               system_nrf52.o
    0x200000f8   0x00007910   0x00000008   Data   RW         3326    .data               RTX_CM4.lib(rt_cmsis.o)
    0x20000100   0x00007918   0x00000008   Data   RW         3863    .data               RTX_CM4.lib(rt_task.o)
    0x20000108   0x00007920   0x00000008   Data   RW         3948    .data               RTX_CM4.lib(rt_system.o)
    0x20000110   0x00007928   0x00000004   Data   RW         4242    .data               RTX_CM4.lib(rt_time.o)
    0x20000114   0x0000792c   0x00000001   Data   RW         4362    .data               RTX_CM4.lib(hal_cm.o)
    0x20000115   0x0000792d   0x00000003   PAD
    0x20000118   0x00007930   0x00000008   Data   RW         4410    .data               RTX_CM4.lib(rt_robin.o)
    0x20000120   0x00007938   0x00000004   Data   RW         4629    .data               mc_w.l(errno.o)


    Execution Region ER_ZI (Exec base: 0x20000124, Load base: 0x0000793c, Size: 0x0000599c, Max: 0xffffffff, ABSOLUTE)

    Exec Addr    Load Addr    Size         Type   Attr      Idx    E Section Name        Object

    0x20000124        -       0x0000111c   Zero   RW          225    .bss                print_server.o
    0x20001240        -       0x00000230   Zero   RW          297    .bss                mpu6050.o
    0x20001470        -       0x00000010   Zero   RW          495    .bss                curr_saadc.o
    0x20001480        -       0x00000170   Zero   RW          684    .bss                spi.o
    0x200015f0        -       0x0000002c   Zero   RW         1079    .bss                nrfx_uart.o
    0x2000161c        -       0x0000004c   Zero   RW         1343    .bss                nrfx_gpiote.o
    0x20001668        -       0x00000030   Zero   RW         2019    .bss                nrfx_saadc.o
    0x20001698        -       0x0000000c   Zero   RW         2178    .bss                nrfx_timer.o
    0x200016a4        -       0x0000003c   Zero   RW         2506    .bss                nrfx_twi.o
    0x200016e0        -       0x0000000c   Zero   RW         2756    .bss                nrf_drv_spis.o
    0x200016ec        -       0x00000038   Zero   RW         2802    .bss                nrfx_spis.o
    0x20001724   0x0000793c   0x00000004   PAD
    0x20001728        -       0x00002330   Zero   RW         3085    .bss                rtx_conf_cm.o
    0x20003a58        -       0x00000034   Zero   RW         3862    .bss                RTX_CM4.lib(rt_task.o)
    0x20003a8c        -       0x00000030   Zero   RW         4082    .bss                RTX_CM4.lib(rt_list.o)
    0x20003abc   0x0000793c   0x00000004   PAD
    0x20003ac0        -       0x00002000   Zero   RW         3117    STACK               arm_startup_nrf52.o


==============================================================================

Image component sizes


      Code (inc. data)   RO Data    RW Data    ZI Data      Debug   Object Name

        64         10          0          4          0       3434   app_util_platform.o
        36          8        512          0       8192        940   arm_startup_nrf52.o
       574         64         65         10         16      57013   curr_saadc.o
        60          0          0          0          0      82137   main.o
      2616        278        164        108        560      45845   mpu6050.o
        28          6          0          1          0        943   nrf_drv_ppi.o
        72         16          0          0         12       2308   nrf_drv_spis.o
       372         30          6         16          0      19531   nrf_drv_twi.o
      1716        110         62          0         76      36314   nrfx_gpiote.o
       320         22          0          5          0      11377   nrfx_ppi.o
      1004         24          0          8          0      23349   nrfx_pwm.o
      1260         80          0          0         48      19908   nrfx_saadc.o
      1074         44         40          0         56      31150   nrfx_spis.o
       610         30          0          0         12      18933   nrfx_timer.o
      1934         48         60          0         60      30473   nrfx_twi.o
      1330         36          0          0         44      64740   nrfx_uart.o
       220         42         60         24       4380       9177   print_server.o
        62          6        104         16       9008       8036   rtx_conf_cm.o
       432        122         72         40        368       5008   spi.o
      1372        142          0          4          0      38834   system_nrf52.o
       380         56          0          4          0      34002   timer.o

    ----------------------------------------------------------------------
     15556       1174       1188        248      22836     543452   Object Totals
         0          0         32          0          0          0   (incl. Generated)
        20          0         11          8          4          0   (incl. Padding)

    ----------------------------------------------------------------------

      Code (inc. data)   RO Data    RW Data    ZI Data      Debug   Library Member Name

       268         24          0          1          0       4524   hal_cm.o
       408         34          0          0          0        824   hal_cm4.o
      1826        190          0          8          0      46625   rt_cmsis.o
       272         18          0          0          0       2842   rt_event.o
       530         34          0          0         48       8685   rt_list.o
       706         14          0          0          0       5123   rt_mailbox.o
       140          0          0          0          0       2069   rt_membox.o
       128          0          0          0          0       2451   rt_memory.o
        96         22          0          8          0       1254   rt_robin.o
        52          4          0          0          0        621   rt_semaphore.o
       298         52          0          8          0       6511   rt_system.o
      1216        174          0          8         52      10129   rt_task.o
         6          0          0          4          0        700   rt_time.o
         4          4          0          0          0        208   svc_table.o
        58          0          0          0          0       1008   arm_pid_init_f32.o
       864         94         80          0          0        280   asin.o
       368         46         48          0          0        200   cos_i.o
        84         16          0          0          0        372   dunder.o
        24          0          0          0          0        124   fabs.o
        48          0          0          0          0        124   fpclassify.o
       248          0          0          0          0        152   poly.o
      1080        142        200          0          0        188   rred.o
       200         20          0          0          0        164   sin.o
       304         24         40          0          0        208   sin_i.o
       110          0          0          0          0        148   sqrt.o
         0          0          0          0          0          0   entry.o
         0          0          0          0          0          0   entry10a.o
         0          0          0          0          0          0   entry11a.o
         8          4          0          0          0          0   entry2.o
         4          0          0          0          0          0   entry5.o
         0          0          0          0          0          0   entry7b.o
         0          0          0          0          0          0   entry8b.o
        12          6          0          4          0         68   errno.o
        30          0          0          0          0          0   handlers.o
        36          8          0          0          0         68   init.o
         0          0          0          0          0          0   iusefp.o
        30          0          0          0          0         68   llshl.o
        36          0          0          0          0         68   llsshr.o
        32          0          0          0          0         68   llushr.o
        36          0          0          0          0         68   memcpya.o
        36          0          0          0          0        108   memseta.o
      2292         84          0          0          0        516   printfa.o
        14          0          0          0          0         68   strlen.o
        44          0          0          0          0         80   uidiv.o
        98          0          0          0          0         92   uldiv.o
        48          0          0          0          0         68   cdrcmple.o
        56          0          0          0          0         88   d2f.o
       334          0          0          0          0        148   dadd.o
       222          0          0          0          0        100   ddiv.o
       186          0          0          0          0        176   depilogue.o
        62          0          0          0          0         80   dfixi.o
        48          0          0          0          0         68   dfixul.o
        34          0          0          0          0         76   dflti.o
        26          0          0          0          0         76   dfltui.o
       228          0          0          0          0         96   dmul.o
       162          0          0          0          0        100   dsqrt.o
        38          0          0          0          0         68   f2d.o
       110          0          0          0          0        168   fepilogue.o

    ----------------------------------------------------------------------
     13632       1014        368         44        104      98118   Library Totals
        32          0          0          3          4          0   (incl. Padding)

    ----------------------------------------------------------------------

      Code (inc. data)   RO Data    RW Data    ZI Data      Debug   Library Name

      5950        570          0         37        100      92566   RTX_CM4.lib
        58          0          0          0          0       1008   arm_cortexM4lf_math.lib
      3330        342        368          0          0       1960   m_wm.l
      2708        102          0          4          0       1272   mc_w.l
      1554          0          0          0          0       1312   mf_w.l

    ----------------------------------------------------------------------
     13632       1014        368         44        104      98118   Library Totals

    ----------------------------------------------------------------------

==============================================================================


      Code (inc. data)   RO Data    RW Data    ZI Data      Debug   

     29188       2188       1556        292      22940     611822   Grand Totals
     29188       2188       1556        292      22940     611822   ELF Image Totals
     29188       2188       1556        292          0          0   ROM Totals

==============================================================================

    Total RO  Size (Code + RO Data)                30744 (  30.02kB)
    Total RW  Size (RW Data + ZI Data)             23232 (  22.69kB)
    Total ROM Size (Code + RO Data + RW Data)      31036 (  30.31kB)

==============================================================================

