Component: ARM Compiler 5.06 update 6 (build 750) Tool: armlink [4d35ed]

==============================================================================

Section Cross References

    lamp_control.o(i.LampControl) refers to rt_cmsis.o(i.osSignalWait) for osSignalWait
    lamp_control.o(i.LampControl) refers to rt_cmsis.o(i.osSemaphoreWait) for osSemaphoreWait
    lamp_control.o(i.LampControl) refers to boards.o(i.bsp_board_led_on) for bsp_board_led_on
    lamp_control.o(i.LampControl) refers to print_server.o(i.PrintServerPrintf) for PrintServerPrintf
    lamp_control.o(i.LampControl) refers to rt_cmsis.o(i.osDelay) for osDelay
    lamp_control.o(i.LampControl) refers to boards.o(i.bsp_board_led_off) for bsp_board_led_off
    lamp_control.o(i.LampControl) refers to rt_cmsis.o(i.osSemaphoreRelease) for osSemaphoreRelease
    lamp_control.o(i.LampControl) refers to lamp_control.o(.data) for semMultiplex_ID
    lamp_control.o(i.LampControlInit) refers to boards.o(i.bsp_board_init) for bsp_board_init
    lamp_control.o(i.LampControlInit) refers to rt_cmsis.o(i.osSemaphoreCreate) for osSemaphoreCreate
    lamp_control.o(i.LampControlInit) refers to rt_cmsis.o(i.osThreadCreate) for osThreadCreate
    lamp_control.o(i.LampControlInit) refers to print_server.o(i.PrintServerInit) for PrintServerInit
    lamp_control.o(i.LampControlInit) refers to lamp_control.o(.constdata) for os_semaphore_def_semMultiplex
    lamp_control.o(i.LampControlInit) refers to lamp_control.o(.data) for semMultiplex_ID
    lamp_control.o(.constdata) refers to lamp_control.o(.bss) for os_mutex_cb_uart_mutex
    lamp_control.o(.constdata) refers to lamp_control.o(.data) for os_semaphore_cb_semMultiplex
    lamp_control.o(.constdata) refers to lamp_control.o(i.LampControl) for LampControl
    main.o(i.main) refers to rt_cmsis.o(i.osKernelInitialize) for osKernelInitialize
    main.o(i.main) refers to lamp_control.o(i.LampControlInit) for LampControlInit
    main.o(i.main) refers to switch_monitor.o(i.SwitchMonitorInit) for SwitchMonitorInit
    main.o(i.main) refers to rt_cmsis.o(i.osKernelStart) for osKernelStart
    print_server.o(i.PrintServerInit) refers to rt_memcpy_w.o(.text) for __aeabi_memcpy4
    print_server.o(i.PrintServerInit) refers to nrfx_uart.o(i.nrfx_uart_init) for nrfx_uart_init
    print_server.o(i.PrintServerInit) refers to print_server.o(.constdata) for .constdata
    print_server.o(i.PrintServerInit) refers to print_server.o(.data) for uart_inst
    print_server.o(i.PrintServerPrintf) refers to vsnprintf.o(.text) for vsnprintf
    print_server.o(i.PrintServerPrintf) refers to nrfx_uart.o(i.nrfx_uart_tx) for nrfx_uart_tx
    print_server.o(i.PrintServerPrintf) refers to strlen.o(.text) for strlen
    print_server.o(i.PrintServerPrintf) refers to print_server.o(.data) for uart_inst
    switch_monitor.o(i.SwitchMonitor) refers to rt_cmsis.o(i.osMessageGet) for osMessageGet
    switch_monitor.o(i.SwitchMonitor) refers to rt_cmsis.o(i.osSignalSet) for osSignalSet
    switch_monitor.o(i.SwitchMonitor) refers to print_server.o(i.PrintServerPrintf) for PrintServerPrintf
    switch_monitor.o(i.SwitchMonitor) refers to switch_monitor.o(.data) for switch_msg_qid
    switch_monitor.o(i.SwitchMonitor) refers to lamp_control.o(.data) for Led1_ID
    switch_monitor.o(i.SwitchMonitorInit) refers to rt_cmsis.o(i.osMessageCreate) for osMessageCreate
    switch_monitor.o(i.SwitchMonitorInit) refers to nrfx_gpiote.o(i.nrfx_gpiote_init) for nrfx_gpiote_init
    switch_monitor.o(i.SwitchMonitorInit) refers to nrfx_gpiote.o(i.nrfx_gpiote_in_init) for nrfx_gpiote_in_init
    switch_monitor.o(i.SwitchMonitorInit) refers to nrfx_gpiote.o(i.nrfx_gpiote_in_event_enable) for nrfx_gpiote_in_event_enable
    switch_monitor.o(i.SwitchMonitorInit) refers to rt_cmsis.o(i.osThreadCreate) for osThreadCreate
    switch_monitor.o(i.SwitchMonitorInit) refers to switch_monitor.o(.constdata) for os_messageQ_def_switch_msg_q
    switch_monitor.o(i.SwitchMonitorInit) refers to switch_monitor.o(.data) for switch_msg_qid
    switch_monitor.o(i.SwitchMonitorInit) refers to switch_monitor.o(i.SwitchMonitorInterruptCB) for SwitchMonitorInterruptCB
    switch_monitor.o(i.SwitchMonitorInterruptCB) refers to rt_cmsis.o(i.osMessagePut) for osMessagePut
    switch_monitor.o(i.SwitchMonitorInterruptCB) refers to switch_monitor.o(.data) for switch_msg_qid
    switch_monitor.o(.constdata) refers to switch_monitor.o(.bss) for os_messageQ_q_switch_msg_q
    switch_monitor.o(.constdata) refers to switch_monitor.o(i.SwitchMonitor) for SwitchMonitor
    boards.o(i.bsp_board_button_idx_to_pin) refers to boards.o(.constdata) for m_board_btn_list
    boards.o(i.bsp_board_button_state_get) refers to boards.o(.constdata) for m_board_btn_list
    boards.o(i.bsp_board_buttons_init) refers to boards.o(i.nrf_gpio_cfg) for nrf_gpio_cfg
    boards.o(i.bsp_board_buttons_init) refers to boards.o(.constdata) for m_board_btn_list
[...]
    __ARM_exceptions_init                     - Undefined Weak Reference
    __alloca_initialize                       - Undefined Weak Reference
    __arm_preinit_                            - Undefined Weak Reference
    __cpp_initialize__aeabi_                  - Undefined Weak Reference
    __cxa_finalize                            - Undefined Weak Reference
    __sigvec_lookup                           - Undefined Weak Reference
    _atexit_init                              - Undefined Weak Reference
    _call_atexit_fns                          - Undefined Weak Reference
    _clock_init                               - Undefined Weak Reference
    _fp_trap_init                             - Undefined Weak Reference
    _fp_trap_shutdown                         - Undefined Weak Reference
    _get_lc_collate                           - Undefined Weak Reference
    _get_lc_monetary                          - Undefined Weak Reference
    _get_lc_time                              - Undefined Weak Reference
    _getenv_init                              - Undefined Weak Reference
    _handle_redirection                       - Undefined Weak Reference
    _init_alloc                               - Undefined Weak Reference
    _init_user_alloc                          - Undefined Weak Reference
    _initio                                   - Undefined Weak Reference
    _printf_mbtowc                            - Undefined Weak Reference
    _printf_wc                                - Undefined Weak Reference
    _rand_init                                - Undefined Weak Reference
    _signal_finish                            - Undefined Weak Reference
    _signal_init                              - Undefined Weak Reference
    _terminate_alloc                          - Undefined Weak Reference
    _terminate_user_alloc                     - Undefined Weak Reference
    _terminateio                              - Undefined Weak Reference
    __Vectors_End                            0x00000200   Data           0  arm_startup_nrf52.o(RESET)
    __Vectors_Size                           0x00000200   Number         0  arm_startup_nrf52.o ABSOLUTE
    __main                                   0x00000201   Thumb Code     8  __main.o(!!!main)
    __scatterload                            0x00000209   Thumb Code     0  __scatter.o(!!!scatter)
    __scatterload_rt2                        0x00000209   Thumb Code    44  __scatter.o(!!!scatter)
    __scatterload_rt2_thumb_only             0x00000209   Thumb Code     0  __scatter.o(!!!scatter)
    __scatterload_null                       0x00000217   Thumb Code     0  __scatter.o(!!!scatter)
    __scatterload_copy                       0x0000023d   Thumb Code    26  __scatter_copy.o(!!handler_copy)
    __scatterload_zeroinit                   0x00000259   Thumb Code    28  __scatter_zi.o(!!handler_zi)
    _printf_n                                0x00000275   Thumb Code     0  _printf_n.o(.ARM.Collect$$_printf_percent$$00000001)
    _printf_percent                          0x00000275   Thumb Code     0  _printf_percent.o(.ARM.Collect$$_printf_percent$$00000000)
    _printf_p                                0x0000027b   Thumb Code     0  _printf_p.o(.ARM.Collect$$_printf_percent$$00000002)
    _printf_f                                0x00000281   Thumb Code     0  _printf_f.o(.ARM.Collect$$_printf_percent$$00000003)
    _printf_e                                0x00000287   Thumb Code     0  _printf_e.o(.ARM.Collect$$_printf_percent$$00000004)
    _printf_g                                0x0000028d   Thumb Code     0  _printf_g.o(.ARM.Collect$$_printf_percent$$00000005)
    _printf_a                                0x00000293   Thumb Code     0  _printf_a.o(.ARM.Collect$$_printf_percent$$00000006)
    _printf_ll                               0x00000299   Thumb Code     0  _printf_ll.o(.ARM.Collect$$_printf_percent$$00000007)
    _printf_i                                0x000002a3   Thumb Code     0  _printf_i.o(.ARM.Collect$$_printf_percent$$00000008)
    _printf_d                                0x000002a9   Thumb Code     0  _printf_d.o(.ARM.Collect$$_printf_percent$$00000009)
    _printf_u                                0x000002af   Thumb Code     0  _printf_u.o(.ARM.Collect$$_printf_percent$$0000000A)
    _printf_o                                0x000002b5   Thumb Code     0  _printf_o.o(.ARM.Collect$$_printf_percent$$0000000B)
    _printf_x                                0x000002bb   Thumb Code     0  _printf_x.o(.ARM.Collect$$_printf_percent$$0000000C)
    _printf_lli                              0x000002c1   Thumb Code     0  _printf_lli.o(.ARM.Collect$$_printf_percent$$0000000D)
    _printf_lld                              0x000002c7   Thumb Code     0  _printf_lld.o(.ARM.Collect$$_printf_percent$$0000000E)
    _printf_llu                              0x000002cd   Thumb Code     0  _printf_llu.o(.ARM.Collect$$_printf_percent$$0000000F)
    _printf_llo                              0x000002d3   Thumb Code     0  _printf_llo.o(.ARM.Collect$$_printf_percent$$00000010)
    _printf_llx                              0x000002d9   Thumb Code     0  _printf_llx.o(.ARM.Collect$$_printf_percent$$00000011)
    _printf_l                                0x000002df   Thumb Code     0  _printf_l.o(.ARM.Collect$$_printf_percent$$00000012)
    _printf_c                                0x000002e9   Thumb Code     0  _printf_c.o(.ARM.Collect$$_printf_percent$$00000013)
    _printf_s                                0x000002ef   Thumb Code     0  _printf_s.o(.ARM.Collect$$_printf_percent$$00000014)
    _printf_lc                               0x000002f5   Thumb Code     0  _printf_lc.o(.ARM.Collect$$_printf_percent$$00000015)
    _printf_ls                               0x000002fb   Thumb Code     0  _printf_ls.o(.ARM.Collect$$_printf_percent$$00000016)
    _printf_percent_end                      0x00000301   Thumb Code     0  _printf_percent_end.o(.ARM.Collect$$_printf_percent$$00000017)
    __rt_lib_init                            0x00000305   Thumb Code     0  libinit.o(.ARM.Collect$$libinit$$00000000)
    __rt_lib_init_fp_1                       0x00000307   Thumb Code     0  libinit2.o(.ARM.Collect$$libinit$$00000001)
    __rt_lib_init_heap_1                     0x0000030b   Thumb Code     0  libinit2.o(.ARM.Collect$$libinit$$0000000A)
    __rt_lib_init_lc_common                  0x0000030b   Thumb Code     0  libinit2.o(.ARM.Collect$$libinit$$0000000F)
    __rt_lib_init_preinit_1                  0x0000030b   Thumb Code     0  libinit2.o(.ARM.Collect$$libinit$$00000004)
    __rt_lib_init_rand_1                     0x0000030b   Thumb Code     0  libinit2.o(.ARM.Collect$$libinit$$0000000E)
    __rt_lib_init_user_alloc_1               0x0000030b   Thumb Code     0  libinit2.o(.ARM.Collect$$libinit$$0000000C)
    __rt_lib_init_lc_collate_1               0x00000311   Thumb Code     0  libinit2.o(.ARM.Collect$$libinit$$00000011)
    __rt_lib_init_lc_ctype_2                 0x00000311   Thumb Code     0  libinit2.o(.ARM.Collect$$libinit$$00000012)
    __rt_lib_init_lc_ctype_1                 0x0000031d   Thumb Code     0  libinit2.o(.ARM.Collect$$libinit$$00000013)
    __rt_lib_init_lc_monetary_1              0x0000031d   Thumb Code     0  libinit2.o(.ARM.Collect$$libinit$$00000015)
    __rt_lib_init_lc_numeric_2               0x0000031d   Thumb Code     0  libinit2.o(.ARM.Collect$$libinit$$00000016)
    __rt_lib_init_alloca_1                   0x00000327   Thumb Code     0  libinit2.o(.ARM.Collect$$libinit$$0000002E)
    __rt_lib_init_argv_1                     0x00000327   Thumb Code     0  libinit2.o(.ARM.Collect$$libinit$$0000002C)
    __rt_lib_init_atexit_1                   0x00000327   Thumb Code     0  libinit2.o(.ARM.Collect$$libinit$$0000001B)
    __rt_lib_init_clock_1                    0x00000327   Thumb Code     0  libinit2.o(.ARM.Collect$$libinit$$00000021)
    __rt_lib_init_cpp_1                      0x00000327   Thumb Code     0  libinit2.o(.ARM.Collect$$libinit$$00000032)
    __rt_lib_init_exceptions_1               0x00000327   Thumb Code     0  libinit2.o(.ARM.Collect$$libinit$$00000030)
    __rt_lib_init_fp_trap_1                  0x00000327   Thumb Code     0  libinit2.o(.ARM.Collect$$libinit$$0000001F)
    __rt_lib_init_getenv_1                   0x00000327   Thumb Code     0  libinit2.o(.ARM.Collect$$libinit$$00000023)
    __rt_lib_init_lc_numeric_1               0x00000327   Thumb Code     0  libinit2.o(.ARM.Collect$$libinit$$00000017)
    __rt_lib_init_lc_time_1                  0x00000327   Thumb Code     0  libinit2.o(.ARM.Collect$$libinit$$00000019)
    __rt_lib_init_return                     0x00000327   Thumb Code     0  libinit2.o(.ARM.Collect$$libinit$$00000033)
    __rt_lib_init_signal_1                   0x00000327   Thumb Code     0  libinit2.o(.ARM.Collect$$libinit$$0000001D)
    __rt_lib_init_stdio_1                    0x00000327   Thumb Code     0  libinit2.o(.ARM.Collect$$libinit$$00000025)
    __rt_lib_shutdown                        0x00000329   Thumb Code     0  libshutdown.o(.ARM.Collect$$libshutdown$$00000000)
    __rt_lib_shutdown_cpp_1                  0x0000032b   Thumb Code     0  libshutdown2.o(.ARM.Collect$$libshutdown$$00000002)
    __rt_lib_shutdown_fp_trap_1              0x0000032b   Thumb Code     0  libshutdown2.o(.ARM.Collect$$libshutdown$$00000007)
    __rt_lib_shutdown_heap_1                 0x0000032b   Thumb Code     0  libshutdown2.o(.ARM.Collect$$libshutdown$$0000000F)
    __rt_lib_shutdown_return                 0x0000032b   Thumb Code     0  libshutdown2.o(.ARM.Collect$$libshutdown$$00000010)
    __rt_lib_shutdown_signal_1               0x0000032b   Thumb Code     0  libshutdown2.o(.ARM.Collect$$libshutdown$$0000000A)
    __rt_lib_shutdown_stdio_1                0x0000032b   Thumb Code     0  libshutdown2.o(.ARM.Collect$$libshutdown$$00000004)
    __rt_lib_shutdown_user_alloc_1           0x0000032b   Thumb Code     0  libshutdown2.o(.ARM.Collect$$libshutdown$$0000000C)
    __rt_entry                               0x0000032d   Thumb Code     0  __rtentry.o(.ARM.Collect$$rtentry$$00000000)
    __rt_entry_presh_1                       0x0000032d   Thumb Code     0  __rtentry2.o(.ARM.Collect$$rtentry$$00000002)
    __rt_entry_sh                            0x0000032d   Thumb Code     0  __rtentry4.o(.ARM.Collect$$rtentry$$00000004)
    __rt_entry_li                            0x00000333   Thumb Code     0  __rtentry2.o(.ARM.Collect$$rtentry$$0000000A)
    __rt_entry_postsh_1                      0x00000333   Thumb Code     0  __rtentry2.o(.ARM.Collect$$rtentry$$00000009)
    __rt_entry_postli_1                      0x00000337   Thumb Code     0  __rtentry2.o(.ARM.Collect$$rtentry$$0000000B)
    __rt_entry_main                          0x0000033f   Thumb Code     0  __rtentry2.o(.ARM.Collect$$rtentry$$0000000D)
    __rt_exit                                0x00000347   Thumb Code     0  rtexit.o(.ARM.Collect$$rtexit$$00000000)
    __rt_exit_ls                             0x00000349   Thumb Code     0  rtexit2.o(.ARM.Collect$$rtexit$$00000003)
    __rt_exit_prels_1                        0x00000349   Thumb Code     0  rtexit2.o(.ARM.Collect$$rtexit$$00000002)
    __rt_exit_exit                           0x0000034d   Thumb Code     0  rtexit2.o(.ARM.Collect$$rtexit$$00000004)
    _platform_post_lib_init                  0x00000355   Thumb Code    24  rtx_conf_cm.o(.emb_text)
    rt_set_PSP                               0x00000371   Thumb Code     6  hal_cm4.o(.emb_text)
    rt_get_PSP                               0x00000377   Thumb Code     6  hal_cm4.o(.emb_text)
    os_set_env                               0x0000037d   Thumb Code    24  hal_cm4.o(.emb_text)
    _alloc_box                               0x00000399   Thumb Code    28  hal_cm4.o(.emb_text)
    _free_box                                0x000003b9   Thumb Code    28  hal_cm4.o(.emb_text)
    SVC_Handler                              0x000003d9   Thumb Code   168  hal_cm4.o(.emb_text)
    __RL_RTX_VER                             0x00000482   Number         0  rt_system.o ABSOLUTE
    PendSV_Handler                           0x00000491   Thumb Code    96  hal_cm4.o(.emb_text)
    SysTick_Handler                          0x000004f5   Thumb Code     8  hal_cm4.o(.emb_text)
    OS_Tick_Handler                          0x000004fd   Thumb Code    12  hal_cm4.o(.emb_text)
    Reset_Handler                            0x00000509   Thumb Code     8  arm_startup_nrf52.o(.text)
    NMI_Handler                              0x00000511   Thumb Code     2  arm_startup_nrf52.o(.text)
    HardFault_Handler                        0x00000513   Thumb Code     2  arm_startup_nrf52.o(.text)
    MemoryManagement_Handler                 0x00000515   Thumb Code     2  arm_startup_nrf52.o(.text)
    BusFault_Handler                         0x00000517   Thumb Code     2  arm_startup_nrf52.o(.text)
    UsageFault_Handler                       0x00000519   Thumb Code     2  arm_startup_nrf52.o(.text)
    DebugMon_Handler                         0x0000051d   Thumb Code     2  arm_startup_nrf52.o(.text)
    CCM_AAR_IRQHandler                       0x00000523   Thumb Code     0  arm_startup_nrf52.o(.text)
    COMP_LPCOMP_IRQHandler                   0x00000523   Thumb Code     0  arm_startup_nrf52.o(.text)
    ECB_IRQHandler                           0x00000523   Thumb Code     0  arm_startup_nrf52.o(.text)
    FPU_IRQHandler                           0x00000523   Thumb Code     0  arm_startup_nrf52.o(.text)
    I2S_IRQHandler                           0x00000523   Thumb Code     0  arm_startup_nrf52.o(.text)
    MWU_IRQHandler                           0x00000523   Thumb Code     0  arm_startup_nrf52.o(.text)
    NFCT_IRQHandler                          0x00000523   Thumb Code     0  arm_startup_nrf52.o(.text)
    PDM_IRQHandler                           0x00000523   Thumb Code     0  arm_startup_nrf52.o(.text)
    POWER_CLOCK_IRQHandler                   0x00000523   Thumb Code     0  arm_startup_nrf52.o(.text)
    PWM0_IRQHandler                          0x00000523   Thumb Code     0  arm_startup_nrf52.o(.text)
    PWM1_IRQHandler                          0x00000523   Thumb Code     0  arm_startup_nrf52.o(.text)
    PWM2_IRQHandler                          0x00000523   Thumb Code     0  arm_startup_nrf52.o(.text)
    QDEC_IRQHandler                          0x00000523   Thumb Code     0  arm_startup_nrf52.o(.text)
    RADIO_IRQHandler                         0x00000523   Thumb Code     0  arm_startup_nrf52.o(.text)
    RNG_IRQHandler                           0x00000523   Thumb Code     0  arm_startup_nrf52.o(.text)
    RTC0_IRQHandler                          0x00000523   Thumb Code     0  arm_startup_nrf52.o(.text)
    RTC1_IRQHandler                          0x00000523   Thumb Code     0  arm_startup_nrf52.o(.text)
    RTC2_IRQHandler                          0x00000523   Thumb Code     0  arm_startup_nrf52.o(.text)
    SAADC_IRQHandler                         0x00000523   Thumb Code     0  arm_startup_nrf52.o(.text)
    SPIM0_SPIS0_TWIM0_TWIS0_SPI0_TWI0_IRQHandler 0x00000523   Thumb Code     0  arm_startup_nrf52.o(.text)
    SPIM1_SPIS1_TWIM1_TWIS1_SPI1_TWI1_IRQHandler 0x00000523   Thumb Code     0  arm_startup_nrf52.o(.text)
    SPIM2_SPIS2_SPI2_IRQHandler              0x00000523   Thumb Code     0  arm_startup_nrf52.o(.text)
    SWI0_EGU0_IRQHandler                     0x00000523   Thumb Code     0  arm_startup_nrf52.o(.text)
    SWI1_EGU1_IRQHandler                     0x00000523   Thumb Code     0  arm_startup_nrf52.o(.text)
    SWI2_EGU2_IRQHandler                     0x00000523   Thumb Code     0  arm_startup_nrf52.o(.text)
    SWI3_EGU3_IRQHandler                     0x00000523   Thumb Code     0  arm_startup_nrf52.o(.text)
    SWI4_EGU4_IRQHandler                     0x00000523   Thumb Code     0  arm_startup_nrf52.o(.text)
    SWI5_EGU5_IRQHandler                     0x00000523   Thumb Code     0  arm_startup_nrf52.o(.text)
    TEMP_IRQHandler                          0x00000523   Thumb Code     0  arm_startup_nrf52.o(.text)
    TIMER0_IRQHandler                        0x00000523   Thumb Code     0  arm_startup_nrf52.o(.text)
    TIMER1_IRQHandler                        0x00000523   Thumb Code     0  arm_startup_nrf52.o(.text)
    TIMER2_IRQHandler                        0x00000523   Thumb Code     0  arm_startup_nrf52.o(.text)
    TIMER3_IRQHandler                        0x00000523   Thumb Code     0  arm_startup_nrf52.o(.text)
    TIMER4_IRQHandler                        0x00000523   Thumb Code     0  arm_startup_nrf52.o(.text)
    WDT_IRQHandler                           0x00000523   Thumb Code     0  arm_startup_nrf52.o(.text)
    __user_initial_stackheap                 0x00000525   Thumb Code    10  arm_startup_nrf52.o(.text)
    __user_libspace                          0x00000549   Thumb Code     8  libspace.o(.text)
    __user_perproc_libspace                  0x00000549   Thumb Code     0  libspace.o(.text)
    vsnprintf                                0x00000551   Thumb Code    48  vsnprintf.o(.text)
    exit                                     0x00000585   Thumb Code    18  exit.o(.text)
    strlen                                   0x00000597   Thumb Code    62  strlen.o(.text)
    __aeabi_memcpy4                          0x000005d5   Thumb Code     0  rt_memcpy_w.o(.text)
    __aeabi_memcpy8                          0x000005d5   Thumb Code     0  rt_memcpy_w.o(.text)
    __rt_memcpy_w                            0x000005d5   Thumb Code   100  rt_memcpy_w.o(.text)
    _memcpy_lastbytes_aligned                0x0000061d   Thumb Code     0  rt_memcpy_w.o(.text)
    __use_two_region_memory                  0x00000639   Thumb Code     2  heapauxi.o(.text)
    __rt_heap_escrow$2region                 0x0000063b   Thumb Code     2  heapauxi.o(.text)
    __rt_heap_expand$2region                 0x0000063d   Thumb Code     2  heapauxi.o(.text)
    _printf_pre_padding                      0x0000063f   Thumb Code    44  _printf_pad.o(.text)
    _printf_post_padding                     0x0000066b   Thumb Code    34  _printf_pad.o(.text)
    _printf_truncate_signed                  0x0000068d   Thumb Code    18  _printf_truncate.o(.text)
    _printf_truncate_unsigned                0x0000069f   Thumb Code    18  _printf_truncate.o(.text)
    _printf_str                              0x000006b1   Thumb Code    82  _printf_str.o(.text)
    _printf_int_dec                          0x00000705   Thumb Code   104  _printf_dec.o(.text)
    _printf_charcount                        0x0000077d   Thumb Code    40  _printf_charcount.o(.text)
    _printf_char_common                      0x000007af   Thumb Code    32  _printf_char_common.o(.text)
    _sputc                                   0x000007d5   Thumb Code    10  _sputc.o(.text)
    _snputc                                  0x000007df   Thumb Code    16  _snputc.o(.text)
    _printf_wctomb                           0x000007f1   Thumb Code   182  _printf_wctomb.o(.text)
    _printf_longlong_dec                     0x000008ad   Thumb Code   108  _printf_longlong_dec.o(.text)
    _printf_longlong_oct                     0x00000929   Thumb Code    66  _printf_oct_int_ll.o(.text)
    _printf_int_oct                          0x0000096b   Thumb Code    24  _printf_oct_int_ll.o(.text)
    _printf_ll_oct                           0x00000983   Thumb Code    12  _printf_oct_int_ll.o(.text)
    _printf_longlong_hex                     0x00000999   Thumb Code    86  _printf_hex_int_ll_ptr.o(.text)
    _printf_int_hex                          0x000009ef   Thumb Code    28  _printf_hex_int_ll_ptr.o(.text)
    _printf_ll_hex                           0x00000a0b   Thumb Code    12  _printf_hex_int_ll_ptr.o(.text)
    _printf_hex_ptr                          0x00000a17   Thumb Code    18  _printf_hex_int_ll_ptr.o(.text)
    __printf                                 0x00000a2d   Thumb Code   388  __printf_flags_ss_wp.o(.text)
    _ll_udiv10                               0x00000bb5   Thumb Code   138  lludiv10.o(.text)
    _printf_int_common                       0x00000c3f   Thumb Code   178  _printf_intcommon.o(.text)
    __lib_sel_fp_printf                      0x00000cf1   Thumb Code     2  _printf_fp_dec.o(.text)
    _printf_fp_dec_real                      0x00000ea3   Thumb Code   620  _printf_fp_dec.o(.text)
    _printf_fp_hex_real                      0x00001111   Thumb Code   756  _printf_fp_hex.o(.text)
    _printf_cs_common                        0x0000140d   Thumb Code    20  _printf_char.o(.text)
    _printf_char                             0x00001421   Thumb Code    16  _printf_char.o(.text)
    _printf_string                           0x00001431   Thumb Code     8  _printf_char.o(.text)
    _printf_lcs_common                       0x00001439   Thumb Code    20  _printf_wchar.o(.text)
    _printf_wchar                            0x0000144d   Thumb Code    16  _printf_wchar.o(.text)
    _printf_wstring                          0x0000145d   Thumb Code     8  _printf_wchar.o(.text)
    _wcrtomb                                 0x00001465   Thumb Code    64  _wcrtomb.o(.text)
    _sys_exit                                0x000014a5   Thumb Code     8  sys_exit.o(.text)
    __user_setup_stackheap                   0x000014b1   Thumb Code    74  sys_stackheap_outer.o(.text)
    __rt_ctype_table                         0x000014fd   Thumb Code    16  rt_ctype_table.o(.text)
    __rt_locale                              0x0000150d   Thumb Code    10  rt_locale_twolibspace.o(.text)
    _printf_fp_infnan                        0x00001519   Thumb Code   112  _printf_fp_infnan.o(.text)
    _btod_etento                             0x00001599   Thumb Code   224  bigflt0.o(.text)
    __I$use$semihosting                      0x0000167d   Thumb Code     0  use_no_semi.o(.text)
    __use_no_semihosting_swi                 0x0000167d   Thumb Code     2  use_no_semi.o(.text)
    __semihosting_library_function           0x0000167f   Thumb Code     0  indicate_semi.o(.text)
    strcmp                                   0x00001681   Thumb Code   128  strcmpv7m.o(.text)
    _btod_d2e                                0x00001701   Thumb Code    62  btod.o(CL$$btod_d2e)
    _d2e_denorm_low                          0x0000173f   Thumb Code    70  btod.o(CL$$btod_d2e_denorm_low)
    _d2e_norm_op1                            0x00001785   Thumb Code    96  btod.o(CL$$btod_d2e_norm_op1)
    __btod_div_common                        0x000017e5   Thumb Code   696  btod.o(CL$$btod_div_common)
    _e2e                                     0x00001b1d   Thumb Code   220  btod.o(CL$$btod_e2e)
    _btod_ediv                               0x00001bf9   Thumb Code    42  btod.o(CL$$btod_ediv)
    _btod_emul                               0x00001c23   Thumb Code    42  btod.o(CL$$btod_emul)
    __btod_mult_common                       0x00001c4d   Thumb Code   580  btod.o(CL$$btod_mult_common)
    SVC_Count                                0x00001e90   Data           4  svc_table.o(SVC_TABLE)
    GPIOTE_IRQHandler                        0x00001e95   Thumb Code   528  nrfx_gpiote.o(i.GPIOTE_IRQHandler)
    SVC_Table                                0x00001e94   Data           0  svc_table.o(SVC_TABLE)
    LampControl                              0x000020b1   Thumb Code   156  lamp_control.o(i.LampControl)
    LampControlInit                          0x0000217d   Thumb Code   124  lamp_control.o(i.LampControlInit)
    PrintServerInit                          0x00002215   Thumb Code    30  print_server.o(i.PrintServerInit)
    PrintServerPrintf                        0x0000223d   Thumb Code    70  print_server.o(i.PrintServerPrintf)
    SwitchMonitor                            0x00002289   Thumb Code   246  switch_monitor.o(i.SwitchMonitor)
    SwitchMonitorInit                        0x000023fd   Thumb Code   158  switch_monitor.o(i.SwitchMonitorInit)
    SwitchMonitorInterruptCB                 0x000024b5   Thumb Code    20  switch_monitor.o(i.SwitchMonitorInterruptCB)
    SystemCoreClockUpdate                    0x000024cd   Thumb Code     8  system_nrf52.o(i.SystemCoreClockUpdate)
    SystemInit                               0x000024dd   Thumb Code   440  system_nrf52.o(i.SystemInit)
    UARTE0_UART0_IRQHandler                  0x000026c9   Thumb Code    12  nrfx_uart.o(i.UARTE0_UART0_IRQHandler)
    __ARM_fpclassify                         0x000026dd   Thumb Code    48  fpclassify.o(i.__ARM_fpclassify)
    _init_box                                0x0000270d   Thumb Code    70  rt_membox.o(i._init_box)
    _is_digit                                0x00002753   Thumb Code    14  __printf_wp.o(i._is_digit)
    _mutex_acquire                           0x00002761   Thumb Code    22  rtx_conf_cm.o(i._mutex_acquire)
    _mutex_release                           0x00002781   Thumb Code    18  rtx_conf_cm.o(i._mutex_release)
    bsp_board_init                           0x00002845   Thumb Code    26  boards.o(i.bsp_board_init)
    bsp_board_led_off                        0x00002861   Thumb Code    16  boards.o(i.bsp_board_led_off)
    bsp_board_led_on                         0x00002875   Thumb Code    16  boards.o(i.bsp_board_led_on)
    bsp_board_leds_off                       0x000028b9   Thumb Code    20  boards.o(i.bsp_board_leds_off)
    dbg_init                                 0x00002989   Thumb Code    34  hal_cm.o(i.dbg_init)
    dbg_task_notify                          0x000029b9   Thumb Code    32  hal_cm.o(i.dbg_task_notify)
    dbg_task_switch                          0x000029d9   Thumb Code    16  hal_cm.o(i.dbg_task_switch)
    isrMessageGet                            0x00002d29   Thumb Code    42  rt_cmsis.o(i.isrMessageGet)
    isrMessagePut                            0x00002d53   Thumb Code    44  rt_cmsis.o(i.isrMessagePut)
    isrSemaphoreRelease                      0x00002d7f   Thumb Code    40  rt_cmsis.o(i.isrSemaphoreRelease)
    isrSignalSet                             0x00002da7   Thumb Code    36  rt_cmsis.o(i.isrSignalSet)
    isr_evt_set                              0x00002dcd   Thumb Code    34  rt_event.o(i.isr_evt_set)
    isr_mbx_receive                          0x00002df5   Thumb Code    86  rt_mailbox.o(i.isr_mbx_receive)
    isr_mbx_send                             0x00002e4b   Thumb Code    14  rt_mailbox.o(i.isr_mbx_send)
    isr_sem_send                             0x00002e59   Thumb Code    16  rt_semaphore.o(i.isr_sem_send)
    main                                     0x00002e69   Thumb Code    22  main.o(i.main)
    nrfx_gpiote_in_event_enable              0x000030cd   Thumb Code   164  nrfx_gpiote.o(i.nrfx_gpiote_in_event_enable)
    nrfx_gpiote_in_init                      0x00003179   Thumb Code   232  nrfx_gpiote.o(i.nrfx_gpiote_in_init)
    nrfx_gpiote_init                         0x0000326d   Thumb Code   170  nrfx_gpiote.o(i.nrfx_gpiote_init)
    nrfx_uart_init                           0x00003325   Thumb Code   104  nrfx_uart.o(i.nrfx_uart_init)
    nrfx_uart_tx                             0x00003391   Thumb Code   134  nrfx_uart.o(i.nrfx_uart_tx)
    nrfx_uart_tx_in_progress                 0x0000341d   Thumb Code    30  nrfx_uart.o(i.nrfx_uart_tx_in_progress)
    osDelay                                  0x00003441   Thumb Code    18  rt_cmsis.o(i.osDelay)
    osKernelInitialize                       0x00003459   Thumb Code    30  rt_cmsis.o(i.osKernelInitialize)
    osKernelStart                            0x0000347d   Thumb Code    98  rt_cmsis.o(i.osKernelStart)
    osMessageCreate                          0x000034e9   Thumb Code    36  rt_cmsis.o(i.osMessageCreate)
    osMessageGet                             0x00003515   Thumb Code    18  rt_cmsis.o(i.osMessageGet)
    osMessagePut                             0x0000352d   Thumb Code    18  rt_cmsis.o(i.osMessagePut)
    osSemaphoreCreate                        0x00003545   Thumb Code    36  rt_cmsis.o(i.osSemaphoreCreate)
    osSemaphoreRelease                       0x00003571   Thumb Code    18  rt_cmsis.o(i.osSemaphoreRelease)
    osSemaphoreWait                          0x00003589   Thumb Code    20  rt_cmsis.o(i.osSemaphoreWait)
    osSignalSet                              0x000035a1   Thumb Code    18  rt_cmsis.o(i.osSignalSet)
    osSignalWait                             0x000035b9   Thumb Code    18  rt_cmsis.o(i.osSignalWait)
    osThreadCreate                           0x000035d1   Thumb Code    36  rt_cmsis.o(i.osThreadCreate)
    osThreadExit                             0x000035fd   Thumb Code    14  rt_cmsis.o(i.osThreadExit)
    osTimerCall                              0x00003615   Thumb Code     8  rt_cmsis.o(i.osTimerCall)
    osTimerThread                            0x00003621   Thumb Code    38  rt_cmsis.o(i.osTimerThread)
    os_error                                 0x0000364d   Thumb Code    34  rtx_conf_cm.o(i.os_error)
    os_idle_demon                            0x0000366f   Thumb Code     4  rtx_conf_cm.o(i.os_idle_demon)
    os_tick_init                             0x00003675   Thumb Code    32  rt_system.o(i.os_tick_init)
    os_tick_irqack                           0x0000369d   Thumb Code     2  rt_system.o(i.os_tick_irqack)
    rt_alloc_box                             0x00003715   Thumb Code    26  rt_membox.o(i.rt_alloc_box)
    rt_alloc_mem                             0x0000372f   Thumb Code    62  rt_memory.o(i.rt_alloc_mem)
    rt_block                                 0x0000376d   Thumb Code    48  rt_task.o(i.rt_block)
    rt_chk_robin                             0x000037a5   Thumb Code    60  rt_robin.o(i.rt_chk_robin)
    rt_dec_dly                               0x000037ed   Thumb Code   102  rt_list.o(i.rt_dec_dly)
    rt_dispatch                              0x0000385d   Thumb Code    60  rt_task.o(i.rt_dispatch)
    rt_dly_wait                              0x000038a1   Thumb Code     6  rt_time.o(i.rt_dly_wait)
    rt_evt_psh                               0x000038a9   Thumb Code    76  rt_event.o(i.rt_evt_psh)
    rt_evt_set                               0x000038f9   Thumb Code    88  rt_event.o(i.rt_evt_set)
    rt_evt_wait                              0x00003955   Thumb Code    56  rt_event.o(i.rt_evt_wait)
    rt_free_box                              0x00003991   Thumb Code    44  rt_membox.o(i.rt_free_box)
    rt_free_mem                              0x000039bd   Thumb Code    40  rt_memory.o(i.rt_free_mem)
    rt_get_first                             0x000039e5   Thumb Code    40  rt_list.o(i.rt_get_first)
    rt_init_mem                              0x00003a5d   Thumb Code    26  rt_memory.o(i.rt_init_mem)
    rt_init_robin                            0x00003a79   Thumb Code    14  rt_robin.o(i.rt_init_robin)
    rt_init_stack                            0x00003a91   Thumb Code   118  hal_cm.o(i.rt_init_stack)
    rt_mbx_check                             0x00003b11   Thumb Code     8  rt_mailbox.o(i.rt_mbx_check)
    rt_mbx_init                              0x00003b19   Thumb Code    26  rt_mailbox.o(i.rt_mbx_init)
    rt_mbx_psh                               0x00003b35   Thumb Code   236  rt_mailbox.o(i.rt_mbx_psh)
    rt_mbx_send                              0x00003c25   Thumb Code   148  rt_mailbox.o(i.rt_mbx_send)
    rt_mbx_wait                              0x00003cbd   Thumb Code   174  rt_mailbox.o(i.rt_mbx_wait)
    rt_mut_release                           0x00003db5   Thumb Code   208  rt_mutex.o(i.rt_mut_release)
    rt_mut_wait                              0x00003e8d   Thumb Code   114  rt_mutex.o(i.rt_mut_wait)
    rt_pop_req                               0x00003f05   Thumb Code   112  rt_system.o(i.rt_pop_req)
    rt_psh_req                               0x00003f81   Thumb Code    22  rt_system.o(i.rt_psh_req)
    rt_psq_enq                               0x00003fa1   Thumb Code    88  rt_list.o(i.rt_psq_enq)
    rt_put_dly                               0x00003ffd   Thumb Code    68  rt_list.o(i.rt_put_dly)
    rt_put_prio                              0x00004045   Thumb Code    54  rt_list.o(i.rt_put_prio)
    rt_put_rdy_first                         0x0000407d   Thumb Code    14  rt_list.o(i.rt_put_rdy_first)
    rt_resort_prio                           0x00004091   Thumb Code    46  rt_list.o(i.rt_resort_prio)
    rt_ret_val                               0x000040d5   Thumb Code    12  hal_cm.o(i.rt_ret_val)
    rt_ret_val2                              0x000040e1   Thumb Code    16  hal_cm.o(i.rt_ret_val2)
    rt_rmv_dly                               0x000040f1   Thumb Code    40  rt_list.o(i.rt_rmv_dly)
    rt_rmv_list                              0x00004119   Thumb Code    44  rt_list.o(i.rt_rmv_list)
    rt_sem_init                              0x00004149   Thumb Code    12  rt_semaphore.o(i.rt_sem_init)
    rt_sem_psh                               0x00004155   Thumb Code    48  rt_semaphore.o(i.rt_sem_psh)
    rt_sem_send                              0x00004189   Thumb Code    42  rt_semaphore.o(i.rt_sem_send)
    rt_sem_wait                              0x000041b5   Thumb Code    58  rt_semaphore.o(i.rt_sem_wait)
    rt_stk_check                             0x000041f5   Thumb Code    28  rt_system.o(i.rt_stk_check)
    rt_switch_req                            0x00004219   Thumb Code    30  rt_task.o(i.rt_switch_req)
    rt_sys_init                              0x00004241   Thumb Code   138  rt_task.o(i.rt_sys_init)
    rt_sys_start                             0x0000430d   Thumb Code   110  rt_task.o(i.rt_sys_start)
    rt_systick                               0x00004385   Thumb Code    50  rt_system.o(i.rt_systick)
    rt_tsk_create                            0x0000440d   Thumb Code   118  rt_task.o(i.rt_tsk_create)
    rt_tsk_delete                            0x00004495   Thumb Code   352  rt_task.o(i.rt_tsk_delete)
    rt_tsk_prio                              0x00004611   Thumb Code   108  rt_task.o(i.rt_tsk_prio)
    rt_tsk_self                              0x0000468d   Thumb Code    12  rt_task.o(i.rt_tsk_self)
    svcDelay                                 0x000046f7   Thumb Code    18  rt_cmsis.o(i.svcDelay)
    svcKernelInitialize                      0x00004709   Thumb Code    80  rt_cmsis.o(i.svcKernelInitialize)
    svcKernelStart                           0x00004779   Thumb Code    62  rt_cmsis.o(i.svcKernelStart)
    svcMessageCreate                         0x000047c1   Thumb Code    36  rt_cmsis.o(i.svcMessageCreate)
    svcMessageGet                            0x000047e5   Thumb Code    58  rt_cmsis.o(i.svcMessageGet)
    svcMessagePut                            0x0000481f   Thumb Code    54  rt_cmsis.o(i.svcMessagePut)
    svcSemaphoreCreate                       0x00004855   Thumb Code    36  rt_cmsis.o(i.svcSemaphoreCreate)
    svcSemaphoreRelease                      0x00004879   Thumb Code    40  rt_cmsis.o(i.svcSemaphoreRelease)
    svcSemaphoreWait                         0x000048a1   Thumb Code    50  rt_cmsis.o(i.svcSemaphoreWait)
    svcSignalSet                             0x000048d3   Thumb Code    36  rt_cmsis.o(i.svcSignalSet)
    svcSignalWait                            0x000048f9   Thumb Code    80  rt_cmsis.o(i.svcSignalWait)
    svcThreadCreate                          0x0000494d   Thumb Code    96  rt_cmsis.o(i.svcThreadCreate)
    svcThreadGetId                           0x000049b9   Thumb Code    22  rt_cmsis.o(i.svcThreadGetId)
    svcThreadTerminate                       0x000049d5   Thumb Code    50  rt_cmsis.o(i.svcThreadTerminate)
    svcTimerCall                             0x00004a0d   Thumb Code    24  rt_cmsis.o(i.svcTimerCall)
    sysTimerTick                             0x00004a25   Thumb Code    84  rt_cmsis.o(i.sysTimerTick)
    _get_lc_numeric                          0x00004c49   Thumb Code    44  lc_numeric_c.o(locale$$code)
    _get_lc_ctype                            0x00004c75   Thumb Code    44  lc_ctype_c.o(locale$$code)
    _fp_init                                 0x00004ca1   Thumb Code    10  fpinit.o(x$fpl$fpinit)
    __fplib_config_fpu_vfp                   0x00004ca9   Thumb Code     0  fpinit.o(x$fpl$fpinit)
    __fplib_config_pureend_doubles           0x00004ca9   Thumb Code     0  fpinit.o(x$fpl$fpinit)
    _printf_fp_dec                           0x00004cab   Thumb Code     4  printf1.o(x$fpl$printf1)
    _printf_fp_hex                           0x00004caf   Thumb Code     4  printf2.o(x$fpl$printf2)
    __I$use$fp                               0x00004cb2   Number         0  usenofp.o(x$fpl$usenofp)
    os_mutex_def_uart_mutex                  0x00004cb4   Data           4  lamp_control.o(.constdata)
    os_semaphore_def_semMultiplex            0x00004cb8   Data           4  lamp_control.o(.constdata)
    os_thread_def_LampControl                0x00004cbc   Data          16  lamp_control.o(.constdata)
    os_messageQ_def_switch_msg_q             0x00004cec   Data           8  switch_monitor.o(.constdata)
    os_thread_def_SwitchMonitor              0x00004cf4   Data          16  switch_monitor.o(.constdata)
    os_maxtaskrun                            0x00004d50   Data           2  rtx_conf_cm.o(.constdata)
    os_stackinfo                             0x00004d54   Data           4  rtx_conf_cm.o(.constdata)
    os_rrobin                                0x00004d58   Data           4  rtx_conf_cm.o(.constdata)
    os_tickfreq                              0x00004d5c   Data           4  rtx_conf_cm.o(.constdata)
    os_tickus_i                              0x00004d60   Data           2  rtx_conf_cm.o(.constdata)
    os_tickus_f                              0x00004d62   Data           2  rtx_conf_cm.o(.constdata)
    os_trv                                   0x00004d64   Data           4  rtx_conf_cm.o(.constdata)
    os_flags                                 0x00004d68   Data           1  rtx_conf_cm.o(.constdata)
    CMSIS_RTOS_API_Version                   0x00004d6c   Data           4  rtx_conf_cm.o(.constdata)
    CMSIS_RTOS_RTX_Version                   0x00004d70   Data           4  rtx_conf_cm.o(.constdata)
    os_clockrate                             0x00004d74   Data           4  rtx_conf_cm.o(.constdata)
    os_timernum                              0x00004d78   Data           4  rtx_conf_cm.o(.constdata)
    mp_tcb_size                              0x00004d7c   Data           2  rtx_conf_cm.o(.constdata)
    mp_stk_size                              0x00004d80   Data           4  rtx_conf_cm.o(.constdata)
    os_stack_sz                              0x00004d84   Data           4  rtx_conf_cm.o(.constdata)
    os_fifo_size                             0x00004d88   Data           1  rtx_conf_cm.o(.constdata)
    os_thread_def_osTimerThread              0x00004d8c   Data          16  rtx_conf_cm.o(.constdata)
    os_messageQ_def_osTimerMessageQ          0x00004d9c   Data           8  rtx_conf_cm.o(.constdata)
    mp_tmr_size                              0x00004da4   Data           2  rtx_conf_cm.o(.constdata)
    os_thread_def_main                       0x00004da8   Data          16  rtx_conf_cm.o(.constdata)
    Region$$Table$$Base                      0x00004eb4   Number         0  anon$$obj.o(Region$$Table)
    Region$$Table$$Limit                     0x00004ed4   Number         0  anon$$obj.o(Region$$Table)
    __ctype                                  0x00004efd   Data           0  lc_ctype_c.o(locale$$data)
    uart_mutex_ID                            0x20000000   Data           4  lamp_control.o(.data)
    Led1_ID                                  0x20000004   Data           4  lamp_control.o(.data)
    Led2_ID                                  0x20000008   Data           4  lamp_control.o(.data)
    Led3_ID                                  0x2000000c   Data           4  lamp_control.o(.data)
    Led4_ID                                  0x20000010   Data           4  lamp_control.o(.data)
    semMultiplex_ID                          0x20000014   Data           4  lamp_control.o(.data)
    os_semaphore_cb_semMultiplex             0x20000018   Data           8  lamp_control.o(.data)
    lamp1_blinking                           0x20000028   Data           1  switch_monitor.o(.data)
    lamp2_blinking                           0x20000029   Data           1  switch_monitor.o(.data)
    lamp3_blinking                           0x2000002a   Data           1  switch_monitor.o(.data)
    lamp4_blinking                           0x2000002b   Data           1  switch_monitor.o(.data)
    switch_msg_qid                           0x2000002c   Data           4  switch_monitor.o(.data)
    SwitchMonitor_ID                         0x20000030   Data           4  switch_monitor.o(.data)
    osThreadId_osTimerThread                 0x20000034   Data           4  rtx_conf_cm.o(.data)
    osMessageQId_osTimerMessageQ             0x20000038   Data           4  rtx_conf_cm.o(.data)
    os_tmr                                   0x2000003c   Data           4  rtx_conf_cm.o(.data)
    m_tmr                                    0x20000040   Data           4  rtx_conf_cm.o(.data)
    SystemCoreClock                          0x20000048   Data           4  system_nrf52.o(.data)
    os_initialized                           0x2000004c   Data           1  rt_cmsis.o(.data)
    os_running                               0x2000004d   Data           1  rt_cmsis.o(.data)
    os_timer_head                            0x20000050   Data           4  rt_cmsis.o(.data)
    os_tsk                                   0x20000054   Data           8  rt_task.o(.data)
    os_tick_irqn                             0x20000060   Data           4  rt_system.o(.data)
    os_time                                  0x20000064   Data           4  rt_time.o(.data)
    os_robin                                 0x20000068   Data           8  rt_robin.o(.data)
    dbg_msg                                  0x20000070   Data           1  hal_cm.o(.data)
    os_mutex_cb_uart_mutex                   0x20000074   Data          16  lamp_control.o(.bss)
    os_messageQ_q_switch_msg_q               0x20000084   Data          80  switch_monitor.o(.bss)
    mp_tcb                                   0x20000150   Data         376  rtx_conf_cm.o(.bss)
    mp_stk                                   0x200002c8   Data        3616  rtx_conf_cm.o(.bss)
    os_stack_mem                             0x200010e8   Data         832  rtx_conf_cm.o(.bss)
    os_fifo                                  0x20001428   Data         132  rtx_conf_cm.o(.bss)
    os_active_TCB                            0x200014ac   Data          28  rtx_conf_cm.o(.bss)
    os_messageQ_q_osTimerMessageQ            0x200014c8   Data          32  rtx_conf_cm.o(.bss)
    os_idle_TCB                              0x20001808   Data          52  rt_task.o(.bss)
    os_rdy                                   0x2000183c   Data          24  rt_list.o(.bss)
    os_dly                                   0x20001854   Data          24  rt_list.o(.bss)
    __libspace_start                         0x2000186c   Data          96  libspace.o(.bss)
    __temporary_stack_top$libspace           0x200018cc   Data           0  libspace.o(.bss)



==============================================================================

Memory Map of the image

  Image Entry point : 0x00000509

  Load Region LR_1 (Base: 0x00000000, Size: 0x00005074, Max: 0xffffffff, ABSOLUTE)

    Execution Region ER_RO (Exec base: 0x00000000, Load base: 0x00000000, Size: 0x00005000, Max: 0xffffffff, ABSOLUTE)

    Exec Addr    Load Addr    Size         Type   Attr      Idx    E Section Name        Object

    0x00000000   0x00000000   0x00000200   Data   RO         1104    RESET               arm_startup_nrf52.o
    0x00000200   0x00000200   0x00000008   Code   RO         2430  * !!!main             c_w.l(__main.o)
    0x00000208   0x00000208   0x00000034   Code   RO         2759    !!!scatter          c_w.l(__scatter.o)
    0x0000023c   0x0000023c   0x0000001a   Code   RO         2761    !!handler_copy      c_w.l(__scatter_copy.o)
    0x00000256   0x00000256   0x00000002   PAD
    0x00000258   0x00000258   0x0000001c   Code   RO         2763    !!handler_zi        c_w.l(__scatter_zi.o)
    0x00000274   0x00000274   0x00000000   Code   RO         2522    .ARM.Collect$$_printf_percent$$00000000  c_w.l(_printf_percent.o)
    0x00000274   0x00000274   0x00000006   Code   RO         2511    .ARM.Collect$$_printf_percent$$00000001  c_w.l(_printf_n.o)
    0x0000027a   0x0000027a   0x00000006   Code   RO         2513    .ARM.Collect$$_printf_percent$$00000002  c_w.l(_printf_p.o)
    0x00000280   0x00000280   0x00000006   Code   RO         2518    .ARM.Collect$$_printf_percent$$00000003  c_w.l(_printf_f.o)
    0x00000286   0x00000286   0x00000006   Code   RO         2519    .ARM.Collect$$_printf_percent$$00000004  c_w.l(_printf_e.o)
    0x0000028c   0x0000028c   0x00000006   Code   RO         2520    .ARM.Collect$$_printf_percent$$00000005  c_w.l(_printf_g.o)
    0x00000292   0x00000292   0x00000006   Code   RO         2521    .ARM.Collect$$_printf_percent$$00000006  c_w.l(_printf_a.o)
    0x00000298   0x00000298   0x0000000a   Code   RO         2526    .ARM.Collect$$_printf_percent$$00000007  c_w.l(_printf_ll.o)
    0x000002a2   0x000002a2   0x00000006   Code   RO         2515    .ARM.Collect$$_printf_percent$$00000008  c_w.l(_printf_i.o)
    0x000002a8   0x000002a8   0x00000006   Code   RO         2516    .ARM.Collect$$_printf_percent$$00000009  c_w.l(_printf_d.o)
    0x000002ae   0x000002ae   0x00000006   Code   RO         2517    .ARM.Collect$$_printf_percent$$0000000A  c_w.l(_printf_u.o)
    0x000002b4   0x000002b4   0x00000006   Code   RO         2514    .ARM.Collect$$_printf_percent$$0000000B  c_w.l(_printf_o.o)
    0x000002ba   0x000002ba   0x00000006   Code   RO         2512    .ARM.Collect$$_printf_percent$$0000000C  c_w.l(_printf_x.o)
    0x000002c0   0x000002c0   0x00000006   Code   RO         2523    .ARM.Collect$$_printf_percent$$0000000D  c_w.l(_printf_lli.o)
    0x000002c6   0x000002c6   0x00000006   Code   RO         2524    .ARM.Collect$$_printf_percent$$0000000E  c_w.l(_printf_lld.o)
    0x000002cc   0x000002cc   0x00000006   Code   RO         2525    .ARM.Collect$$_printf_percent$$0000000F  c_w.l(_printf_llu.o)
    0x000002d2   0x000002d2   0x00000006   Code   RO         2530    .ARM.Collect$$_printf_percent$$00000010  c_w.l(_printf_llo.o)
    0x000002d8   0x000002d8   0x00000006   Code   RO         2531    .ARM.Collect$$_printf_percent$$00000011  c_w.l(_printf_llx.o)
    0x000002de   0x000002de   0x0000000a   Code   RO         2527    .ARM.Collect$$_printf_percent$$00000012  c_w.l(_printf_l.o)
    0x000002e8   0x000002e8   0x00000006   Code   RO         2509    .ARM.Collect$$_printf_percent$$00000013  c_w.l(_printf_c.o)
    0x000002ee   0x000002ee   0x00000006   Code   RO         2510    .ARM.Collect$$_printf_percent$$00000014  c_w.l(_printf_s.o)
    0x000002f4   0x000002f4   0x00000006   Code   RO         2528    .ARM.Collect$$_printf_percent$$00000015  c_w.l(_printf_lc.o)
    0x000002fa   0x000002fa   0x00000006   Code   RO         2529    .ARM.Collect$$_printf_percent$$00000016  c_w.l(_printf_ls.o)
    0x00000300   0x00000300   0x00000004   Code   RO         2579    .ARM.Collect$$_printf_percent$$00000017  c_w.l(_printf_percent_end.o)
    0x00000304   0x00000304   0x00000002   Code   RO         2635    .ARM.Collect$$libinit$$00000000  c_w.l(libinit.o)
    0x00000306   0x00000306   0x00000004   Code   RO         2656    .ARM.Collect$$libinit$$00000001  c_w.l(libinit2.o)
    0x0000030a   0x0000030a   0x00000000   Code   RO         2659    .ARM.Collect$$libinit$$00000004  c_w.l(libinit2.o)
    0x0000030a   0x0000030a   0x00000000   Code   RO         2662    .ARM.Collect$$libinit$$0000000A  c_w.l(libinit2.o)
    0x0000030a   0x0000030a   0x00000000   Code   RO         2664    .ARM.Collect$$libinit$$0000000C  c_w.l(libinit2.o)
    0x0000030a   0x0000030a   0x00000000   Code   RO         2666    .ARM.Collect$$libinit$$0000000E  c_w.l(libinit2.o)
    0x0000030a   0x0000030a   0x00000006   Code   RO         2667    .ARM.Collect$$libinit$$0000000F  c_w.l(libinit2.o)
    0x00000310   0x00000310   0x00000000   Code   RO         2669    .ARM.Collect$$libinit$$00000011  c_w.l(libinit2.o)
    0x00000310   0x00000310   0x0000000c   Code   RO         2670    .ARM.Collect$$libinit$$00000012  c_w.l(libinit2.o)
    0x0000031c   0x0000031c   0x00000000   Code   RO         2671    .ARM.Collect$$libinit$$00000013  c_w.l(libinit2.o)
    0x0000031c   0x0000031c   0x00000000   Code   RO         2673    .ARM.Collect$$libinit$$00000015  c_w.l(libinit2.o)
    0x0000031c   0x0000031c   0x0000000a   Code   RO         2674    .ARM.Collect$$libinit$$00000016  c_w.l(libinit2.o)
    0x00000326   0x00000326   0x00000000   Code   RO         2675    .ARM.Collect$$libinit$$00000017  c_w.l(libinit2.o)
    0x00000326   0x00000326   0x00000000   Code   RO         2677    .ARM.Collect$$libinit$$00000019  c_w.l(libinit2.o)
    0x00000326   0x00000326   0x00000000   Code   RO         2679    .ARM.Collect$$libinit$$0000001B  c_w.l(libinit2.o)
    0x00000326   0x00000326   0x00000000   Code   RO         2681    .ARM.Collect$$libinit$$0000001D  c_w.l(libinit2.o)
    0x00000326   0x00000326   0x00000000   Code   RO         2683    .ARM.Collect$$libinit$$0000001F  c_w.l(libinit2.o)
    0x00000326   0x00000326   0x00000000   Code   RO         2685    .ARM.Collect$$libinit$$00000021  c_w.l(libinit2.o)
    0x00000326   0x00000326   0x00000000   Code   RO         2687    .ARM.Collect$$libinit$$00000023  c_w.l(libinit2.o)
    0x00000326   0x00000326   0x00000000   Code   RO         2689    .ARM.Collect$$libinit$$00000025  c_w.l(libinit2.o)
    0x00000326   0x00000326   0x00000000   Code   RO         2693    .ARM.Collect$$libinit$$0000002C  c_w.l(libinit2.o)
    0x00000326   0x00000326   0x00000000   Code   RO         2695    .ARM.Collect$$libinit$$0000002E  c_w.l(libinit2.o)
    0x00000326   0x00000326   0x00000000   Code   RO         2697    .ARM.Collect$$libinit$$00000030  c_w.l(libinit2.o)
    0x00000326   0x00000326   0x00000000   Code   RO         2699    .ARM.Collect$$libinit$$00000032  c_w.l(libinit2.o)
    0x00000326   0x00000326   0x00000002   Code   RO         2700    .ARM.Collect$$libinit$$00000033  c_w.l(libinit2.o)
    0x00000328   0x00000328   0x00000002   Code   RO         2636    .ARM.Collect$$libshutdown$$00000000  c_w.l(libshutdown.o)
    0x0000032a   0x0000032a   0x00000000   Code   RO         2702    .ARM.Collect$$libshutdown$$00000002  c_w.l(libshutdown2.o)
    0x0000032a   0x0000032a   0x00000000   Code   RO         2704    .ARM.Collect$$libshutdown$$00000004  c_w.l(libshutdown2.o)
    0x0000032a   0x0000032a   0x00000000   Code   RO         2707    .ARM.Collect$$libshutdown$$00000007  c_w.l(libshutdown2.o)
    0x0000032a   0x0000032a   0x00000000   Code   RO         2710    .ARM.Collect$$libshutdown$$0000000A  c_w.l(libshutdown2.o)
    0x0000032a   0x0000032a   0x00000000   Code   RO         2712    .ARM.Collect$$libshutdown$$0000000C  c_w.l(libshutdown2.o)
    0x0000032a   0x0000032a   0x00000000   Code   RO         2715    .ARM.Collect$$libshutdown$$0000000F  c_w.l(libshutdown2.o)
    0x0000032a   0x0000032a   0x00000002   Code   RO         2716    .ARM.Collect$$libshutdown$$00000010  c_w.l(libshutdown2.o)
    0x0000032c   0x0000032c   0x00000000   Code   RO         2432    .ARM.Collect$$rtentry$$00000000  c_w.l(__rtentry.o)
    0x0000032c   0x0000032c   0x00000000   Code   RO         2541    .ARM.Collect$$rtentry$$00000002  c_w.l(__rtentry2.o)
    0x0000032c   0x0000032c   0x00000006   Code   RO         2553    .ARM.Collect$$rtentry$$00000004  c_w.l(__rtentry4.o)
    0x00000332   0x00000332   0x00000000   Code   RO         2543    .ARM.Collect$$rtentry$$00000009  c_w.l(__rtentry2.o)
    0x00000332   0x00000332   0x00000004   Code   RO         2544    .ARM.Collect$$rtentry$$0000000A  c_w.l(__rtentry2.o)
    0x00000336   0x00000336   0x00000008   Code   RO         2545    .ARM.Collect$$rtentry$$0000000B  c_w.l(__rtentry2.o)
    0x0000033e   0x0000033e   0x00000008   Code   RO         2547    .ARM.Collect$$rtentry$$0000000D  c_w.l(__rtentry2.o)
    0x00000346   0x00000346   0x00000002   Code   RO         2433    .ARM.Collect$$rtexit$$00000000  c_w.l(rtexit.o)
    0x00000348   0x00000348   0x00000000   Code   RO         2556    .ARM.Collect$$rtexit$$00000002  c_w.l(rtexit2.o)
    0x00000348   0x00000348   0x00000004   Code   RO         2557    .ARM.Collect$$rtexit$$00000003  c_w.l(rtexit2.o)
    0x0000034c   0x0000034c   0x00000006   Code   RO         2558    .ARM.Collect$$rtexit$$00000004  c_w.l(rtexit2.o)
    0x00000352   0x00000352   0x00000002   PAD
    0x00000354   0x00000354   0x0000001c   Code   RO         1044    .emb_text           rtx_conf_cm.o
    0x00000370   0x00000370   0x00000198   Code   RO         2400    .emb_text           RTX_CM4.lib(hal_cm4.o)
    0x00000508   0x00000508   0x00000040   Code   RO         1105  * .text               arm_startup_nrf52.o
    0x00000548   0x00000548   0x00000008   Code   RO         2415    .text               c_w.l(libspace.o)
    0x00000550   0x00000550   0x00000034   Code   RO         2420    .text               c_w.l(vsnprintf.o)
    0x00000584   0x00000584   0x00000012   Code   RO         2422    .text               c_w.l(exit.o)
    0x00000596   0x00000596   0x0000003e   Code   RO         2424    .text               c_w.l(strlen.o)
    0x000005d4   0x000005d4   0x00000064   Code   RO         2426    .text               c_w.l(rt_memcpy_w.o)
    0x00000638   0x00000638   0x00000006   Code   RO         2428    .text               c_w.l(heapauxi.o)
    0x0000063e   0x0000063e   0x0000004e   Code   RO         2441    .text               c_w.l(_printf_pad.o)
    0x0000068c   0x0000068c   0x00000024   Code   RO         2443    .text               c_w.l(_printf_truncate.o)
    0x000006b0   0x000006b0   0x00000052   Code   RO         2445    .text               c_w.l(_printf_str.o)
    0x00000702   0x00000702   0x00000002   PAD
    0x00000704   0x00000704   0x00000078   Code   RO         2447    .text               c_w.l(_printf_dec.o)
    0x0000077c   0x0000077c   0x00000028   Code   RO         2449    .text               c_w.l(_printf_charcount.o)
    0x000007a4   0x000007a4   0x00000030   Code   RO         2451    .text               c_w.l(_printf_char_common.o)
    0x000007d4   0x000007d4   0x0000000a   Code   RO         2453    .text               c_w.l(_sputc.o)
    0x000007de   0x000007de   0x00000010   Code   RO         2455    .text               c_w.l(_snputc.o)
    0x000007ee   0x000007ee   0x00000002   PAD
    0x000007f0   0x000007f0   0x000000bc   Code   RO         2457    .text               c_w.l(_printf_wctomb.o)
    0x000008ac   0x000008ac   0x0000007c   Code   RO         2460    .text               c_w.l(_printf_longlong_dec.o)
    0x00000928   0x00000928   0x00000070   Code   RO         2466    .text               c_w.l(_printf_oct_int_ll.o)
    0x00000998   0x00000998   0x00000094   Code   RO         2486    .text               c_w.l(_printf_hex_int_ll_ptr.o)
    0x00000a2c   0x00000a2c   0x00000188   Code   RO         2506    .text               c_w.l(__printf_flags_ss_wp.o)
    0x00000bb4   0x00000bb4   0x0000008a   Code   RO         2564    .text               c_w.l(lludiv10.o)
    0x00000c3e   0x00000c3e   0x000000b2   Code   RO         2566    .text               c_w.l(_printf_intcommon.o)
    0x00000cf0   0x00000cf0   0x0000041e   Code   RO         2568    .text               c_w.l(_printf_fp_dec.o)
    0x0000110e   0x0000110e   0x00000002   PAD
    0x00001110   0x00001110   0x000002fc   Code   RO         2570    .text               c_w.l(_printf_fp_hex.o)
    0x0000140c   0x0000140c   0x0000002c   Code   RO         2575    .text               c_w.l(_printf_char.o)
    0x00001438   0x00001438   0x0000002c   Code   RO         2577    .text               c_w.l(_printf_wchar.o)
    0x00001464   0x00001464   0x00000040   Code   RO         2580    .text               c_w.l(_wcrtomb.o)
    0x000014a4   0x000014a4   0x0000000c   Code   RO         2582    .text               c_w.l(sys_exit.o)
    0x000014b0   0x000014b0   0x0000004a   Code   RO         2584    .text               c_w.l(sys_stackheap_outer.o)
    0x000014fa   0x000014fa   0x00000002   PAD
    0x000014fc   0x000014fc   0x00000010   Code   RO         2586    .text               c_w.l(rt_ctype_table.o)
    0x0000150c   0x0000150c   0x0000000a   Code   RO         2593    .text               c_w.l(rt_locale_twolibspace.o)
    0x00001516   0x00001516   0x00000002   PAD
    0x00001518   0x00001518   0x00000080   Code   RO         2595    .text               c_w.l(_printf_fp_infnan.o)
    0x00001598   0x00001598   0x000000e4   Code   RO         2597    .text               c_w.l(bigflt0.o)
    0x0000167c   0x0000167c   0x00000002   Code   RO         2642    .text               c_w.l(use_no_semi.o)
    0x0000167e   0x0000167e   0x00000000   Code   RO         2644    .text               c_w.l(indicate_semi.o)
    0x0000167e   0x0000167e   0x00000002   PAD
    0x00001680   0x00001680   0x00000080   Code   RO         2654    .text               c_w.l(strcmpv7m.o)
    0x00001700   0x00001700   0x0000003e   Code   RO         2600    CL$$btod_d2e        c_w.l(btod.o)
    0x0000173e   0x0000173e   0x00000046   Code   RO         2602    CL$$btod_d2e_denorm_low  c_w.l(btod.o)
    0x00001784   0x00001784   0x00000060   Code   RO         2601    CL$$btod_d2e_norm_op1  c_w.l(btod.o)
    0x000017e4   0x000017e4   0x00000338   Code   RO         2610    CL$$btod_div_common  c_w.l(btod.o)
    0x00001b1c   0x00001b1c   0x000000dc   Code   RO         2607    CL$$btod_e2e        c_w.l(btod.o)
    0x00001bf8   0x00001bf8   0x0000002a   Code   RO         2604    CL$$btod_ediv       c_w.l(btod.o)
    0x00001c22   0x00001c22   0x0000002a   Code   RO         2603    CL$$btod_emul       c_w.l(btod.o)
    0x00001c4c   0x00001c4c   0x00000244   Code   RO         2609    CL$$btod_mult_common  c_w.l(btod.o)
    0x00001e90   0x00001e90   0x00000004   Code   RO         2410    SVC_TABLE           RTX_CM4.lib(svc_table.o)
    0x00001e94   0x00001e94   0x0000021c   Code   RO          729    i.GPIOTE_IRQHandler  nrfx_gpiote.o
    0x000020b0   0x000020b0   0x000000cc   Code   RO            4    i.LampControl       lamp_control.o
    0x0000217c   0x0000217c   0x00000098   Code   RO            5    i.LampControlInit   lamp_control.o
    0x00002214   0x00002214   0x00000028   Code   RO          210    i.PrintServerInit   print_server.o
    0x0000223c   0x0000223c   0x0000004c   Code   RO          211    i.PrintServerPrintf  print_server.o
    0x00002288   0x00002288   0x00000174   Code   RO          265    i.SwitchMonitor     switch_monitor.o
    0x000023fc   0x000023fc   0x000000b8   Code   RO          266    i.SwitchMonitorInit  switch_monitor.o
    0x000024b4   0x000024b4   0x00000018   Code   RO          267    i.SwitchMonitorInterruptCB  switch_monitor.o
    0x000024cc   0x000024cc   0x00000010   Code   RO         1112    i.SystemCoreClockUpdate  system_nrf52.o
    0x000024dc   0x000024dc   0x000001ec   Code   RO         1113    i.SystemInit        system_nrf52.o
    0x000026c8   0x000026c8   0x00000014   Code   RO          455    i.UARTE0_UART0_IRQHandler  nrfx_uart.o
    0x000026dc   0x000026dc   0x00000030   Code   RO         2640    i.__ARM_fpclassify  m_wm.l(fpclassify.o)
    0x0000270c   0x0000270c   0x00000046   Code   RO         2294    i._init_box         RTX_CM4.lib(rt_membox.o)
    0x00002752   0x00002752   0x0000000e   Code   RO         2499    i._is_digit         c_w.l(__printf_wp.o)
    0x00002760   0x00002760   0x00000020   Code   RO         1046    i._mutex_acquire    rtx_conf_cm.o
    0x00002780   0x00002780   0x0000001c   Code   RO         1048    i._mutex_release    rtx_conf_cm.o
    0x0000279c   0x0000279c   0x0000007c   Code   RO          456    i.apply_config      nrfx_uart.o
    0x00002818   0x00002818   0x0000002c   Code   RO          339    i.bsp_board_buttons_init  boards.o
    0x00002844   0x00002844   0x0000001a   Code   RO          340    i.bsp_board_init    boards.o
    0x0000285e   0x0000285e   0x00000002   PAD
    0x00002860   0x00002860   0x00000014   Code   RO          343    i.bsp_board_led_off  boards.o
    0x00002874   0x00002874   0x00000014   Code   RO          344    i.bsp_board_led_on  boards.o
    0x00002888   0x00002888   0x00000030   Code   RO          346    i.bsp_board_leds_init  boards.o
    0x000028b8   0x000028b8   0x00000014   Code   RO          347    i.bsp_board_leds_off  boards.o
    0x000028cc   0x000028cc   0x00000020   Code   RO          730    i.channel_free      nrfx_gpiote.o
    0x000028ec   0x000028ec   0x00000010   Code   RO          731    i.channel_handler_get  nrfx_gpiote.o
    0x000028fc   0x000028fc   0x00000080   Code   RO          732    i.channel_port_alloc  nrfx_gpiote.o
    0x0000297c   0x0000297c   0x0000000c   Code   RO          733    i.channel_port_get  nrfx_gpiote.o
    0x00002988   0x00002988   0x00000030   Code   RO         2347    i.dbg_init          RTX_CM4.lib(hal_cm.o)
    0x000029b8   0x000029b8   0x00000020   Code   RO         2348    i.dbg_task_notify   RTX_CM4.lib(hal_cm.o)
    0x000029d8   0x000029d8   0x00000010   Code   RO         2349    i.dbg_task_switch   RTX_CM4.lib(hal_cm.o)
    0x000029e8   0x000029e8   0x00000054   Code   RO         1114    i.errata_108        system_nrf52.o
    0x00002a3c   0x00002a3c   0x00000054   Code   RO         1115    i.errata_12         system_nrf52.o
    0x00002a90   0x00002a90   0x00000054   Code   RO         1116    i.errata_136        system_nrf52.o
    0x00002ae4   0x00002ae4   0x00000030   Code   RO         1117    i.errata_16         system_nrf52.o
    0x00002b14   0x00002b14   0x00000020   Code   RO         1118    i.errata_182        system_nrf52.o
    0x00002b34   0x00002b34   0x00000054   Code   RO         1119    i.errata_31         system_nrf52.o
    0x00002b88   0x00002b88   0x00000030   Code   RO         1120    i.errata_32         system_nrf52.o
    0x00002bb8   0x00002bb8   0x00000054   Code   RO         1121    i.errata_36         system_nrf52.o
    0x00002c0c   0x00002c0c   0x00000030   Code   RO         1122    i.errata_37         system_nrf52.o
    0x00002c3c   0x00002c3c   0x00000030   Code   RO         1123    i.errata_57         system_nrf52.o
    0x00002c6c   0x00002c6c   0x00000030   Code   RO         1124    i.errata_66         system_nrf52.o
    0x00002c9c   0x00002c9c   0x0000008c   Code   RO          458    i.interrupts_enable  nrfx_uart.o
    0x00002d28   0x00002d28   0x0000002a   Code   RO         1203    i.isrMessageGet     RTX_CM4.lib(rt_cmsis.o)
    0x00002d52   0x00002d52   0x0000002c   Code   RO         1204    i.isrMessagePut     RTX_CM4.lib(rt_cmsis.o)
    0x00002d7e   0x00002d7e   0x00000028   Code   RO         1205    i.isrSemaphoreRelease  RTX_CM4.lib(rt_cmsis.o)
    0x00002da6   0x00002da6   0x00000024   Code   RO         1206    i.isrSignalSet      RTX_CM4.lib(rt_cmsis.o)
    0x00002dca   0x00002dca   0x00000002   PAD
    0x00002dcc   0x00002dcc   0x00000028   Code   RO         2031    i.isr_evt_set       RTX_CM4.lib(rt_event.o)
    0x00002df4   0x00002df4   0x00000056   Code   RO         2149    i.isr_mbx_receive   RTX_CM4.lib(rt_mailbox.o)
    0x00002e4a   0x00002e4a   0x0000000e   Code   RO         2150    i.isr_mbx_send      RTX_CM4.lib(rt_mailbox.o)
    0x00002e58   0x00002e58   0x00000010   Code   RO         2197    i.isr_sem_send      RTX_CM4.lib(rt_semaphore.o)
    0x00002e68   0x00002e68   0x00000016   Code   RO          176    i.main              main.o
    0x00002e7e   0x00002e7e   0x00000016   Code   RO          734    i.nrf_bitmask_bit_is_set  nrfx_gpiote.o
    0x00002e94   0x00002e94   0x00000016   Code   RO          735    i.nrf_bitmask_bit_set  nrfx_gpiote.o
    0x00002eaa   0x00002eaa   0x00000028   Code   RO          351    i.nrf_gpio_cfg      boards.o
    0x00002ed2   0x00002ed2   0x00000028   Code   RO          459    i.nrf_gpio_cfg      nrfx_uart.o
    0x00002efa   0x00002efa   0x00000028   Code   RO          736    i.nrf_gpio_cfg      nrfx_gpiote.o
    0x00002f22   0x00002f22   0x0000001a   Code   RO          461    i.nrf_gpio_cfg_input  nrfx_uart.o
    0x00002f3c   0x00002f3c   0x00000018   Code   RO          462    i.nrf_gpio_cfg_output  nrfx_uart.o
    0x00002f54   0x00002f54   0x00000032   Code   RO          738    i.nrf_gpio_cfg_sense_set  nrfx_gpiote.o
    0x00002f86   0x00002f86   0x00000018   Code   RO          740    i.nrf_gpio_pin_read  nrfx_gpiote.o
    0x00002f9e   0x00002f9e   0x00000016   Code   RO          463    i.nrf_gpio_pin_set  nrfx_uart.o
    0x00002fb4   0x00002fb4   0x0000003a   Code   RO          352    i.nrf_gpio_pin_write  boards.o
    0x00002fee   0x00002fee   0x00000002   PAD
    0x00002ff0   0x00002ff0   0x00000028   Code   RO          742    i.nrf_gpio_ports_read  nrfx_gpiote.o
    0x00003018   0x00003018   0x0000000c   Code   RO          743    i.nrf_gpiote_event_addr_get  nrfx_gpiote.o
    0x00003024   0x00003024   0x0000001c   Code   RO          744    i.nrf_gpiote_event_clear  nrfx_gpiote.o
    0x00003040   0x00003040   0x00000016   Code   RO          745    i.nrf_gpiote_event_is_set  nrfx_gpiote.o
    0x00003056   0x00003056   0x00000002   PAD
    0x00003058   0x00003058   0x0000000c   Code   RO          746    i.nrf_gpiote_int_enable  nrfx_gpiote.o
    0x00003064   0x00003064   0x0000000c   Code   RO          464    i.nrf_uart_errorsrc_get_and_clear  nrfx_uart.o
    0x00003070   0x00003070   0x0000000e   Code   RO          465    i.nrf_uart_event_check  nrfx_uart.o
    0x0000307e   0x0000307e   0x0000000e   Code   RO          466    i.nrf_uart_event_clear  nrfx_uart.o
    0x0000308c   0x0000308c   0x0000000a   Code   RO          467    i.nrf_uart_hwfc_pins_set  nrfx_uart.o
    0x00003096   0x00003096   0x00000006   Code   RO          468    i.nrf_uart_int_disable  nrfx_uart.o
    0x0000309c   0x0000309c   0x00000006   Code   RO          469    i.nrf_uart_int_enable  nrfx_uart.o
    0x000030a2   0x000030a2   0x00000012   Code   RO          470    i.nrf_uart_int_enable_check  nrfx_uart.o
    0x000030b4   0x000030b4   0x00000006   Code   RO          471    i.nrf_uart_task_trigger  nrfx_uart.o
    0x000030ba   0x000030ba   0x0000000a   Code   RO          472    i.nrf_uart_txrx_pins_set  nrfx_uart.o
    0x000030c4   0x000030c4   0x00000008   Code   RO          473    i.nrfx_get_irq_number  nrfx_uart.o
    0x000030cc   0x000030cc   0x000000ac   Code   RO          753    i.nrfx_gpiote_in_event_enable  nrfx_gpiote.o
    0x00003178   0x00003178   0x000000f4   Code   RO          754    i.nrfx_gpiote_in_init  nrfx_gpiote.o
    0x0000326c   0x0000326c   0x000000b8   Code   RO          757    i.nrfx_gpiote_init  nrfx_gpiote.o
    0x00003324   0x00003324   0x0000006c   Code   RO          475    i.nrfx_uart_init    nrfx_uart.o
    0x00003390   0x00003390   0x0000008c   Code   RO          481    i.nrfx_uart_tx      nrfx_uart.o
    0x0000341c   0x0000341c   0x00000024   Code   RO          483    i.nrfx_uart_tx_in_progress  nrfx_uart.o
    0x00003440   0x00003440   0x00000018   Code   RO         1207    i.osDelay           RTX_CM4.lib(rt_cmsis.o)
    0x00003458   0x00003458   0x00000024   Code   RO         1208    i.osKernelInitialize  RTX_CM4.lib(rt_cmsis.o)
    0x0000347c   0x0000347c   0x0000006c   Code   RO         1210    i.osKernelStart     RTX_CM4.lib(rt_cmsis.o)
    0x000034e8   0x000034e8   0x0000002c   Code   RO         1218    i.osMessageCreate   RTX_CM4.lib(rt_cmsis.o)
    0x00003514   0x00003514   0x00000018   Code   RO         1219    i.osMessageGet      RTX_CM4.lib(rt_cmsis.o)
    0x0000352c   0x0000352c   0x00000018   Code   RO         1220    i.osMessagePut      RTX_CM4.lib(rt_cmsis.o)
    0x00003544   0x00003544   0x0000002c   Code   RO         1229    i.osSemaphoreCreate  RTX_CM4.lib(rt_cmsis.o)
    0x00003570   0x00003570   0x00000018   Code   RO         1231    i.osSemaphoreRelease  RTX_CM4.lib(rt_cmsis.o)
    0x00003588   0x00003588   0x00000018   Code   RO         1232    i.osSemaphoreWait   RTX_CM4.lib(rt_cmsis.o)
    0x000035a0   0x000035a0   0x00000018   Code   RO         1234    i.osSignalSet       RTX_CM4.lib(rt_cmsis.o)
    0x000035b8   0x000035b8   0x00000018   Code   RO         1235    i.osSignalWait      RTX_CM4.lib(rt_cmsis.o)
    0x000035d0   0x000035d0   0x0000002c   Code   RO         1236    i.osThreadCreate    RTX_CM4.lib(rt_cmsis.o)
    0x000035fc   0x000035fc   0x00000018   Code   RO         1237    i.osThreadExit      RTX_CM4.lib(rt_cmsis.o)
    0x00003614   0x00003614   0x0000000c   Code   RO         1243    i.osTimerCall       RTX_CM4.lib(rt_cmsis.o)
    0x00003620   0x00003620   0x0000002c   Code   RO         1248    i.osTimerThread     RTX_CM4.lib(rt_cmsis.o)
    0x0000364c   0x0000364c   0x00000022   Code   RO         1049    i.os_error          rtx_conf_cm.o
    0x0000366e   0x0000366e   0x00000004   Code   RO         1050    i.os_idle_demon     rtx_conf_cm.o
    0x00003672   0x00003672   0x00000002   PAD
    0x00003674   0x00003674   0x00000028   Code   RO         1941    i.os_tick_init      RTX_CM4.lib(rt_system.o)
    0x0000369c   0x0000369c   0x00000002   Code   RO         1942    i.os_tick_irqack    RTX_CM4.lib(rt_system.o)
    0x0000369e   0x0000369e   0x00000002   PAD
    0x000036a0   0x000036a0   0x00000014   Code   RO          774    i.pin_configured_set  nrfx_gpiote.o
    0x000036b4   0x000036b4   0x0000001c   Code   RO          775    i.pin_in_use_by_gpiote  nrfx_gpiote.o
    0x000036d0   0x000036d0   0x00000018   Code   RO          776    i.pin_in_use_by_port  nrfx_gpiote.o
    0x000036e8   0x000036e8   0x00000020   Code   RO          777    i.pin_in_use_by_te  nrfx_gpiote.o
    0x00003708   0x00003708   0x0000000c   Code   RO          778    i.pin_in_use_clear  nrfx_gpiote.o
    0x00003714   0x00003714   0x0000001a   Code   RO         2295    i.rt_alloc_box      RTX_CM4.lib(rt_membox.o)
    0x0000372e   0x0000372e   0x0000003e   Code   RO         2323    i.rt_alloc_mem      RTX_CM4.lib(rt_memory.o)
    0x0000376c   0x0000376c   0x00000038   Code   RO         1822    i.rt_block          RTX_CM4.lib(rt_task.o)
    0x000037a4   0x000037a4   0x00000048   Code   RO         2272    i.rt_chk_robin      RTX_CM4.lib(rt_robin.o)
    0x000037ec   0x000037ec   0x00000070   Code   RO         2073    i.rt_dec_dly        RTX_CM4.lib(rt_list.o)
    0x0000385c   0x0000385c   0x00000044   Code   RO         1823    i.rt_dispatch       RTX_CM4.lib(rt_task.o)
    0x000038a0   0x000038a0   0x00000006   Code   RO         2239    i.rt_dly_wait       RTX_CM4.lib(rt_time.o)
    0x000038a6   0x000038a6   0x00000002   PAD
    0x000038a8   0x000038a8   0x00000050   Code   RO         2034    i.rt_evt_psh        RTX_CM4.lib(rt_event.o)
    0x000038f8   0x000038f8   0x0000005c   Code   RO         2035    i.rt_evt_set        RTX_CM4.lib(rt_event.o)
    0x00003954   0x00003954   0x0000003c   Code   RO         2036    i.rt_evt_wait       RTX_CM4.lib(rt_event.o)
    0x00003990   0x00003990   0x0000002c   Code   RO         2296    i.rt_free_box       RTX_CM4.lib(rt_membox.o)
    0x000039bc   0x000039bc   0x00000028   Code   RO         2324    i.rt_free_mem       RTX_CM4.lib(rt_memory.o)
    0x000039e4   0x000039e4   0x00000028   Code   RO         2074    i.rt_get_first      RTX_CM4.lib(rt_list.o)
    0x00003a0c   0x00003a0c   0x00000008   Code   RO         1253    i.rt_id2obj         RTX_CM4.lib(rt_cmsis.o)
    0x00003a14   0x00003a14   0x00000048   Code   RO         1824    i.rt_init_context   RTX_CM4.lib(rt_task.o)
    0x00003a5c   0x00003a5c   0x0000001a   Code   RO         2325    i.rt_init_mem       RTX_CM4.lib(rt_memory.o)
    0x00003a76   0x00003a76   0x00000002   PAD
    0x00003a78   0x00003a78   0x00000018   Code   RO         2273    i.rt_init_robin     RTX_CM4.lib(rt_robin.o)
    0x00003a90   0x00003a90   0x00000080   Code   RO         2350    i.rt_init_stack     RTX_CM4.lib(hal_cm.o)
    0x00003b10   0x00003b10   0x00000008   Code   RO         2151    i.rt_mbx_check      RTX_CM4.lib(rt_mailbox.o)
    0x00003b18   0x00003b18   0x0000001a   Code   RO         2152    i.rt_mbx_init       RTX_CM4.lib(rt_mailbox.o)
    0x00003b32   0x00003b32   0x00000002   PAD
    0x00003b34   0x00003b34   0x000000f0   Code   RO         2153    i.rt_mbx_psh        RTX_CM4.lib(rt_mailbox.o)
    0x00003c24   0x00003c24   0x00000098   Code   RO         2154    i.rt_mbx_send       RTX_CM4.lib(rt_mailbox.o)
    0x00003cbc   0x00003cbc   0x000000b4   Code   RO         2155    i.rt_mbx_wait       RTX_CM4.lib(rt_mailbox.o)
    0x00003d70   0x00003d70   0x00000044   Code   RO         1254    i.rt_ms2tick        RTX_CM4.lib(rt_cmsis.o)
    0x00003db4   0x00003db4   0x000000d8   Code   RO         1908    i.rt_mut_release    RTX_CM4.lib(rt_mutex.o)
    0x00003e8c   0x00003e8c   0x00000078   Code   RO         1909    i.rt_mut_wait       RTX_CM4.lib(rt_mutex.o)
    0x00003f04   0x00003f04   0x0000007c   Code   RO         1945    i.rt_pop_req        RTX_CM4.lib(rt_system.o)
    0x00003f80   0x00003f80   0x00000020   Code   RO         1946    i.rt_psh_req        RTX_CM4.lib(rt_system.o)
    0x00003fa0   0x00003fa0   0x0000005c   Code   RO         2076    i.rt_psq_enq        RTX_CM4.lib(rt_list.o)
    0x00003ffc   0x00003ffc   0x00000048   Code   RO         2077    i.rt_put_dly        RTX_CM4.lib(rt_list.o)
    0x00004044   0x00004044   0x00000036   Code   RO         2078    i.rt_put_prio       RTX_CM4.lib(rt_list.o)
    0x0000407a   0x0000407a   0x00000002   PAD
    0x0000407c   0x0000407c   0x00000014   Code   RO         2079    i.rt_put_rdy_first  RTX_CM4.lib(rt_list.o)
    0x00004090   0x00004090   0x00000034   Code   RO         2080    i.rt_resort_prio    RTX_CM4.lib(rt_list.o)
    0x000040c4   0x000040c4   0x00000010   Code   RO         2351    i.rt_ret_regs       RTX_CM4.lib(hal_cm.o)
    0x000040d4   0x000040d4   0x0000000c   Code   RO         2352    i.rt_ret_val        RTX_CM4.lib(hal_cm.o)
    0x000040e0   0x000040e0   0x00000010   Code   RO         2353    i.rt_ret_val2       RTX_CM4.lib(hal_cm.o)
    0x000040f0   0x000040f0   0x00000028   Code   RO         2081    i.rt_rmv_dly        RTX_CM4.lib(rt_list.o)
    0x00004118   0x00004118   0x00000030   Code   RO         2082    i.rt_rmv_list       RTX_CM4.lib(rt_list.o)
    0x00004148   0x00004148   0x0000000c   Code   RO         2199    i.rt_sem_init       RTX_CM4.lib(rt_semaphore.o)
    0x00004154   0x00004154   0x00000034   Code   RO         2200    i.rt_sem_psh        RTX_CM4.lib(rt_semaphore.o)
    0x00004188   0x00004188   0x0000002a   Code   RO         2201    i.rt_sem_send       RTX_CM4.lib(rt_semaphore.o)
    0x000041b2   0x000041b2   0x00000002   PAD
    0x000041b4   0x000041b4   0x00000040   Code   RO         2202    i.rt_sem_wait       RTX_CM4.lib(rt_semaphore.o)
    0x000041f4   0x000041f4   0x00000024   Code   RO         1948    i.rt_stk_check      RTX_CM4.lib(rt_system.o)
    0x00004218   0x00004218   0x00000028   Code   RO         1825    i.rt_switch_req     RTX_CM4.lib(rt_task.o)
    0x00004240   0x00004240   0x000000cc   Code   RO         1826    i.rt_sys_init       RTX_CM4.lib(rt_task.o)
    0x0000430c   0x0000430c   0x00000078   Code   RO         1827    i.rt_sys_start      RTX_CM4.lib(rt_task.o)
    0x00004384   0x00004384   0x00000040   Code   RO         1950    i.rt_systick        RTX_CM4.lib(rt_system.o)
    0x000043c4   0x000043c4   0x00000012   Code   RO         1255    i.rt_tid2ptcb       RTX_CM4.lib(rt_cmsis.o)
    0x000043d6   0x000043d6   0x00000002   PAD
    0x000043d8   0x000043d8   0x00000034   Code   RO         1256    i.rt_timer_insert   RTX_CM4.lib(rt_cmsis.o)
    0x0000440c   0x0000440c   0x00000088   Code   RO         1828    i.rt_tsk_create     RTX_CM4.lib(rt_task.o)
    0x00004494   0x00004494   0x0000017c   Code   RO         1829    i.rt_tsk_delete     RTX_CM4.lib(rt_task.o)
    0x00004610   0x00004610   0x0000007c   Code   RO         1831    i.rt_tsk_prio       RTX_CM4.lib(rt_task.o)
    0x0000468c   0x0000468c   0x00000010   Code   RO         1832    i.rt_tsk_self       RTX_CM4.lib(rt_task.o)
    0x0000469c   0x0000469c   0x0000003e   Code   RO          486    i.rx_byte           nrfx_uart.o
    0x000046da   0x000046da   0x0000001c   Code   RO          487    i.rx_done_event     nrfx_uart.o
    0x000046f6   0x000046f6   0x00000012   Code   RO         1258    i.svcDelay          RTX_CM4.lib(rt_cmsis.o)
    0x00004708   0x00004708   0x00000070   Code   RO         1259    i.svcKernelInitialize  RTX_CM4.lib(rt_cmsis.o)
    0x00004778   0x00004778   0x00000048   Code   RO         1261    i.svcKernelStart    RTX_CM4.lib(rt_cmsis.o)
    0x000047c0   0x000047c0   0x00000024   Code   RO         1264    i.svcMessageCreate  RTX_CM4.lib(rt_cmsis.o)
    0x000047e4   0x000047e4   0x0000003a   Code   RO         1265    i.svcMessageGet     RTX_CM4.lib(rt_cmsis.o)
    0x0000481e   0x0000481e   0x00000036   Code   RO         1266    i.svcMessagePut     RTX_CM4.lib(rt_cmsis.o)
    0x00004854   0x00004854   0x00000024   Code   RO         1272    i.svcSemaphoreCreate  RTX_CM4.lib(rt_cmsis.o)
    0x00004878   0x00004878   0x00000028   Code   RO         1274    i.svcSemaphoreRelease  RTX_CM4.lib(rt_cmsis.o)
    0x000048a0   0x000048a0   0x00000032   Code   RO         1275    i.svcSemaphoreWait  RTX_CM4.lib(rt_cmsis.o)
    0x000048d2   0x000048d2   0x00000024   Code   RO         1277    i.svcSignalSet      RTX_CM4.lib(rt_cmsis.o)
    0x000048f6   0x000048f6   0x00000002   PAD
    0x000048f8   0x000048f8   0x00000054   Code   RO         1278    i.svcSignalWait     RTX_CM4.lib(rt_cmsis.o)
    0x0000494c   0x0000494c   0x0000006c   Code   RO         1279    i.svcThreadCreate   RTX_CM4.lib(rt_cmsis.o)
    0x000049b8   0x000049b8   0x0000001c   Code   RO         1280    i.svcThreadGetId    RTX_CM4.lib(rt_cmsis.o)
    0x000049d4   0x000049d4   0x00000038   Code   RO         1283    i.svcThreadTerminate  RTX_CM4.lib(rt_cmsis.o)
    0x00004a0c   0x00004a0c   0x00000018   Code   RO         1285    i.svcTimerCall      RTX_CM4.lib(rt_cmsis.o)
    0x00004a24   0x00004a24   0x0000005c   Code   RO         1294    i.sysTimerTick      RTX_CM4.lib(rt_cmsis.o)
    0x00004a80   0x00004a80   0x00000036   Code   RO          489    i.tx_blocking       nrfx_uart.o
    0x00004ab6   0x00004ab6   0x00000026   Code   RO          490    i.tx_byte           nrfx_uart.o
    0x00004adc   0x00004adc   0x00000020   Code   RO          491    i.tx_done_event     nrfx_uart.o
    0x00004afc   0x00004afc   0x0000014c   Code   RO          492    i.uart_irq_handler  nrfx_uart.o
    0x00004c48   0x00004c48   0x0000002c   Code   RO         2623    locale$$code        c_w.l(lc_numeric_c.o)
    0x00004c74   0x00004c74   0x0000002c   Code   RO         2648    locale$$code        c_w.l(lc_ctype_c.o)
    0x00004ca0   0x00004ca0   0x0000000a   Code   RO         2723    x$fpl$fpinit        fz_wm.l(fpinit.o)
    0x00004caa   0x00004caa   0x00000004   Code   RO         2532    x$fpl$printf1       fz_wm.l(printf1.o)
    0x00004cae   0x00004cae   0x00000004   Code   RO         2534    x$fpl$printf2       fz_wm.l(printf2.o)
    0x00004cb2   0x00004cb2   0x00000000   Code   RO         2639    x$fpl$usenofp       fz_wm.l(usenofp.o)
    0x00004cb2   0x00004cb2   0x00000002   PAD
    0x00004cb4   0x00004cb4   0x00000018   Data   RO            7    .constdata          lamp_control.o
    0x00004ccc   0x00004ccc   0x00000020   Data   RO          212    .constdata          print_server.o
    0x00004cec   0x00004cec   0x0000001b   Data   RO          269    .constdata          switch_monitor.o
    0x00004d07   0x00004d07   0x00000008   Data   RO          353    .constdata          boards.o
    0x00004d0f   0x00004d0f   0x00000001   PAD
    0x00004d10   0x00004d10   0x0000003e   Data   RO          780    .constdata          nrfx_gpiote.o
    0x00004d4e   0x00004d4e   0x00000002   PAD
    0x00004d50   0x00004d50   0x00000068   Data   RO         1052    .constdata          rtx_conf_cm.o
    0x00004db8   0x00004db8   0x00000008   Data   RO         2458    .constdata          c_w.l(_printf_wctomb.o)
    0x00004dc0   0x00004dc0   0x00000028   Data   RO         2487    .constdata          c_w.l(_printf_hex_int_ll_ptr.o)
    0x00004de8   0x00004de8   0x00000011   Data   RO         2507    .constdata          c_w.l(__printf_flags_ss_wp.o)
    0x00004df9   0x00004df9   0x00000026   Data   RO         2571    .constdata          c_w.l(_printf_fp_hex.o)
    0x00004e1f   0x00004e1f   0x00000001   PAD
    0x00004e20   0x00004e20   0x00000094   Data   RO         2598    .constdata          c_w.l(bigflt0.o)
    0x00004eb4   0x00004eb4   0x00000020   Data   RO         2757    Region$$Table       anon$$obj.o
    0x00004ed4   0x00004ed4   0x0000001c   Data   RO         2622    locale$$data        c_w.l(lc_numeric_c.o)
    0x00004ef0   0x00004ef0   0x00000110   Data   RO         2647    locale$$data        c_w.l(lc_ctype_c.o)


    Execution Region ER_RW (Exec base: 0x20000000, Load base: 0x00005000, Size: 0x00000074, Max: 0xffffffff, ABSOLUTE)

    Exec Addr    Load Addr    Size         Type   Attr      Idx    E Section Name        Object

    0x20000000   0x00005000   0x00000020   Data   RW            8    .data               lamp_control.o
    0x20000020   0x00005020   0x00000008   Data   RW          213    .data               print_server.o
    0x20000028   0x00005028   0x0000000c   Data   RW          270    .data               switch_monitor.o
    0x20000034   0x00005034   0x00000014   Data   RW         1053    .data               rtx_conf_cm.o
    0x20000048   0x00005048   0x00000004   Data   RW         1125    .data               system_nrf52.o
    0x2000004c   0x0000504c   0x00000008   Data   RW         1297    .data               RTX_CM4.lib(rt_cmsis.o)
    0x20000054   0x00005054   0x00000008   Data   RW         1834    .data               RTX_CM4.lib(rt_task.o)
    0x2000005c   0x0000505c   0x00000008   Data   RW         1953    .data               RTX_CM4.lib(rt_system.o)
    0x20000064   0x00005064   0x00000004   Data   RW         2243    .data               RTX_CM4.lib(rt_time.o)
    0x20000068   0x00005068   0x00000008   Data   RW         2274    .data               RTX_CM4.lib(rt_robin.o)
    0x20000070   0x00005070   0x00000001   Data   RW         2354    .data               RTX_CM4.lib(hal_cm.o)


    Execution Region ER_ZI (Exec base: 0x20000074, Load base: 0x00005074, Size: 0x0000585c, Max: 0xffffffff, ABSOLUTE)

    Exec Addr    Load Addr    Size         Type   Attr      Idx    E Section Name        Object

    0x20000074        -       0x00000010   Zero   RW            6    .bss                lamp_control.o
    0x20000084        -       0x00000050   Zero   RW          268    .bss                switch_monitor.o
    0x200000d4        -       0x0000002c   Zero   RW          493    .bss                nrfx_uart.o
    0x20000100        -       0x0000004c   Zero   RW          779    .bss                nrfx_gpiote.o
    0x2000014c   0x00005074   0x00000004   PAD
    0x20000150        -       0x000016b8   Zero   RW         1051    .bss                rtx_conf_cm.o
    0x20001808        -       0x00000034   Zero   RW         1833    .bss                RTX_CM4.lib(rt_task.o)
    0x2000183c        -       0x00000030   Zero   RW         2083    .bss                RTX_CM4.lib(rt_list.o)
    0x2000186c        -       0x00000060   Zero   RW         2416    .bss                c_w.l(libspace.o)
    0x200018cc   0x00005074   0x00000004   PAD
    0x200018d0        -       0x00002000   Zero   RW         1103    HEAP                arm_startup_nrf52.o
    0x200038d0        -       0x00002000   Zero   RW         1102    STACK               arm_startup_nrf52.o


==============================================================================

Image component sizes


      Code (inc. data)   RO Data    RW Data    ZI Data      Debug   Object Name

        64         26        512          0      16384       1000   arm_startup_nrf52.o
       276         18          8          0          0      10133   boards.o
       356         76         24         32         16      48814   lamp_control.o
        22          0          0          0          0        555   main.o
      1716        110         62          0         76      66277   nrfx_gpiote.o
      1330         36          0          0         44      64724   nrfx_uart.o
       116         16         32          8          0       7398   print_server.o
       126         26        104         20       5816       9827   rtx_conf_cm.o
       580        156         27         12         80      45685   switch_monitor.o
      1200        126          0          4          0       8587   system_nrf52.o

    ----------------------------------------------------------------------
      5794        590        804         76      22420     263000   Object Totals
         0          0         32          0          0          0   (incl. Generated)
         8          0          3          0          4          0   (incl. Padding)

    ----------------------------------------------------------------------

      Code (inc. data)   RO Data    RW Data    ZI Data      Debug   Library Member Name

       268         24          0          1          0       4524   hal_cm.o
       408         34          0          0          0        824   hal_cm4.o
      1736        192          0          8          0      46323   rt_cmsis.o
       272         18          0          0          0       2842   rt_event.o
       530         34          0          0         48       8685   rt_list.o
       706         14          0          0          0       5123   rt_mailbox.o
       140          0          0          0          0       2069   rt_membox.o
       128          0          0          0          0       2451   rt_memory.o
       336         14          0          0          0       1739   rt_mutex.o
        96         22          0          8          0       1254   rt_robin.o
       186         10          0          0          0       3142   rt_semaphore.o
       298         52          0          8          0       6511   rt_system.o
      1216        174          0          8         52      10129   rt_task.o
         6          0          0          4          0        700   rt_time.o
         4          4          0          0          0        208   svc_table.o
         8          0          0          0          0         68   __main.o
       392          4         17          0          0         92   __printf_flags_ss_wp.o
        14          0          0          0          0         68   __printf_wp.o
         0          0          0          0          0          0   __rtentry.o
        20          0          0          0          0          0   __rtentry2.o
         6          0          0          0          0          0   __rtentry4.o
        52          8          0          0          0          0   __scatter.o
        26          0          0          0          0          0   __scatter_copy.o
        28          0          0          0          0          0   __scatter_zi.o
         6          0          0          0          0          0   _printf_a.o
         6          0          0          0          0          0   _printf_c.o
        44          0          0          0          0        108   _printf_char.o
        48          6          0          0          0         96   _printf_char_common.o
        40          0          0          0          0         68   _printf_charcount.o
         6          0          0          0          0          0   _printf_d.o
       120         16          0          0          0         92   _printf_dec.o
         6          0          0          0          0          0   _printf_e.o
         6          0          0          0          0          0   _printf_f.o
      1054          0          0          0          0        216   _printf_fp_dec.o
       764          8         38          0          0        100   _printf_fp_hex.o
       128         16          0          0          0         84   _printf_fp_infnan.o
         6          0          0          0          0          0   _printf_g.o
       148          4         40          0          0        160   _printf_hex_int_ll_ptr.o
         6          0          0          0          0          0   _printf_i.o
       178          0          0          0          0         88   _printf_intcommon.o
        10          0          0          0          0          0   _printf_l.o
         6          0          0          0          0          0   _printf_lc.o
        10          0          0          0          0          0   _printf_ll.o
         6          0          0          0          0          0   _printf_lld.o
         6          0          0          0          0          0   _printf_lli.o
         6          0          0          0          0          0   _printf_llo.o
         6          0          0          0          0          0   _printf_llu.o
         6          0          0          0          0          0   _printf_llx.o
       124         16          0          0          0         92   _printf_longlong_dec.o
         6          0          0          0          0          0   _printf_ls.o
         6          0          0          0          0          0   _printf_n.o
         6          0          0          0          0          0   _printf_o.o
       112         10          0          0          0        124   _printf_oct_int_ll.o
         6          0          0          0          0          0   _printf_p.o
        78          0          0          0          0        108   _printf_pad.o
         0          0          0          0          0          0   _printf_percent.o
         4          0          0          0          0          0   _printf_percent_end.o
         6          0          0          0          0          0   _printf_s.o
        82          0          0          0          0         80   _printf_str.o
        36          0          0          0          0         84   _printf_truncate.o
         6          0          0          0          0          0   _printf_u.o
        44          0          0          0          0        108   _printf_wchar.o
       188          6          8          0          0         92   _printf_wctomb.o
         6          0          0          0          0          0   _printf_x.o
        16          0          0          0          0         68   _snputc.o
        10          0          0          0          0         68   _sputc.o
        64          0          0          0          0         92   _wcrtomb.o
       228          4        148          0          0         96   bigflt0.o
      1936        128          0          0          0        672   btod.o
        18          0          0          0          0         80   exit.o
         6          0          0          0          0        152   heapauxi.o
         0          0          0          0          0          0   indicate_semi.o
        44         10        272          0          0         76   lc_ctype_c.o
        44         10         28          0          0         76   lc_numeric_c.o
         2          0          0          0          0          0   libinit.o
        34          0          0          0          0          0   libinit2.o
         2          0          0          0          0          0   libshutdown.o
         2          0          0          0          0          0   libshutdown2.o
         8          4          0          0         96         68   libspace.o
       138          0          0          0          0         80   lludiv10.o
        16          4          0          0          0         76   rt_ctype_table.o
        10          0          0          0          0         76   rt_locale_twolibspace.o
       100          0          0          0          0         80   rt_memcpy_w.o
         2          0          0          0          0          0   rtexit.o
        10          0          0          0          0          0   rtexit2.o
       128          0          0          0          0         68   strcmpv7m.o
        62          0          0          0          0         76   strlen.o
        12          4          0          0          0         68   sys_exit.o
        74          0          0          0          0         80   sys_stackheap_outer.o
         2          0          0          0          0         68   use_no_semi.o
        52          4          0          0          0         80   vsnprintf.o
        10          0          0          0          0        116   fpinit.o
         4          0          0          0          0        116   printf1.o
         4          0          0          0          0        116   printf2.o
         0          0          0          0          0          0   usenofp.o
        48          0          0          0          0        124   fpclassify.o

    ----------------------------------------------------------------------
     13330        854        552         40        200     101124   Library Totals
        36          0          1          3          4          0   (incl. Padding)

    ----------------------------------------------------------------------

      Code (inc. data)   RO Data    RW Data    ZI Data      Debug   Library Name

      6330        592          0         37        100      96524   RTX_CM4.lib
      6898        262        551          0         96       4128   c_w.l
        18          0          0          0          0        348   fz_wm.l
        48          0          0          0          0        124   m_wm.l

    ----------------------------------------------------------------------
     13330        854        552         40        200     101124   Library Totals

    ----------------------------------------------------------------------

==============================================================================


      Code (inc. data)   RO Data    RW Data    ZI Data      Debug   

     19124       1444       1356        116      22620     344388   Grand Totals
     19124       1444       1356        116      22620     344388   ELF Image Totals
     19124       1444       1356        116          0          0   ROM Totals

==============================================================================

    Total RO  Size (Code + RO Data)                20480 (  20.00kB)
    Total RW  Size (RW Data + ZI Data)             22736 (  22.20kB)
    Total ROM Size (Code + RO Data + RW Data)      20596 (  20.11kB)

==============================================================================

