Copyright 1986-2018 Xilinx, Inc. All Rights Reserved.
------------------------------------------------------------------------------------------------------------------------------------------------------------------------------------------------------
| Tool Version : Vivado v.2018.3 (win64) Build 2405991 Thu Dec  6 23:38:27 MST 2018
| Date         : Thu Apr 25 14:27:16 2019
| Host         : DESKTOP-KASAADH running 64-bit major release  (build 9200)
| Command      : report_bus_skew -warn_on_violation -file Final_prosjekt_top_file_bus_skew_routed.rpt -pb Final_prosjekt_top_file_bus_skew_routed.pb -rpx Final_prosjekt_top_file_bus_skew_routed.rpx
| Design       : Final_prosjekt_top_file
| Device       : 7a100t-csg324
| Speed File   : -1  PRODUCTION 1.23 2018-06-13
------------------------------------------------------------------------------------------------------------------------------------------------------------------------------------------------------

Bus Skew Report

No bus skew constraints

