Component: ARM Compiler 5.06 update 6 (build 750) Tool: armlink [4d35ed]

==============================================================================

Section Cross References

    main.o(i.main) refers to nrf_log_frontend.o(i.nrf_log_init) for nrf_log_init
    main.o(i.main) refers to app_error.o(i.app_error_handler_bare) for app_error_handler_bare
    main.o(i.main) refers to nrf_log_default_backends.o(i.nrf_log_default_backends_init) for nrf_log_default_backends_init
    main.o(i.main) refers to pcal6408.o(i.twi_init) for twi_init
    main.o(i.main) refers to nrf_log_frontend.o(i.nrf_log_frontend_std_0) for nrf_log_frontend_std_0
    main.o(i.main) refers to nrf_log_frontend.o(i.nrf_log_frontend_dequeue) for nrf_log_frontend_dequeue
    main.o(i.main) refers to pcal6408.o(i.Reg_config) for Reg_config
    main.o(i.main) refers to pcal6408.o(i.gpiote_init) for gpiote_init
    main.o(i.main) refers to pcal6408.o(i.Read_input_reg) for Read_input_reg
    main.o(i.main) refers to nrf_log_frontend.o(i.nrf_log_frontend_std_1) for nrf_log_frontend_std_1
    main.o(i.main) refers to nrfx_gpiote.o(i.nrfx_gpiote_in_event_disable) for nrfx_gpiote_in_event_disable
    main.o(i.main) refers to pcal6408.o(i.BUTTON_NUMBER) for BUTTON_NUMBER
    main.o(i.main) refers to nrfx_gpiote.o(i.nrfx_gpiote_in_event_enable) for nrfx_gpiote_in_event_enable
    main.o(i.main) refers to pcal6408.o(i.Turning_led) for Turning_led
    main.o(i.main) refers to nrf_log_frontend.o(log_const_data) for m_nrf_log_app_logs_data_const
    main.o(i.main) refers to pcal6408.o(.data) for INT_ON_17
    pcal6408.o(i.BUTTON_NUMBER) refers to nrf_log_frontend.o(i.nrf_log_frontend_std_0) for nrf_log_frontend_std_0
    pcal6408.o(i.BUTTON_NUMBER) refers to nrf_log_frontend.o(log_const_data) for m_nrf_log_app_logs_data_const
    pcal6408.o(i.Read_input_reg) refers to pcal6408.o(i.nrf_drv_twi_tx) for nrf_drv_twi_tx
    pcal6408.o(i.Read_input_reg) refers to nrf_log_frontend.o(i.nrf_log_frontend_std_0) for nrf_log_frontend_std_0
    pcal6408.o(i.Read_input_reg) refers to nrf_log_frontend.o(i.nrf_log_frontend_dequeue) for nrf_log_frontend_dequeue
    pcal6408.o(i.Read_input_reg) refers to nrfx_twim.o(i.nrfx_twim_rx) for nrfx_twim_rx
    pcal6408.o(i.Read_input_reg) refers to nrf_log_frontend.o(i.nrf_log_frontend_std_2) for nrf_log_frontend_std_2
    pcal6408.o(i.Read_input_reg) refers to pcal6408.o(.constdata) for .constdata
    pcal6408.o(i.Read_input_reg) refers to nrf_log_frontend.o(log_const_data) for m_nrf_log_app_logs_data_const
    pcal6408.o(i.Read_input_reg) refers to pcal6408.o(.data) for .data
    pcal6408.o(i.Reg_config) refers to pcal6408.o(i.nrf_drv_twi_tx) for nrf_drv_twi_tx
    pcal6408.o(i.Reg_config) refers to nrf_log_frontend.o(i.nrf_log_frontend_std_1) for nrf_log_frontend_std_1
    pcal6408.o(i.Reg_config) refers to nrf_log_frontend.o(i.nrf_log_frontend_std_0) for nrf_log_frontend_std_0
    pcal6408.o(i.Reg_config) refers to nrf_log_frontend.o(i.nrf_log_frontend_dequeue) for nrf_log_frontend_dequeue
    pcal6408.o(i.Reg_config) refers to pcal6408.o(.constdata) for .constdata
    pcal6408.o(i.Reg_config) refers to nrf_log_frontend.o(log_const_data) for m_nrf_log_app_logs_data_const
    pcal6408.o(i.SwitchMonitorInterruptCB) refers to pcal6408.o(.data) for .data
    pcal6408.o(i.Turning_led) refers to pcal6408.o(i.nrf_drv_twi_tx) for nrf_drv_twi_tx
    pcal6408.o(i.Turning_led) refers to nrf_log_frontend.o(i.nrf_log_frontend_std_0) for nrf_log_frontend_std_0
    pcal6408.o(i.Turning_led) refers to nrf_log_frontend.o(i.nrf_log_frontend_dequeue) for nrf_log_frontend_dequeue
    pcal6408.o(i.Turning_led) refers to pcal6408.o(.constdata) for .constdata
    pcal6408.o(i.Turning_led) refers to nrf_log_frontend.o(log_const_data) for m_nrf_log_app_logs_data_const
    pcal6408.o(i.gpiote_init) refers to nrfx_gpiote.o(i.nrfx_gpiote_init) for nrfx_gpiote_init
    pcal6408.o(i.gpiote_init) refers to nrf_log_frontend.o(i.nrf_log_frontend_std_0) for nrf_log_frontend_std_0
    pcal6408.o(i.gpiote_init) refers to nrfx_gpiote.o(i.nrfx_gpiote_in_init) for nrfx_gpiote_in_init
    pcal6408.o(i.gpiote_init) refers to nrfx_gpiote.o(i.nrfx_gpiote_in_event_enable) for nrfx_gpiote_in_event_enable
    pcal6408.o(i.gpiote_init) refers to pcal6408.o(.constdata) for .constdata
    pcal6408.o(i.gpiote_init) refers to nrf_log_frontend.o(log_const_data) for m_nrf_log_app_logs_data_const
    pcal6408.o(i.gpiote_init) refers to pcal6408.o(i.SwitchMonitorInterruptCB) for SwitchMonitorInterruptCB
    pcal6408.o(i.nrf_drv_twi_tx) refers to nrfx_twim.o(i.nrfx_twim_tx) for nrfx_twim_tx
    pcal6408.o(i.twi_init) refers to nrf_drv_twi.o(i.nrf_drv_twi_init) for nrf_drv_twi_init
    pcal6408.o(i.twi_init) refers to nrf_log_frontend.o(i.nrf_log_frontend_std_0) for nrf_log_frontend_std_0
    pcal6408.o(i.twi_init) refers to nrfx_twim.o(i.nrfx_twim_enable) for nrfx_twim_enable
    pcal6408.o(i.twi_init) refers to pcal6408.o(.constdata) for .constdata
[...]
    i.GPIOTE_IRQHandler                      0x0000057c   Section        0  nrfx_gpiote.o(i.GPIOTE_IRQHandler)
    i.Read_input_reg                         0x00000714   Section        0  pcal6408.o(i.Read_input_reg)
    i.Reg_config                             0x000007f4   Section        0  pcal6408.o(i.Reg_config)
    i.SPIM0_SPIS0_TWIM0_TWIS0_SPI0_TWI0_IRQHandler 0x00000914   Section        0  nrfx_twim.o(i.SPIM0_SPIS0_TWIM0_TWIS0_SPI0_TWI0_IRQHandler)
    i.SPIM1_SPIS1_TWIM1_TWIS1_SPI1_TWI1_IRQHandler 0x00000924   Section        0  nrfx_twim.o(i.SPIM1_SPIS1_TWIM1_TWIS1_SPI1_TWI1_IRQHandler)
    i.SwitchMonitorInterruptCB               0x00000934   Section        0  pcal6408.o(i.SwitchMonitorInterruptCB)
    i.SystemCoreClockUpdate                  0x00000940   Section        0  system_nrf52.o(i.SystemCoreClockUpdate)
    i.SystemInit                             0x00000950   Section        0  system_nrf52.o(i.SystemInit)
    i.Turning_led                            0x00000b78   Section        0  pcal6408.o(i.Turning_led)
    i.UARTE0_UART0_IRQHandler                0x00000bf8   Section        0  nrfx_prs.o(i.UARTE0_UART0_IRQHandler)
    i.__scatterload_copy                     0x00000c04   Section       14  handlers.o(i.__scatterload_copy)
    i.__scatterload_null                     0x00000c12   Section        2  handlers.o(i.__scatterload_null)
    i.__scatterload_zeroinit                 0x00000c14   Section       14  handlers.o(i.__scatterload_zeroinit)
    i.app_error_fault_handler                0x00000c24   Section        0  app_error_weak.o(i.app_error_fault_handler)
    i.app_error_handler_bare                 0x00000ca4   Section        0  app_error.o(i.app_error_handler_bare)
    i.app_util_critical_region_enter         0x00000cba   Section        0  app_util_platform.o(i.app_util_critical_region_enter)
    i.app_util_critical_region_exit          0x00000cbe   Section        0  app_util_platform.o(i.app_util_critical_region_exit)
    i.app_util_disable_irq                   0x00000cc4   Section        0  app_util_platform.o(i.app_util_disable_irq)
    i.app_util_enable_irq                    0x00000cd4   Section        0  app_util_platform.o(i.app_util_enable_irq)
    i.apply_config                           0x00000ce8   Section        0  nrfx_uart.o(i.apply_config)
    apply_config                             0x00000ce9   Thumb Code   136  nrfx_uart.o(i.apply_config)
    i.apply_config                           0x00000d70   Section        0  nrfx_uarte.o(i.apply_config)
    apply_config                             0x00000d71   Thumb Code   136  nrfx_uarte.o(i.apply_config)
    i.backend_id_assign                      0x00000df8   Section        0  nrf_log_frontend.o(i.backend_id_assign)
    backend_id_assign                        0x00000df9   Thumb Code    48  nrf_log_frontend.o(i.backend_id_assign)
    i.buf_prealloc                           0x00000e2c   Section        0  nrf_log_frontend.o(i.buf_prealloc)
    buf_prealloc                             0x00000e2d   Thumb Code   144  nrf_log_frontend.o(i.buf_prealloc)
    i.buffer_add                             0x00000ec0   Section        0  nrf_fprintf_format.o(i.buffer_add)
    buffer_add                               0x00000ec1   Thumb Code    48  nrf_fprintf_format.o(i.buffer_add)
    i.buffer_is_empty                        0x00000ef0   Section        0  nrf_log_frontend.o(i.buffer_is_empty)
    i.channel_free                           0x00000f04   Section        0  nrfx_gpiote.o(i.channel_free)
    channel_free                             0x00000f05   Thumb Code    22  nrfx_gpiote.o(i.channel_free)
    i.channel_port_alloc                     0x00000f20   Section        0  nrfx_gpiote.o(i.channel_port_alloc)
    channel_port_alloc                       0x00000f21   Thumb Code    78  nrfx_gpiote.o(i.channel_port_alloc)
    i.channel_port_get                       0x00000f74   Section        0  nrfx_gpiote.o(i.channel_port_get)
    channel_port_get                         0x00000f75   Thumb Code    10  nrfx_gpiote.o(i.channel_port_get)
    i.dropped_sat16_get                      0x00000f84   Section        0  nrf_log_frontend.o(i.dropped_sat16_get)
    dropped_sat16_get                        0x00000f85   Thumb Code    16  nrf_log_frontend.o(i.dropped_sat16_get)
    i.errata_108                             0x00000f98   Section        0  system_nrf52.o(i.errata_108)
    errata_108                               0x00000f99   Thumb Code    56  system_nrf52.o(i.errata_108)
    i.errata_12                              0x00000fd4   Section        0  system_nrf52.o(i.errata_12)
    errata_12                                0x00000fd5   Thumb Code    56  system_nrf52.o(i.errata_12)
    i.errata_136                             0x00001010   Section        0  system_nrf52.o(i.errata_136)
    errata_136                               0x00001011   Thumb Code    56  system_nrf52.o(i.errata_136)
    i.errata_16                              0x0000104c   Section        0  system_nrf52.o(i.errata_16)
    errata_16                                0x0000104d   Thumb Code    40  system_nrf52.o(i.errata_16)
    i.errata_182                             0x00001078   Section        0  system_nrf52.o(i.errata_182)
    errata_182                               0x00001079   Thumb Code    28  system_nrf52.o(i.errata_182)
    i.errata_31                              0x00001094   Section        0  system_nrf52.o(i.errata_31)
    errata_31                                0x00001095   Thumb Code    56  system_nrf52.o(i.errata_31)
    i.errata_32                              0x000010d0   Section        0  system_nrf52.o(i.errata_32)
    errata_32                                0x000010d1   Thumb Code    40  system_nrf52.o(i.errata_32)
    i.errata_36                              0x000010fc   Section        0  system_nrf52.o(i.errata_36)
    errata_36                                0x000010fd   Thumb Code    56  system_nrf52.o(i.errata_36)
    i.errata_37                              0x00001138   Section        0  system_nrf52.o(i.errata_37)
    errata_37                                0x00001139   Thumb Code    40  system_nrf52.o(i.errata_37)
    i.errata_57                              0x00001164   Section        0  system_nrf52.o(i.errata_57)
    errata_57                                0x00001165   Thumb Code    40  system_nrf52.o(i.errata_57)
    i.errata_66                              0x00001190   Section        0  system_nrf52.o(i.errata_66)
    errata_66                                0x00001191   Thumb Code    40  system_nrf52.o(i.errata_66)
    i.gpiote_init                            0x000011bc   Section        0  pcal6408.o(i.gpiote_init)
    i.int_print                              0x00001220   Section        0  nrf_fprintf_format.o(i.int_print)
    int_print                                0x00001221   Thumb Code   178  nrf_fprintf_format.o(i.int_print)
    i.interrupts_disable                     0x000012d4   Section        0  nrfx_uart.o(i.interrupts_disable)
    interrupts_disable                       0x000012d5   Thumb Code    36  nrfx_uart.o(i.interrupts_disable)
    i.interrupts_disable                     0x000012fc   Section        0  nrfx_uarte.o(i.interrupts_disable)
    interrupts_disable                       0x000012fd   Thumb Code    36  nrfx_uarte.o(i.interrupts_disable)
    i.interrupts_enable                      0x00001324   Section        0  nrfx_uart.o(i.interrupts_enable)
    interrupts_enable                        0x00001325   Thumb Code    98  nrfx_uart.o(i.interrupts_enable)
    i.interrupts_enable                      0x0000138c   Section        0  nrfx_uarte.o(i.interrupts_enable)
    interrupts_enable                        0x0000138d   Thumb Code   118  nrfx_uarte.o(i.interrupts_enable)
    i.invalid_packets_omit                   0x00001408   Section        0  nrf_log_frontend.o(i.invalid_packets_omit)
    invalid_packets_omit                     0x00001409   Thumb Code    54  nrf_log_frontend.o(i.invalid_packets_omit)
    i.log_skip                               0x00001440   Section        0  nrf_log_frontend.o(i.log_skip)
    log_skip                                 0x00001441   Thumb Code   158  nrf_log_frontend.o(i.log_skip)
    i.main                                   0x000014e8   Section        0  main.o(i.main)
    i.memobj_op                              0x000016f0   Section        0  nrf_memobj.o(i.memobj_op)
    memobj_op                                0x000016f1   Thumb Code   134  nrf_memobj.o(i.memobj_op)
    i.module_idx_get                         0x00001778   Section        0  nrf_log_frontend.o(i.module_idx_get)
    module_idx_get                           0x00001779   Thumb Code    50  nrf_log_frontend.o(i.module_idx_get)
    i.nrf_atomic_flag_clear_fetch            0x000017b0   Section        0  nrf_atomic.o(i.nrf_atomic_flag_clear_fetch)
    i.nrf_atomic_flag_set                    0x000017b6   Section        0  nrf_atomic.o(i.nrf_atomic_flag_set)
    i.nrf_atomic_u32_add                     0x000017bc   Section        0  nrf_atomic.o(i.nrf_atomic_u32_add)
    i.nrf_atomic_u32_fetch_and               0x000017c8   Section        0  nrf_atomic.o(i.nrf_atomic_u32_fetch_and)
    i.nrf_atomic_u32_fetch_store             0x000017d2   Section        0  nrf_atomic.o(i.nrf_atomic_u32_fetch_store)
    i.nrf_atomic_u32_or                      0x000017dc   Section        0  nrf_atomic.o(i.nrf_atomic_u32_or)
    i.nrf_atomic_u32_sub                     0x000017e8   Section        0  nrf_atomic.o(i.nrf_atomic_u32_sub)
    i.nrf_balloc_alloc                       0x000017f4   Section        0  nrf_balloc.o(i.nrf_balloc_alloc)
    i.nrf_balloc_block2idx                   0x00001834   Section        0  nrf_balloc.o(i.nrf_balloc_block2idx)
    nrf_balloc_block2idx                     0x00001835   Thumb Code    14  nrf_balloc.o(i.nrf_balloc_block2idx)
    i.nrf_balloc_free                        0x00001842   Section        0  nrf_balloc.o(i.nrf_balloc_free)
    i.nrf_balloc_idx2block                   0x0000186c   Section        0  nrf_balloc.o(i.nrf_balloc_idx2block)
    nrf_balloc_idx2block                     0x0000186d   Thumb Code    10  nrf_balloc.o(i.nrf_balloc_idx2block)
    i.nrf_balloc_init                        0x00001876   Section        0  nrf_balloc.o(i.nrf_balloc_init)
    i.nrf_bitmask_bit_is_set                 0x000018a8   Section        0  nrfx_gpiote.o(i.nrf_bitmask_bit_is_set)
    nrf_bitmask_bit_is_set                   0x000018a9   Thumb Code    16  nrfx_gpiote.o(i.nrf_bitmask_bit_is_set)
    i.nrf_bitmask_bit_set                    0x000018b8   Section        0  nrfx_gpiote.o(i.nrf_bitmask_bit_set)
    nrf_bitmask_bit_set                      0x000018b9   Thumb Code    20  nrfx_gpiote.o(i.nrf_bitmask_bit_set)
    i.nrf_drv_twi_init                       0x000018cc   Section        0  nrf_drv_twi.o(i.nrf_drv_twi_init)
    i.nrf_drv_twi_tx                         0x00001910   Section        0  pcal6408.o(i.nrf_drv_twi_tx)
    nrf_drv_twi_tx                           0x00001911   Thumb Code    14  pcal6408.o(i.nrf_drv_twi_tx)
    i.nrf_drv_uart_init                      0x00001920   Section        0  nrf_drv_uart.o(i.nrf_drv_uart_init)
    i.nrf_fprintf                            0x00001988   Section        0  nrf_fprintf.o(i.nrf_fprintf)
    i.nrf_fprintf_buffer_flush               0x000019a2   Section        0  nrf_fprintf.o(i.nrf_fprintf_buffer_flush)
    i.nrf_fprintf_fmt                        0x000019ba   Section        0  nrf_fprintf_format.o(i.nrf_fprintf_fmt)
    i.nrf_gpio_cfg                           0x00001b4c   Section        0  nrfx_twim.o(i.nrf_gpio_cfg)
    nrf_gpio_cfg                             0x00001b4d   Thumb Code    36  nrfx_twim.o(i.nrf_gpio_cfg)
    i.nrf_gpio_cfg                           0x00001b70   Section        0  nrfx_uart.o(i.nrf_gpio_cfg)
    nrf_gpio_cfg                             0x00001b71   Thumb Code    36  nrfx_uart.o(i.nrf_gpio_cfg)
    i.nrf_gpio_cfg                           0x00001b94   Section        0  nrfx_uarte.o(i.nrf_gpio_cfg)
    nrf_gpio_cfg                             0x00001b95   Thumb Code    36  nrfx_uarte.o(i.nrf_gpio_cfg)
    i.nrf_gpio_cfg                           0x00001bb8   Section        0  nrfx_gpiote.o(i.nrf_gpio_cfg)
    nrf_gpio_cfg                             0x00001bb9   Thumb Code    36  nrfx_gpiote.o(i.nrf_gpio_cfg)
    i.nrf_gpio_cfg_default                   0x00001bdc   Section        0  nrfx_uart.o(i.nrf_gpio_cfg_default)
    nrf_gpio_cfg_default                     0x00001bdd   Thumb Code    18  nrfx_uart.o(i.nrf_gpio_cfg_default)
    i.nrf_gpio_cfg_default                   0x00001bee   Section        0  nrfx_uarte.o(i.nrf_gpio_cfg_default)
    nrf_gpio_cfg_default                     0x00001bef   Thumb Code    18  nrfx_uarte.o(i.nrf_gpio_cfg_default)
    i.nrf_gpio_cfg_input                     0x00001c00   Section        0  nrfx_uart.o(i.nrf_gpio_cfg_input)
    nrf_gpio_cfg_input                       0x00001c01   Thumb Code    18  nrfx_uart.o(i.nrf_gpio_cfg_input)
    i.nrf_gpio_cfg_input                     0x00001c12   Section        0  nrfx_uarte.o(i.nrf_gpio_cfg_input)
    nrf_gpio_cfg_input                       0x00001c13   Thumb Code    18  nrfx_uarte.o(i.nrf_gpio_cfg_input)
    i.nrf_gpio_cfg_output                    0x00001c24   Section        0  nrfx_uart.o(i.nrf_gpio_cfg_output)
    nrf_gpio_cfg_output                      0x00001c25   Thumb Code    20  nrfx_uart.o(i.nrf_gpio_cfg_output)
    i.nrf_gpio_cfg_output                    0x00001c38   Section        0  nrfx_uarte.o(i.nrf_gpio_cfg_output)
    nrf_gpio_cfg_output                      0x00001c39   Thumb Code    20  nrfx_uarte.o(i.nrf_gpio_cfg_output)
    i.nrf_gpio_cfg_sense_set                 0x00001c4c   Section        0  nrfx_gpiote.o(i.nrf_gpio_cfg_sense_set)
    nrf_gpio_cfg_sense_set                   0x00001c4d   Thumb Code    30  nrfx_gpiote.o(i.nrf_gpio_cfg_sense_set)
    i.nrf_gpio_pin_set                       0x00001c6a   Section        0  nrf_drv_twi.o(i.nrf_gpio_pin_set)
    nrf_gpio_pin_set                         0x00001c6b   Thumb Code    16  nrf_drv_twi.o(i.nrf_gpio_pin_set)
    i.nrf_gpio_ports_read                    0x00001c7c   Section        0  nrfx_gpiote.o(i.nrf_gpio_ports_read)
    nrf_gpio_ports_read                      0x00001c7d   Thumb Code    32  nrfx_gpiote.o(i.nrf_gpio_ports_read)
    i.nrf_gpiote_event_clear                 0x00001ca0   Section        0  nrfx_gpiote.o(i.nrf_gpiote_event_clear)
    nrf_gpiote_event_clear                   0x00001ca1   Thumb Code    16  nrfx_gpiote.o(i.nrf_gpiote_event_clear)
    i.nrf_gpiote_event_is_set                0x00001cb4   Section        0  nrfx_gpiote.o(i.nrf_gpiote_event_is_set)
    nrf_gpiote_event_is_set                  0x00001cb5   Thumb Code    14  nrfx_gpiote.o(i.nrf_gpiote_event_is_set)
    i.nrf_log_backend_add                    0x00001cc8   Section        0  nrf_log_frontend.o(i.nrf_log_backend_add)
    i.nrf_log_backend_serial_put             0x00001d04   Section        0  nrf_log_backend_serial.o(i.nrf_log_backend_serial_put)
    i.nrf_log_backend_uart_flush             0x00001dd0   Section        0  nrf_log_backend_uart.o(i.nrf_log_backend_uart_flush)
    nrf_log_backend_uart_flush               0x00001dd1   Thumb Code     2  nrf_log_backend_uart.o(i.nrf_log_backend_uart_flush)
    i.nrf_log_backend_uart_init              0x00001dd2   Section        0  nrf_log_backend_uart.o(i.nrf_log_backend_uart_init)
    i.nrf_log_backend_uart_panic_set         0x00001dd8   Section        0  nrf_log_backend_uart.o(i.nrf_log_backend_uart_panic_set)
    nrf_log_backend_uart_panic_set           0x00001dd9   Thumb Code    38  nrf_log_backend_uart.o(i.nrf_log_backend_uart_panic_set)
    i.nrf_log_backend_uart_put               0x00001e08   Section        0  nrf_log_backend_uart.o(i.nrf_log_backend_uart_put)
    nrf_log_backend_uart_put                 0x00001e09   Thumb Code    16  nrf_log_backend_uart.o(i.nrf_log_backend_uart_put)
    i.nrf_log_color_id_get                   0x00001e20   Section        0  nrf_log_frontend.o(i.nrf_log_color_id_get)
    i.nrf_log_default_backends_init          0x00001e50   Section        0  nrf_log_default_backends.o(i.nrf_log_default_backends_init)
    i.nrf_log_frontend_dequeue               0x00001e6c   Section        0  nrf_log_frontend.o(i.nrf_log_frontend_dequeue)
    i.nrf_log_frontend_std_0                 0x000020c0   Section        0  nrf_log_frontend.o(i.nrf_log_frontend_std_0)
    i.nrf_log_frontend_std_1                 0x000020c8   Section        0  nrf_log_frontend.o(i.nrf_log_frontend_std_1)
    i.nrf_log_frontend_std_2                 0x000020d6   Section        0  nrf_log_frontend.o(i.nrf_log_frontend_std_2)
    i.nrf_log_hexdump_entry_process          0x000020e8   Section        0  nrf_log_str_formatter.o(i.nrf_log_hexdump_entry_process)
    i.nrf_log_init                           0x00002194   Section        0  nrf_log_frontend.o(i.nrf_log_init)
    i.nrf_log_module_cnt_get                 0x000021d0   Section        0  nrf_log_frontend.o(i.nrf_log_module_cnt_get)
    i.nrf_log_module_name_get                0x000021e4   Section        0  nrf_log_frontend.o(i.nrf_log_module_name_get)
    i.nrf_log_panic                          0x00002204   Section        0  nrf_log_frontend.o(i.nrf_log_panic)
    i.nrf_log_std_entry_process              0x00002230   Section        0  nrf_log_str_formatter.o(i.nrf_log_std_entry_process)
    i.nrf_memobj_alloc                       0x000022e6   Section        0  nrf_memobj.o(i.nrf_memobj_alloc)
    i.nrf_memobj_free                        0x0000234c   Section        0  nrf_memobj.o(i.nrf_memobj_free)
    i.nrf_memobj_get                         0x0000237e   Section        0  nrf_memobj.o(i.nrf_memobj_get)
    i.nrf_memobj_pool_init                   0x00002386   Section        0  nrf_memobj.o(i.nrf_memobj_pool_init)
    i.nrf_memobj_put                         0x0000238a   Section        0  nrf_memobj.o(i.nrf_memobj_put)
    i.nrf_memobj_read                        0x000023a8   Section        0  nrf_memobj.o(i.nrf_memobj_read)
    i.nrf_memobj_write                       0x000023b8   Section        0  nrf_memobj.o(i.nrf_memobj_write)
    i.nrf_ringbuf_init                       0x000023c8   Section        0  nrf_ringbuf.o(i.nrf_ringbuf_init)
    i.nrf_strerror_find                      0x000023e4   Section        0  nrf_strerror.o(i.nrf_strerror_find)
    i.nrf_strerror_get                       0x0000241c   Section        0  nrf_strerror.o(i.nrf_strerror_get)
    i.nrf_twim_event_check                   0x00002430   Section        0  nrfx_twim.o(i.nrf_twim_event_check)
    nrf_twim_event_check                     0x00002431   Thumb Code    10  nrfx_twim.o(i.nrf_twim_event_check)
    i.nrf_twim_event_clear                   0x0000243a   Section        0  nrfx_twim.o(i.nrf_twim_event_clear)
    nrf_twim_event_clear                     0x0000243b   Thumb Code    12  nrfx_twim.o(i.nrf_twim_event_clear)
    i.nrf_uart_event_check                   0x00002446   Section        0  nrfx_uart.o(i.nrf_uart_event_check)
    nrf_uart_event_check                     0x00002447   Thumb Code    10  nrfx_uart.o(i.nrf_uart_event_check)
    i.nrf_uart_event_clear                   0x00002450   Section        0  nrfx_uart.o(i.nrf_uart_event_clear)
    nrf_uart_event_clear                     0x00002451   Thumb Code    12  nrfx_uart.o(i.nrf_uart_event_clear)
    i.nrf_uart_int_enable_check              0x0000245c   Section        0  nrfx_uart.o(i.nrf_uart_int_enable_check)
    nrf_uart_int_enable_check                0x0000245d   Thumb Code    12  nrfx_uart.o(i.nrf_uart_int_enable_check)
    i.nrf_uarte_event_check                  0x00002468   Section        0  nrfx_uarte.o(i.nrf_uarte_event_check)
    nrf_uarte_event_check                    0x00002469   Thumb Code    10  nrfx_uarte.o(i.nrf_uarte_event_check)
    i.nrf_uarte_event_clear                  0x00002472   Section        0  nrfx_uarte.o(i.nrf_uarte_event_clear)
    nrf_uarte_event_clear                    0x00002473   Thumb Code    12  nrfx_uarte.o(i.nrf_uarte_event_clear)
    i.nrfx_coredep_delay_us                  0x00002480   Section        0  nrf_drv_twi.o(i.nrfx_coredep_delay_us)
    nrfx_coredep_delay_us                    0x00002481   Thumb Code    12  nrf_drv_twi.o(i.nrfx_coredep_delay_us)
    i.nrfx_gpiote_in_event_disable           0x00002490   Section        0  nrfx_gpiote.o(i.nrfx_gpiote_in_event_disable)
    i.nrfx_gpiote_in_event_enable            0x000024d8   Section        0  nrfx_gpiote.o(i.nrfx_gpiote_in_event_enable)
    i.nrfx_gpiote_in_init                    0x00002588   Section        0  nrfx_gpiote.o(i.nrfx_gpiote_in_init)
    i.nrfx_gpiote_init                       0x0000269c   Section        0  nrfx_gpiote.o(i.nrfx_gpiote_init)
    i.nrfx_is_in_ram                         0x0000276c   Section        0  nrfx_twim.o(i.nrfx_is_in_ram)
    nrfx_is_in_ram                           0x0000276d   Thumb Code    16  nrfx_twim.o(i.nrfx_is_in_ram)
    i.nrfx_is_in_ram                         0x0000277c   Section        0  nrfx_uarte.o(i.nrfx_is_in_ram)
    nrfx_is_in_ram                           0x0000277d   Thumb Code    16  nrfx_uarte.o(i.nrfx_is_in_ram)
    i.nrfx_prs_acquire                       0x0000278c   Section        0  nrfx_prs.o(i.nrfx_prs_acquire)
    i.nrfx_prs_release                       0x000027be   Section        0  nrfx_prs.o(i.nrfx_prs_release)
    i.nrfx_twim_enable                       0x000027d0   Section        0  nrfx_twim.o(i.nrfx_twim_enable)
    i.nrfx_twim_init                         0x000027f4   Section        0  nrfx_twim.o(i.nrfx_twim_init)
    i.nrfx_twim_rx                           0x000028d4   Section        0  nrfx_twim.o(i.nrfx_twim_rx)
    i.nrfx_twim_tx                           0x00002904   Section        0  nrfx_twim.o(i.nrfx_twim_tx)
    i.nrfx_twim_xfer                         0x0000293c   Section        0  nrfx_twim.o(i.nrfx_twim_xfer)
    i.nrfx_uart_0_irq_handler                0x00002964   Section        0  nrfx_uart.o(i.nrfx_uart_0_irq_handler)
    i.nrfx_uart_init                         0x00002974   Section        0  nrfx_uart.o(i.nrfx_uart_init)
    i.nrfx_uart_tx                           0x000029e8   Section        0  nrfx_uart.o(i.nrfx_uart_tx)
    i.nrfx_uart_tx_in_progress               0x00002a68   Section        0  nrfx_uart.o(i.nrfx_uart_tx_in_progress)
    i.nrfx_uart_uninit                       0x00002a88   Section        0  nrfx_uart.o(i.nrfx_uart_uninit)
    i.nrfx_uarte_0_irq_handler               0x00002ac8   Section        0  nrfx_uarte.o(i.nrfx_uarte_0_irq_handler)
    i.nrfx_uarte_init                        0x00002ad8   Section        0  nrfx_uarte.o(i.nrfx_uarte_init)
    i.nrfx_uarte_tx                          0x00002b48   Section        0  nrfx_uarte.o(i.nrfx_uarte_tx)
    i.nrfx_uarte_tx_in_progress              0x00002bd8   Section        0  nrfx_uarte.o(i.nrfx_uarte_tx_in_progress)
    i.nrfx_uarte_uninit                      0x00002bf4   Section        0  nrfx_uarte.o(i.nrfx_uarte_uninit)
    i.pin_in_use_by_port                     0x00002c30   Section        0  nrfx_gpiote.o(i.pin_in_use_by_port)
    pin_in_use_by_port                       0x00002c31   Thumb Code    20  nrfx_gpiote.o(i.pin_in_use_by_port)
    i.pin_in_use_by_te                       0x00002c48   Section        0  nrfx_gpiote.o(i.pin_in_use_by_te)
    pin_in_use_by_te                         0x00002c49   Thumb Code    20  nrfx_gpiote.o(i.pin_in_use_by_te)
    i.pins_to_default                        0x00002c60   Section        0  nrfx_uart.o(i.pins_to_default)
    pins_to_default                          0x00002c61   Thumb Code    80  nrfx_uart.o(i.pins_to_default)
    i.pins_to_default                        0x00002cb0   Section        0  nrfx_uarte.o(i.pins_to_default)
    pins_to_default                          0x00002cb1   Thumb Code    80  nrfx_uarte.o(i.pins_to_default)
    i.postfix_process                        0x00002d00   Section        0  nrf_log_str_formatter.o(i.postfix_process)
    postfix_process                          0x00002d01   Thumb Code    56  nrf_log_str_formatter.o(i.postfix_process)
    i.prefix_process                         0x00002d44   Section        0  nrf_log_str_formatter.o(i.prefix_process)
    prefix_process                           0x00002d45   Thumb Code   100  nrf_log_str_formatter.o(i.prefix_process)
    i.prs_box_get                            0x00002de4   Section        0  nrfx_prs.o(i.prs_box_get)
    prs_box_get                              0x00002de5   Thumb Code    14  nrfx_prs.o(i.prs_box_get)
    i.rx_byte                                0x00002dfc   Section        0  nrfx_uart.o(i.rx_byte)
    rx_byte                                  0x00002dfd   Thumb Code    52  nrfx_uart.o(i.rx_byte)
    i.rx_done_event                          0x00002e30   Section        0  nrfx_uart.o(i.rx_done_event)
    rx_done_event                            0x00002e31   Thumb Code    20  nrfx_uart.o(i.rx_done_event)
    i.rx_done_event                          0x00002e44   Section        0  nrfx_uarte.o(i.rx_done_event)
    rx_done_event                            0x00002e45   Thumb Code    20  nrfx_uarte.o(i.rx_done_event)
    i.serial_tx                              0x00002e58   Section        0  nrf_log_backend_uart.o(i.serial_tx)
    serial_tx                                0x00002e59   Thumb Code    56  nrf_log_backend_uart.o(i.serial_tx)
    i.std_n                                  0x00002e98   Section        0  nrf_log_frontend.o(i.std_n)
    std_n                                    0x00002e99   Thumb Code   136  nrf_log_frontend.o(i.std_n)
    i.string_print                           0x00002f24   Section        0  nrf_fprintf_format.o(i.string_print)
    string_print                             0x00002f25   Thumb Code   106  nrf_fprintf_format.o(i.string_print)
    i.timestamp_print                        0x00002f8e   Section        0  nrf_log_str_formatter.o(i.timestamp_print)
    timestamp_print                          0x00002f8f   Thumb Code     2  nrf_log_str_formatter.o(i.timestamp_print)
    i.twi_clear_bus                          0x00002f90   Section        0  nrf_drv_twi.o(i.twi_clear_bus)
    twi_clear_bus                            0x00002f91   Thumb Code   174  nrf_drv_twi.o(i.twi_clear_bus)
    i.twi_init                               0x00003040   Section        0  pcal6408.o(i.twi_init)
    i.twi_process_error                      0x000030a0   Section        0  nrfx_twim.o(i.twi_process_error)
    twi_process_error                        0x000030a1   Thumb Code    22  nrfx_twim.o(i.twi_process_error)
    i.twim_evt_handler                       0x000030b8   Section        0  nrf_drv_twi.o(i.twim_evt_handler)
    twim_evt_handler                         0x000030b9   Thumb Code    62  nrf_drv_twi.o(i.twim_evt_handler)
    i.twim_irq_handler                       0x000030fc   Section        0  nrfx_twim.o(i.twim_irq_handler)
    twim_irq_handler                         0x000030fd   Thumb Code   344  nrfx_twim.o(i.twim_irq_handler)
    i.twim_xfer                              0x00003258   Section        0  nrfx_twim.o(i.twim_xfer)
    twim_xfer                                0x00003259   Thumb Code   566  nrfx_twim.o(i.twim_xfer)
    i.tx_blocking                            0x00003498   Section        0  nrfx_uart.o(i.tx_blocking)
    tx_blocking                              0x00003499   Thumb Code    54  nrfx_uart.o(i.tx_blocking)
    i.tx_byte                                0x000034ce   Section        0  nrfx_uart.o(i.tx_byte)
    tx_byte                                  0x000034cf   Thumb Code    34  nrfx_uart.o(i.tx_byte)
    i.tx_done_event                          0x000034f0   Section        0  nrfx_uart.o(i.tx_done_event)
    tx_done_event                            0x000034f1   Thumb Code    24  nrfx_uart.o(i.tx_done_event)
    i.tx_done_event                          0x00003508   Section        0  nrfx_uarte.o(i.tx_done_event)
    tx_done_event                            0x00003509   Thumb Code    24  nrfx_uarte.o(i.tx_done_event)
    i.uart_evt_handler                       0x00003520   Section        0  nrf_drv_uart.o(i.uart_evt_handler)
    uart_evt_handler                         0x00003521   Thumb Code    44  nrf_drv_uart.o(i.uart_evt_handler)
    i.uart_evt_handler                       0x00003550   Section        0  nrf_log_backend_uart.o(i.uart_evt_handler)
    uart_evt_handler                         0x00003551   Thumb Code     8  nrf_log_backend_uart.o(i.uart_evt_handler)
    i.uart_init                              0x0000355c   Section        0  nrf_log_backend_uart.o(i.uart_init)
    uart_init                                0x0000355d   Thumb Code    66  nrf_log_backend_uart.o(i.uart_init)
    i.uart_irq_handler                       0x000035ac   Section        0  nrfx_uart.o(i.uart_irq_handler)
    uart_irq_handler                         0x000035ad   Thumb Code   304  nrfx_uart.o(i.uart_irq_handler)
    i.uarte_evt_handler                      0x000036dc   Section        0  nrf_drv_uart.o(i.uarte_evt_handler)
    uarte_evt_handler                        0x000036dd   Thumb Code    44  nrf_drv_uart.o(i.uarte_evt_handler)
    i.uarte_irq_handler                      0x0000370c   Section        0  nrfx_uarte.o(i.uarte_irq_handler)
    uarte_irq_handler                        0x0000370d   Thumb Code   242  nrfx_uarte.o(i.uarte_irq_handler)
    i.unsigned_print                         0x00003800   Section        0  nrf_fprintf_format.o(i.unsigned_print)
    unsigned_print                           0x00003801   Thumb Code   170  nrf_fprintf_format.o(i.unsigned_print)
    .constdata                               0x000038b0   Section       36  pcal6408.o(.constdata)
    m_twi                                    0x000038b4   Data          16  pcal6408.o(.constdata)
    .constdata                               0x000038e0   Section        6  nrf_drv_twi.o(.constdata)
    delay_machine_code                       0x000038e0   Data           6  nrf_drv_twi.o(.constdata)
    .constdata                               0x000038e8   Section       28  nrfx_twim.o(.constdata)
    irq_handlers                             0x000038e8   Data           8  nrfx_twim.o(.constdata)
    .constdata                               0x00003904   Section        4  nrfx_uart.o(.constdata)
    irq_handlers                             0x00003904   Data           4  nrfx_uart.o(.constdata)
    .constdata                               0x00003908   Section        4  nrfx_uarte.o(.constdata)
    irq_handlers                             0x00003908   Data           4  nrfx_uarte.o(.constdata)
    .constdata                               0x0000390c   Section       62  nrfx_gpiote.o(.constdata)
    __func__                                 0x00003910   Data          17  nrfx_gpiote.o(.constdata)
    __func__                                 0x00003921   Data          21  nrfx_gpiote.o(.constdata)
    __func__                                 0x00003936   Data          20  nrfx_gpiote.o(.constdata)
    .constdata                               0x0000394a   Section       16  nrf_fprintf_format.o(.constdata)
    _aV2C                                    0x0000394a   Data          16  nrf_fprintf_format.o(.constdata)
    .constdata                               0x0000395c   Section      300  nrf_strerror.o(.constdata)
    m_unknown_str                            0x0000395c   Data          19  nrf_strerror.o(.constdata)
    nrf_strerror_array                       0x00003970   Data         280  nrf_strerror.o(.constdata)
    .constdata                               0x00003a88   Section       12  nrf_log_backend_uart.o(.constdata)
    .constdata                               0x00003a94   Section       32  nrf_log_backend_uart.o(.constdata)
    .constdata                               0x00003ab4   Section       12  nrf_log_frontend.o(.constdata)
    m_log_push_ringbuf                       0x00003ab4   Data          12  nrf_log_frontend.o(.constdata)
    .constdata                               0x00003ac0   Section      129  ctype_o.o(.constdata)
    .constdata                               0x00003b44   Section        4  ctype_o.o(.constdata)
    table                                    0x00003b44   Data           4  ctype_o.o(.constdata)
    .conststring                             0x00003b48   Section      959  nrf_strerror.o(.conststring)
    .conststring                             0x00003f08   Section      102  nrf_log_str_formatter.o(.conststring)
    .conststrlit                             0x00003f70   Section        4  nrfx_prs.o(.conststrlit)
    .conststrlit                             0x00003f74   Section        5  nrfx_twim.o(.conststrlit)
    .conststrlit                             0x00003f7c   Section        5  nrfx_uart.o(.conststrlit)
    .conststrlit                             0x00003f84   Section        6  nrfx_uarte.o(.conststrlit)
    .conststrlit                             0x00003f8c   Section        7  nrfx_gpiote.o(.conststrlit)
    .conststrlit                             0x00003f94   Section       17  nrf_log_default_backends.o(.conststrlit)
    .conststrlit                             0x00003fa8   Section        4  nrf_log_frontend.o(.conststrlit)
    log_backends                             0x00003fcc   Section       16  nrf_log_default_backends.o(log_backends)
    __tagsym$$used                           0x00003fcc   Number         0  nrf_log_default_backends.o(log_backends)
    uart_log_backend                         0x00003fcc   Data          16  nrf_log_default_backends.o(log_backends)
    log_const_data                           0x00003fdc   Section        8  nrfx_prs.o(log_const_data)
    __tagsym$$used                           0x00003fdc   Number         0  nrfx_prs.o(log_const_data)
    log_const_data                           0x00003fe4   Section        8  nrfx_twim.o(log_const_data)
    __tagsym$$used                           0x00003fe4   Number         0  nrfx_twim.o(log_const_data)
    log_const_data                           0x00003fec   Section        8  nrfx_uart.o(log_const_data)
    __tagsym$$used                           0x00003fec   Number         0  nrfx_uart.o(log_const_data)
    log_const_data                           0x00003ff4   Section        8  nrfx_uarte.o(log_const_data)
    __tagsym$$used                           0x00003ff4   Number         0  nrfx_uarte.o(log_const_data)
    log_const_data                           0x00003ffc   Section        8  nrfx_gpiote.o(log_const_data)
    __tagsym$$used                           0x00003ffc   Number         0  nrfx_gpiote.o(log_const_data)
    log_const_data                           0x00004004   Section        8  nrf_log_frontend.o(log_const_data)
    __tagsym$$used                           0x00004004   Number         0  nrf_log_frontend.o(log_const_data)
    nrf_balloc                               0x0000400c   Section       20  nrf_log_frontend.o(nrf_balloc)
    __tagsym$$used                           0x0000400c   Number         0  nrf_log_frontend.o(nrf_balloc)
    .data                                    0x20000000   Section        8  pcal6408.o(.data)
    count                                    0x20000004   Data           4  pcal6408.o(.data)
    .data                                    0x20000008   Section       16  nrf_drv_twi.o(.data)
    m_handlers                               0x20000008   Data           8  nrf_drv_twi.o(.data)
    m_contexts                               0x20000010   Data           8  nrf_drv_twi.o(.data)
    .data                                    0x20000018   Section       12  nrf_drv_uart.o(.data)
    m_handlers                               0x2000001c   Data           4  nrf_drv_uart.o(.data)
    m_contexts                               0x20000020   Data           4  nrf_drv_uart.o(.data)
    .data                                    0x20000024   Section        8  nrfx_prs.o(.data)
    m_prs_box_4                              0x20000024   Data           8  nrfx_prs.o(.data)
    .data                                    0x2000002c   Section        4  app_util_platform.o(.data)
    m_in_critical_region                     0x2000002c   Data           4  app_util_platform.o(.data)
    .data                                    0x20000030   Section       24  nrf_log_backend_uart.o(.data)
    m_xfer_done                              0x20000030   Data           1  nrf_log_backend_uart.o(.data)
    m_async_mode                             0x20000031   Data           1  nrf_log_backend_uart.o(.data)
    .data                                    0x20000048   Section        8  nrf_log_default_backends.o(.data)
    log_backend_cb_uart_log_backend          0x20000048   Data           8  nrf_log_default_backends.o(.data)
    .data                                    0x20000050   Section        8  nrf_log_frontend.o(.data)
    log_mempool_nrf_balloc_pool_stack        0x20000050   Data           8  nrf_log_frontend.o(.data)
    .data                                    0x20000058   Section        8  nrf_log_frontend.o(.data)
    log_mempool_nrf_balloc_cb                0x20000058   Data           8  nrf_log_frontend.o(.data)
    .data                                    0x20000060   Section       64  nrf_log_str_formatter.o(.data)
    m_freq                                   0x20000060   Data           4  nrf_log_str_formatter.o(.data)
    m_timestamp_div                          0x20000064   Data           4  nrf_log_str_formatter.o(.data)
    severity_names                           0x20000068   Data          20  nrf_log_str_formatter.o(.data)
    m_colors                                 0x2000007c   Data          36  nrf_log_str_formatter.o(.data)
    .data                                    0x200000a0   Section        4  system_nrf52.o(.data)
    __tagsym$$used                           0x200000a0   Number         0  system_nrf52.o(.data)
    .bss                                     0x200000a4   Section      104  nrfx_twim.o(.bss)
    m_cb                                     0x200000a4   Data         104  nrfx_twim.o(.bss)
    .bss                                     0x2000010c   Section       44  nrfx_uart.o(.bss)
    m_cb                                     0x2000010c   Data          44  nrfx_uart.o(.bss)
    .bss                                     0x20000138   Section       36  nrfx_uarte.o(.bss)
    m_cb                                     0x20000138   Data          36  nrfx_uarte.o(.bss)
    .bss                                     0x2000015c   Section       76  nrfx_gpiote.o(.bss)
    m_cb                                     0x2000015c   Data          76  nrfx_gpiote.o(.bss)
    .bss                                     0x200001a8   Section       64  nrf_log_backend_uart.o(.bss)
    m_string_buff                            0x200001a8   Data          64  nrf_log_backend_uart.o(.bss)
    .bss                                     0x200001e8   Section      192  nrf_log_frontend.o(.bss)
    log_mempool_nrf_balloc_pool_mem          0x200001e8   Data         192  nrf_log_frontend.o(.bss)
    .bss                                     0x200002a8   Section      128  nrf_log_frontend.o(.bss)
    m_log_push_ringbuf_buf                   0x200002a8   Data         128  nrf_log_frontend.o(.bss)
    .bss                                     0x20000328   Section       24  nrf_log_frontend.o(.bss)
    m_log_push_ringbuf_cb                    0x20000328   Data          24  nrf_log_frontend.o(.bss)
    .bss                                     0x20000340   Section     1060  nrf_log_frontend.o(.bss)
    m_log_data                               0x20000340   Data        1060  nrf_log_frontend.o(.bss)
    STACK                                    0x20000768   Section     8192  arm_startup_nrf52.o(STACK)

    Global Symbols

    Symbol Name                              Value     Ov Type        Size  Object(Section)

    BuildAttributes$$THM_ISAv4$E$P$D$K$B$S$7EM$VFPi3$EXTD16$VFPS$VFMA$PE$A:L22UL41UL21$X:L11$S22US41US21$IEEE1$IW$USESV6$~STKCKD$USESV7$~SHL$OSPACE$EBA8$MICROLIB$REQ8$EABIv2 0x00000000   Number         0  anon$$obj.o ABSOLUTE
    __ARM_use_no_argv                        0x00000000   Number         0  main.o ABSOLUTE
    __Vectors                                0x00000000   Data           4  arm_startup_nrf52.o(RESET)
    __use_no_errno                           0x00000000   Number         0  useno.o ABSOLUTE
    __use_no_exception_handling              0x00000000   Number         0  useno.o ABSOLUTE
    __use_no_fp                              0x00000000   Number         0  useno.o ABSOLUTE
    __use_no_heap                            0x00000000   Number         0  useno.o ABSOLUTE
    __use_no_heap_region                     0x00000000   Number         0  useno.o ABSOLUTE
    __use_no_semihosting                     0x00000000   Number         0  useno.o ABSOLUTE
    __use_no_semihosting_swi                 0x00000000   Number         0  useno.o ABSOLUTE
    __use_no_signal_handling                 0x00000000   Number         0  useno.o ABSOLUTE
    __cpp_initialize__aeabi_                  - Undefined Weak Reference
    __cxa_finalize                            - Undefined Weak Reference
    __decompress                              - Undefined Weak Reference
    _clock_init                               - Undefined Weak Reference
    _microlib_exit                            - Undefined Weak Reference
    log_dynamic_data$$Base                    - Undefined Reference
    __Vectors_End                            0x00000200   Data           0  arm_startup_nrf52.o(RESET)
    __Vectors_Size                           0x00000200   Number         0  arm_startup_nrf52.o ABSOLUTE
    __main                                   0x00000201   Thumb Code     0  entry.o(.ARM.Collect$$$$00000000)
    _main_stk                                0x00000201   Thumb Code     0  entry2.o(.ARM.Collect$$$$00000001)
    _main_scatterload                        0x00000205   Thumb Code     0  entry5.o(.ARM.Collect$$$$00000004)
    __main_after_scatterload                 0x00000209   Thumb Code     0  entry5.o(.ARM.Collect$$$$00000004)
    _main_clock                              0x00000209   Thumb Code     0  entry7b.o(.ARM.Collect$$$$00000008)
    _main_cpp_init                           0x00000209   Thumb Code     0  entry8b.o(.ARM.Collect$$$$0000000A)
    _main_init                               0x00000209   Thumb Code     0  entry9a.o(.ARM.Collect$$$$0000000B)
    __rt_final_cpp                           0x00000211   Thumb Code     0  entry10a.o(.ARM.Collect$$$$0000000D)
    __rt_final_exit                          0x00000211   Thumb Code     0  entry11a.o(.ARM.Collect$$$$0000000F)
    __asm___12_nrf_atomic_c_85ca2469__nrf_atomic_internal_mov 0x00000215   Thumb Code    24  nrf_atomic.o(.emb_text)
    __asm___12_nrf_atomic_c_85ca2469__nrf_atomic_internal_orr 0x0000022d   Thumb Code    26  nrf_atomic.o(.emb_text)
    __asm___12_nrf_atomic_c_85ca2469__nrf_atomic_internal_and 0x00000247   Thumb Code    26  nrf_atomic.o(.emb_text)
    __asm___12_nrf_atomic_c_85ca2469__nrf_atomic_internal_eor 0x00000261   Thumb Code    26  nrf_atomic.o(.emb_text)
    __asm___12_nrf_atomic_c_85ca2469__nrf_atomic_internal_add 0x0000027b   Thumb Code    26  nrf_atomic.o(.emb_text)
    __asm___12_nrf_atomic_c_85ca2469__nrf_atomic_internal_sub 0x00000295   Thumb Code    26  nrf_atomic.o(.emb_text)
    __asm___12_nrf_atomic_c_85ca2469__nrf_atomic_internal_cmp_exch 0x000002af   Thumb Code    42  nrf_atomic.o(.emb_text)
    __asm___12_nrf_atomic_c_85ca2469__nrf_atomic_internal_sub_hs 0x000002d9   Thumb Code    30  nrf_atomic.o(.emb_text)
    Reset_Handler                            0x000002f9   Thumb Code     8  arm_startup_nrf52.o(.text)
    NMI_Handler                              0x00000301   Thumb Code     2  arm_startup_nrf52.o(.text)
    HardFault_Handler                        0x00000303   Thumb Code     2  arm_startup_nrf52.o(.text)
    MemoryManagement_Handler                 0x00000305   Thumb Code     2  arm_startup_nrf52.o(.text)
    BusFault_Handler                         0x00000307   Thumb Code     2  arm_startup_nrf52.o(.text)
    UsageFault_Handler                       0x00000309   Thumb Code     2  arm_startup_nrf52.o(.text)
    SVC_Handler                              0x0000030b   Thumb Code     2  arm_startup_nrf52.o(.text)
    DebugMon_Handler                         0x0000030d   Thumb Code     2  arm_startup_nrf52.o(.text)
    PendSV_Handler                           0x0000030f   Thumb Code     2  arm_startup_nrf52.o(.text)
    SysTick_Handler                          0x00000311   Thumb Code     2  arm_startup_nrf52.o(.text)
    CCM_AAR_IRQHandler                       0x00000313   Thumb Code     0  arm_startup_nrf52.o(.text)
    COMP_LPCOMP_IRQHandler                   0x00000313   Thumb Code     0  arm_startup_nrf52.o(.text)
    ECB_IRQHandler                           0x00000313   Thumb Code     0  arm_startup_nrf52.o(.text)
    FPU_IRQHandler                           0x00000313   Thumb Code     0  arm_startup_nrf52.o(.text)
    I2S_IRQHandler                           0x00000313   Thumb Code     0  arm_startup_nrf52.o(.text)
    MWU_IRQHandler                           0x00000313   Thumb Code     0  arm_startup_nrf52.o(.text)
    NFCT_IRQHandler                          0x00000313   Thumb Code     0  arm_startup_nrf52.o(.text)
    PDM_IRQHandler                           0x00000313   Thumb Code     0  arm_startup_nrf52.o(.text)
    POWER_CLOCK_IRQHandler                   0x00000313   Thumb Code     0  arm_startup_nrf52.o(.text)
    PWM0_IRQHandler                          0x00000313   Thumb Code     0  arm_startup_nrf52.o(.text)
    PWM1_IRQHandler                          0x00000313   Thumb Code     0  arm_startup_nrf52.o(.text)
    PWM2_IRQHandler                          0x00000313   Thumb Code     0  arm_startup_nrf52.o(.text)
    QDEC_IRQHandler                          0x00000313   Thumb Code     0  arm_startup_nrf52.o(.text)
    RADIO_IRQHandler                         0x00000313   Thumb Code     0  arm_startup_nrf52.o(.text)
    RNG_IRQHandler                           0x00000313   Thumb Code     0  arm_startup_nrf52.o(.text)
    RTC0_IRQHandler                          0x00000313   Thumb Code     0  arm_startup_nrf52.o(.text)
    RTC1_IRQHandler                          0x00000313   Thumb Code     0  arm_startup_nrf52.o(.text)
    RTC2_IRQHandler                          0x00000313   Thumb Code     0  arm_startup_nrf52.o(.text)
    SAADC_IRQHandler                         0x00000313   Thumb Code     0  arm_startup_nrf52.o(.text)
    SPIM2_SPIS2_SPI2_IRQHandler              0x00000313   Thumb Code     0  arm_startup_nrf52.o(.text)
    SWI0_EGU0_IRQHandler                     0x00000313   Thumb Code     0  arm_startup_nrf52.o(.text)
    SWI1_EGU1_IRQHandler                     0x00000313   Thumb Code     0  arm_startup_nrf52.o(.text)
    SWI2_EGU2_IRQHandler                     0x00000313   Thumb Code     0  arm_startup_nrf52.o(.text)
    SWI3_EGU3_IRQHandler                     0x00000313   Thumb Code     0  arm_startup_nrf52.o(.text)
    SWI4_EGU4_IRQHandler                     0x00000313   Thumb Code     0  arm_startup_nrf52.o(.text)
    SWI5_EGU5_IRQHandler                     0x00000313   Thumb Code     0  arm_startup_nrf52.o(.text)
    TEMP_IRQHandler                          0x00000313   Thumb Code     0  arm_startup_nrf52.o(.text)
    TIMER0_IRQHandler                        0x00000313   Thumb Code     0  arm_startup_nrf52.o(.text)
    TIMER1_IRQHandler                        0x00000313   Thumb Code     0  arm_startup_nrf52.o(.text)
    TIMER2_IRQHandler                        0x00000313   Thumb Code     0  arm_startup_nrf52.o(.text)
    TIMER3_IRQHandler                        0x00000313   Thumb Code     0  arm_startup_nrf52.o(.text)
    TIMER4_IRQHandler                        0x00000313   Thumb Code     0  arm_startup_nrf52.o(.text)
    WDT_IRQHandler                           0x00000313   Thumb Code     0  arm_startup_nrf52.o(.text)
    __rt_ctype_table                         0x0000031d   Thumb Code     4  ctype_o.o(.text)
    __aeabi_memcpy                           0x00000325   Thumb Code    36  memcpya.o(.text)
    __aeabi_memcpy4                          0x00000325   Thumb Code     0  memcpya.o(.text)
    __aeabi_memcpy8                          0x00000325   Thumb Code     0  memcpya.o(.text)
    __aeabi_memset                           0x00000349   Thumb Code    14  memseta.o(.text)
    __aeabi_memset4                          0x00000349   Thumb Code     0  memseta.o(.text)
    __aeabi_memset8                          0x00000349   Thumb Code     0  memseta.o(.text)
    __aeabi_memclr                           0x00000357   Thumb Code     4  memseta.o(.text)
    __aeabi_memclr4                          0x00000357   Thumb Code     0  memseta.o(.text)
    __aeabi_memclr8                          0x00000357   Thumb Code     0  memseta.o(.text)
    _memset$wrapper                          0x0000035b   Thumb Code    18  memseta.o(.text)
    strlen                                   0x0000036d   Thumb Code    14  strlen.o(.text)
    __scatterload                            0x0000037d   Thumb Code    28  init.o(.text)
    __scatterload_rt2                        0x0000037d   Thumb Code     0  init.o(.text)
    BUTTON_NUMBER                            0x000003a1   Thumb Code   160  pcal6408.o(i.BUTTON_NUMBER)
    GPIOTE_IRQHandler                        0x0000057d   Thumb Code   400  nrfx_gpiote.o(i.GPIOTE_IRQHandler)
    Read_input_reg                           0x00000715   Thumb Code   118  pcal6408.o(i.Read_input_reg)
    Reg_config                               0x000007f5   Thumb Code   112  pcal6408.o(i.Reg_config)
    SPIM0_SPIS0_TWIM0_TWIS0_SPI0_TWI0_IRQHandler 0x00000915   Thumb Code     8  nrfx_twim.o(i.SPIM0_SPIS0_TWIM0_TWIS0_SPI0_TWI0_IRQHandler)
    SPIM1_SPIS1_TWIM1_TWIS1_SPI1_TWI1_IRQHandler 0x00000925   Thumb Code    10  nrfx_twim.o(i.SPIM1_SPIS1_TWIM1_TWIS1_SPI1_TWI1_IRQHandler)
    SwitchMonitorInterruptCB                 0x00000935   Thumb Code     8  pcal6408.o(i.SwitchMonitorInterruptCB)
    SystemCoreClockUpdate                    0x00000941   Thumb Code     8  system_nrf52.o(i.SystemCoreClockUpdate)
    SystemInit                               0x00000951   Thumb Code   490  system_nrf52.o(i.SystemInit)
    Turning_led                              0x00000b79   Thumb Code    80  pcal6408.o(i.Turning_led)
    UARTE0_UART0_IRQHandler                  0x00000bf9   Thumb Code     6  nrfx_prs.o(i.UARTE0_UART0_IRQHandler)
    __scatterload_copy                       0x00000c05   Thumb Code    14  handlers.o(i.__scatterload_copy)
    __scatterload_null                       0x00000c13   Thumb Code     2  handlers.o(i.__scatterload_null)
    __scatterload_zeroinit                   0x00000c15   Thumb Code    14  handlers.o(i.__scatterload_zeroinit)
    app_error_fault_handler                  0x00000c25   Thumb Code    84  app_error_weak.o(i.app_error_fault_handler)
    app_error_handler_bare                   0x00000ca5   Thumb Code    22  app_error.o(i.app_error_handler_bare)
    app_util_critical_region_enter           0x00000cbb   Thumb Code     4  app_util_platform.o(i.app_util_critical_region_enter)
    app_util_critical_region_exit            0x00000cbf   Thumb Code     4  app_util_platform.o(i.app_util_critical_region_exit)
    app_util_disable_irq                     0x00000cc5   Thumb Code    12  app_util_platform.o(i.app_util_disable_irq)
    app_util_enable_irq                      0x00000cd5   Thumb Code    16  app_util_platform.o(i.app_util_enable_irq)
    buffer_is_empty                          0x00000ef1   Thumb Code    16  nrf_log_frontend.o(i.buffer_is_empty)
    gpiote_init                              0x000011bd   Thumb Code    58  pcal6408.o(i.gpiote_init)
    main                                     0x000014e9   Thumb Code   230  main.o(i.main)
    nrf_atomic_flag_clear_fetch              0x000017b1   Thumb Code     6  nrf_atomic.o(i.nrf_atomic_flag_clear_fetch)
    nrf_atomic_flag_set                      0x000017b7   Thumb Code     6  nrf_atomic.o(i.nrf_atomic_flag_set)
    nrf_atomic_u32_add                       0x000017bd   Thumb Code    12  nrf_atomic.o(i.nrf_atomic_u32_add)
    nrf_atomic_u32_fetch_and                 0x000017c9   Thumb Code    10  nrf_atomic.o(i.nrf_atomic_u32_fetch_and)
    nrf_atomic_u32_fetch_store               0x000017d3   Thumb Code    10  nrf_atomic.o(i.nrf_atomic_u32_fetch_store)
    nrf_atomic_u32_or                        0x000017dd   Thumb Code    12  nrf_atomic.o(i.nrf_atomic_u32_or)
    nrf_atomic_u32_sub                       0x000017e9   Thumb Code    12  nrf_atomic.o(i.nrf_atomic_u32_sub)
    nrf_balloc_alloc                         0x000017f5   Thumb Code    64  nrf_balloc.o(i.nrf_balloc_alloc)
    nrf_balloc_free                          0x00001843   Thumb Code    42  nrf_balloc.o(i.nrf_balloc_free)
    nrf_balloc_init                          0x00001877   Thumb Code    50  nrf_balloc.o(i.nrf_balloc_init)
    nrf_drv_twi_init                         0x000018cd   Thumb Code    58  nrf_drv_twi.o(i.nrf_drv_twi_init)
    nrf_drv_uart_init                        0x00001921   Thumb Code    90  nrf_drv_uart.o(i.nrf_drv_uart_init)
    nrf_fprintf                              0x00001989   Thumb Code    26  nrf_fprintf.o(i.nrf_fprintf)
    nrf_fprintf_buffer_flush                 0x000019a3   Thumb Code    24  nrf_fprintf.o(i.nrf_fprintf_buffer_flush)
    nrf_fprintf_fmt                          0x000019bb   Thumb Code   402  nrf_fprintf_format.o(i.nrf_fprintf_fmt)
    nrf_log_backend_add                      0x00001cc9   Thumb Code    54  nrf_log_frontend.o(i.nrf_log_backend_add)
    nrf_log_backend_serial_put               0x00001d05   Thumb Code   204  nrf_log_backend_serial.o(i.nrf_log_backend_serial_put)
    nrf_log_backend_uart_init                0x00001dd3   Thumb Code     6  nrf_log_backend_uart.o(i.nrf_log_backend_uart_init)
    nrf_log_color_id_get                     0x00001e21   Thumb Code    42  nrf_log_frontend.o(i.nrf_log_color_id_get)
    nrf_log_default_backends_init            0x00001e51   Thumb Code    24  nrf_log_default_backends.o(i.nrf_log_default_backends_init)
    nrf_log_frontend_dequeue                 0x00001e6d   Thumb Code   560  nrf_log_frontend.o(i.nrf_log_frontend_dequeue)
    nrf_log_frontend_std_0                   0x000020c1   Thumb Code     8  nrf_log_frontend.o(i.nrf_log_frontend_std_0)
    nrf_log_frontend_std_1                   0x000020c9   Thumb Code    14  nrf_log_frontend.o(i.nrf_log_frontend_std_1)
    nrf_log_frontend_std_2                   0x000020d7   Thumb Code    16  nrf_log_frontend.o(i.nrf_log_frontend_std_2)
    nrf_log_hexdump_entry_process            0x000020e9   Thumb Code   146  nrf_log_str_formatter.o(i.nrf_log_hexdump_entry_process)
    nrf_log_init                             0x00002195   Thumb Code    46  nrf_log_frontend.o(i.nrf_log_init)
    nrf_log_module_cnt_get                   0x000021d1   Thumb Code    10  nrf_log_frontend.o(i.nrf_log_module_cnt_get)
    nrf_log_module_name_get                  0x000021e5   Thumb Code    26  nrf_log_frontend.o(i.nrf_log_module_name_get)
    nrf_log_panic                            0x00002205   Thumb Code    38  nrf_log_frontend.o(i.nrf_log_panic)
    nrf_log_std_entry_process                0x00002231   Thumb Code   182  nrf_log_str_formatter.o(i.nrf_log_std_entry_process)
    nrf_memobj_alloc                         0x000022e7   Thumb Code   102  nrf_memobj.o(i.nrf_memobj_alloc)
    nrf_memobj_free                          0x0000234d   Thumb Code    50  nrf_memobj.o(i.nrf_memobj_free)
    nrf_memobj_get                           0x0000237f   Thumb Code     8  nrf_memobj.o(i.nrf_memobj_get)
    nrf_memobj_pool_init                     0x00002387   Thumb Code     4  nrf_memobj.o(i.nrf_memobj_pool_init)
    nrf_memobj_put                           0x0000238b   Thumb Code    30  nrf_memobj.o(i.nrf_memobj_put)
    nrf_memobj_read                          0x000023a9   Thumb Code    16  nrf_memobj.o(i.nrf_memobj_read)
    nrf_memobj_write                         0x000023b9   Thumb Code    16  nrf_memobj.o(i.nrf_memobj_write)
    nrf_ringbuf_init                         0x000023c9   Thumb Code    28  nrf_ringbuf.o(i.nrf_ringbuf_init)
    nrf_strerror_find                        0x000023e5   Thumb Code    52  nrf_strerror.o(i.nrf_strerror_find)
    nrf_strerror_get                         0x0000241d   Thumb Code    14  nrf_strerror.o(i.nrf_strerror_get)
    nrfx_gpiote_in_event_disable             0x00002491   Thumb Code    68  nrfx_gpiote.o(i.nrfx_gpiote_in_event_disable)
    nrfx_gpiote_in_event_enable              0x000024d9   Thumb Code   168  nrfx_gpiote.o(i.nrfx_gpiote_in_event_enable)
    nrfx_gpiote_in_init                      0x00002589   Thumb Code   220  nrfx_gpiote.o(i.nrfx_gpiote_in_init)
    nrfx_gpiote_init                         0x0000269d   Thumb Code   152  nrfx_gpiote.o(i.nrfx_gpiote_init)
    nrfx_prs_acquire                         0x0000278d   Thumb Code    50  nrfx_prs.o(i.nrfx_prs_acquire)
    nrfx_prs_release                         0x000027bf   Thumb Code    18  nrfx_prs.o(i.nrfx_prs_release)
    nrfx_twim_enable                         0x000027d1   Thumb Code    32  nrfx_twim.o(i.nrfx_twim_enable)
    nrfx_twim_init                           0x000027f5   Thumb Code   216  nrfx_twim.o(i.nrfx_twim_init)
    nrfx_twim_rx                             0x000028d5   Thumb Code    44  nrfx_twim.o(i.nrfx_twim_rx)
    nrfx_twim_tx                             0x00002905   Thumb Code    54  nrfx_twim.o(i.nrfx_twim_tx)
    nrfx_twim_xfer                           0x0000293d   Thumb Code    34  nrfx_twim.o(i.nrfx_twim_xfer)
    nrfx_uart_0_irq_handler                  0x00002965   Thumb Code     8  nrfx_uart.o(i.nrfx_uart_0_irq_handler)
    nrfx_uart_init                           0x00002975   Thumb Code   108  nrfx_uart.o(i.nrfx_uart_init)
    nrfx_uart_tx                             0x000029e9   Thumb Code   124  nrfx_uart.o(i.nrfx_uart_tx)
    nrfx_uart_tx_in_progress                 0x00002a69   Thumb Code    26  nrfx_uart.o(i.nrfx_uart_tx_in_progress)
    nrfx_uart_uninit                         0x00002a89   Thumb Code    60  nrfx_uart.o(i.nrfx_uart_uninit)
    nrfx_uarte_0_irq_handler                 0x00002ac9   Thumb Code     8  nrfx_uarte.o(i.nrfx_uarte_0_irq_handler)
    nrfx_uarte_init                          0x00002ad9   Thumb Code   102  nrfx_uarte.o(i.nrfx_uarte_init)
    nrfx_uarte_tx                            0x00002b49   Thumb Code   138  nrfx_uarte.o(i.nrfx_uarte_tx)
    nrfx_uarte_tx_in_progress                0x00002bd9   Thumb Code    22  nrfx_uarte.o(i.nrfx_uarte_tx_in_progress)
    nrfx_uarte_uninit                        0x00002bf5   Thumb Code    56  nrfx_uarte.o(i.nrfx_uarte_uninit)
    twi_init                                 0x00003041   Thumb Code    66  pcal6408.o(i.twi_init)
    nrf_log_backend_uart_api                 0x00003a88   Data          12  nrf_log_backend_uart.o(.constdata)
    __ctype_table                            0x00003ac0   Data         129  ctype_o.o(.constdata)
    Region$$Table$$Base                      0x00003fac   Number         0  anon$$obj.o(Region$$Table)
    Region$$Table$$Limit                     0x00003fcc   Number         0  anon$$obj.o(Region$$Table)
    log_const_data$$Base                     0x00003fdc   Number         0  nrfx_prs.o(log_const_data)
    m_nrf_log_PRS_logs_data_const            0x00003fdc   Data           8  nrfx_prs.o(log_const_data)
    m_nrf_log_TWIM_logs_data_const           0x00003fe4   Data           8  nrfx_twim.o(log_const_data)
    m_nrf_log_UART_logs_data_const           0x00003fec   Data           8  nrfx_uart.o(log_const_data)
    m_nrf_log_UARTE_logs_data_const          0x00003ff4   Data           8  nrfx_uarte.o(log_const_data)
    m_nrf_log_GPIOTE_logs_data_const         0x00003ffc   Data           8  nrfx_gpiote.o(log_const_data)
    m_nrf_log_app_logs_data_const            0x00004004   Data           8  nrf_log_frontend.o(log_const_data)
    log_const_data$$Limit                    0x0000400c   Number         0  nrf_log_frontend.o(log_const_data)
    log_mempool                              0x0000400c   Data          20  nrf_log_frontend.o(nrf_balloc)
    INT_ON_17                                0x20000000   Data           1  pcal6408.o(.data)
    recieved_data                            0x20000001   Data           1  pcal6408.o(.data)
    nrf_drv_uart_use_easy_dma                0x20000018   Data           1  nrf_drv_uart.o(.data)
    m_uart                                   0x20000034   Data          20  nrf_log_backend_uart.o(.data)
    SystemCoreClock                          0x200000a0   Data           4  system_nrf52.o(.data)
    __initial_sp                             0x20002768   Data           0  arm_startup_nrf52.o(STACK)



==============================================================================

Memory Map of the image

  Image Entry point : 0x00000201

  Load Region LR_IROM1 (Base: 0x00000000, Size: 0x000040c4, Max: 0x00080000, ABSOLUTE)

    Execution Region ER_IROM1 (Exec base: 0x00000000, Load base: 0x00000000, Size: 0x00004020, Max: 0x00080000, ABSOLUTE)

    Exec Addr    Load Addr    Size         Type   Attr      Idx    E Section Name        Object

    0x00000000   0x00000000   0x00000200   Data   RO         3053    RESET               arm_startup_nrf52.o
    0x00000200   0x00000200   0x00000000   Code   RO         3149  * .ARM.Collect$$$$00000000  mc_w.l(entry.o)
    0x00000200   0x00000200   0x00000004   Code   RO         3197    .ARM.Collect$$$$00000001  mc_w.l(entry2.o)
    0x00000204   0x00000204   0x00000004   Code   RO         3200    .ARM.Collect$$$$00000004  mc_w.l(entry5.o)
    0x00000208   0x00000208   0x00000000   Code   RO         3202    .ARM.Collect$$$$00000008  mc_w.l(entry7b.o)
    0x00000208   0x00000208   0x00000000   Code   RO         3204    .ARM.Collect$$$$0000000A  mc_w.l(entry8b.o)
    0x00000208   0x00000208   0x00000008   Code   RO         3205    .ARM.Collect$$$$0000000B  mc_w.l(entry9a.o)
    0x00000210   0x00000210   0x00000000   Code   RO         3207    .ARM.Collect$$$$0000000D  mc_w.l(entry10a.o)
    0x00000210   0x00000210   0x00000000   Code   RO         3209    .ARM.Collect$$$$0000000F  mc_w.l(entry11a.o)
    0x00000210   0x00000210   0x00000004   Code   RO         3198    .ARM.Collect$$$$00002712  mc_w.l(entry2.o)
    0x00000214   0x00000214   0x000000e2   Code   RO         1781    .emb_text           nrf_atomic.o
    0x000002f6   0x000002f6   0x00000002   PAD
    0x000002f8   0x000002f8   0x00000024   Code   RO         3054    .text               arm_startup_nrf52.o
    0x0000031c   0x0000031c   0x00000008   Code   RO         3157    .text               mc_w.l(ctype_o.o)
    0x00000324   0x00000324   0x00000024   Code   RO         3185    .text               mc_w.l(memcpya.o)
    0x00000348   0x00000348   0x00000024   Code   RO         3187    .text               mc_w.l(memseta.o)
    0x0000036c   0x0000036c   0x0000000e   Code   RO         3189    .text               mc_w.l(strlen.o)
    0x0000037a   0x0000037a   0x00000002   PAD
    0x0000037c   0x0000037c   0x00000024   Code   RO         3213    .text               mc_w.l(init.o)
    0x000003a0   0x000003a0   0x000001dc   Code   RO          219    i.BUTTON_NUMBER     pcal6408.o
    0x0000057c   0x0000057c   0x00000198   Code   RO         1325    i.GPIOTE_IRQHandler  nrfx_gpiote.o
    0x00000714   0x00000714   0x000000e0   Code   RO          220    i.Read_input_reg    pcal6408.o
    0x000007f4   0x000007f4   0x00000120   Code   RO          221    i.Reg_config        pcal6408.o
    0x00000914   0x00000914   0x00000010   Code   RO          788    i.SPIM0_SPIS0_TWIM0_TWIS0_SPI0_TWI0_IRQHandler  nrfx_twim.o
    0x00000924   0x00000924   0x00000010   Code   RO          789    i.SPIM1_SPIS1_TWIM1_TWIS1_SPI1_TWI1_IRQHandler  nrfx_twim.o
    0x00000934   0x00000934   0x0000000c   Code   RO          222    i.SwitchMonitorInterruptCB  pcal6408.o
    0x00000940   0x00000940   0x00000010   Code   RO         3061    i.SystemCoreClockUpdate  system_nrf52.o
    0x00000950   0x00000950   0x00000228   Code   RO         3062    i.SystemInit        system_nrf52.o
    0x00000b78   0x00000b78   0x00000080   Code   RO          223    i.Turning_led       pcal6408.o
    0x00000bf8   0x00000bf8   0x0000000c   Code   RO          710    i.UARTE0_UART0_IRQHandler  nrfx_prs.o
    0x00000c04   0x00000c04   0x0000000e   Code   RO         3217    i.__scatterload_copy  mc_w.l(handlers.o)
    0x00000c12   0x00000c12   0x00000002   Code   RO         3218    i.__scatterload_null  mc_w.l(handlers.o)
    0x00000c14   0x00000c14   0x0000000e   Code   RO         3219    i.__scatterload_zeroinit  mc_w.l(handlers.o)
    0x00000c22   0x00000c22   0x00000002   PAD
    0x00000c24   0x00000c24   0x00000080   Code   RO         1663    i.app_error_fault_handler  app_error_weak.o
    0x00000ca4   0x00000ca4   0x00000016   Code   RO         1594    i.app_error_handler_bare  app_error.o
    0x00000cba   0x00000cba   0x00000004   Code   RO         1691    i.app_util_critical_region_enter  app_util_platform.o
    0x00000cbe   0x00000cbe   0x00000004   Code   RO         1692    i.app_util_critical_region_exit  app_util_platform.o
    0x00000cc2   0x00000cc2   0x00000002   PAD
    0x00000cc4   0x00000cc4   0x00000010   Code   RO         1693    i.app_util_disable_irq  app_util_platform.o
    0x00000cd4   0x00000cd4   0x00000014   Code   RO         1694    i.app_util_enable_irq  app_util_platform.o
    0x00000ce8   0x00000ce8   0x00000088   Code   RO          953    i.apply_config      nrfx_uart.o
    0x00000d70   0x00000d70   0x00000088   Code   RO         1158    i.apply_config      nrfx_uarte.o
    0x00000df8   0x00000df8   0x00000034   Code   RO         2441    i.backend_id_assign  nrf_log_frontend.o
    0x00000e2c   0x00000e2c   0x00000094   Code   RO         2442    i.buf_prealloc      nrf_log_frontend.o
    0x00000ec0   0x00000ec0   0x00000030   Code   RO         2009    i.buffer_add        nrf_fprintf_format.o
    0x00000ef0   0x00000ef0   0x00000014   Code   RO         2443    i.buffer_is_empty   nrf_log_frontend.o
    0x00000f04   0x00000f04   0x0000001c   Code   RO         1326    i.channel_free      nrfx_gpiote.o
    0x00000f20   0x00000f20   0x00000054   Code   RO         1327    i.channel_port_alloc  nrfx_gpiote.o
    0x00000f74   0x00000f74   0x00000010   Code   RO         1328    i.channel_port_get  nrfx_gpiote.o
    0x00000f84   0x00000f84   0x00000014   Code   RO         2444    i.dropped_sat16_get  nrf_log_frontend.o
    0x00000f98   0x00000f98   0x0000003c   Code   RO         3063    i.errata_108        system_nrf52.o
    0x00000fd4   0x00000fd4   0x0000003c   Code   RO         3064    i.errata_12         system_nrf52.o
    0x00001010   0x00001010   0x0000003c   Code   RO         3065    i.errata_136        system_nrf52.o
    0x0000104c   0x0000104c   0x0000002c   Code   RO         3066    i.errata_16         system_nrf52.o
    0x00001078   0x00001078   0x0000001c   Code   RO         3067    i.errata_182        system_nrf52.o
    0x00001094   0x00001094   0x0000003c   Code   RO         3068    i.errata_31         system_nrf52.o
    0x000010d0   0x000010d0   0x0000002c   Code   RO         3069    i.errata_32         system_nrf52.o
    0x000010fc   0x000010fc   0x0000003c   Code   RO         3070    i.errata_36         system_nrf52.o
    0x00001138   0x00001138   0x0000002c   Code   RO         3071    i.errata_37         system_nrf52.o
    0x00001164   0x00001164   0x0000002c   Code   RO         3072    i.errata_57         system_nrf52.o
    0x00001190   0x00001190   0x0000002c   Code   RO         3073    i.errata_66         system_nrf52.o
    0x000011bc   0x000011bc   0x00000064   Code   RO          224    i.gpiote_init       pcal6408.o
    0x00001220   0x00001220   0x000000b2   Code   RO         2010    i.int_print         nrf_fprintf_format.o
    0x000012d2   0x000012d2   0x00000002   PAD
    0x000012d4   0x000012d4   0x00000028   Code   RO          954    i.interrupts_disable  nrfx_uart.o
    0x000012fc   0x000012fc   0x00000028   Code   RO         1159    i.interrupts_disable  nrfx_uarte.o
    0x00001324   0x00001324   0x00000068   Code   RO          955    i.interrupts_enable  nrfx_uart.o
    0x0000138c   0x0000138c   0x0000007c   Code   RO         1160    i.interrupts_enable  nrfx_uarte.o
    0x00001408   0x00001408   0x00000036   Code   RO         2445    i.invalid_packets_omit  nrf_log_frontend.o
    0x0000143e   0x0000143e   0x00000002   PAD
    0x00001440   0x00001440   0x000000a8   Code   RO         2446    i.log_skip          nrf_log_frontend.o
    0x000014e8   0x000014e8   0x00000208   Code   RO            4    i.main              main.o
    0x000016f0   0x000016f0   0x00000086   Code   RO         2054    i.memobj_op         nrf_memobj.o
    0x00001776   0x00001776   0x00000002   PAD
    0x00001778   0x00001778   0x00000038   Code   RO         2447    i.module_idx_get    nrf_log_frontend.o
    0x000017b0   0x000017b0   0x00000006   Code   RO         1783    i.nrf_atomic_flag_clear_fetch  nrf_atomic.o
    0x000017b6   0x000017b6   0x00000006   Code   RO         1784    i.nrf_atomic_flag_set  nrf_atomic.o
    0x000017bc   0x000017bc   0x0000000c   Code   RO         1786    i.nrf_atomic_u32_add  nrf_atomic.o
    0x000017c8   0x000017c8   0x0000000a   Code   RO         1790    i.nrf_atomic_u32_fetch_and  nrf_atomic.o
    0x000017d2   0x000017d2   0x0000000a   Code   RO         1792    i.nrf_atomic_u32_fetch_store  nrf_atomic.o
    0x000017dc   0x000017dc   0x0000000c   Code   RO         1796    i.nrf_atomic_u32_or  nrf_atomic.o
    0x000017e8   0x000017e8   0x0000000c   Code   RO         1798    i.nrf_atomic_u32_sub  nrf_atomic.o
    0x000017f4   0x000017f4   0x00000040   Code   RO         1923    i.nrf_balloc_alloc  nrf_balloc.o
    0x00001834   0x00001834   0x0000000e   Code   RO         1924    i.nrf_balloc_block2idx  nrf_balloc.o
    0x00001842   0x00001842   0x0000002a   Code   RO         1925    i.nrf_balloc_free   nrf_balloc.o
    0x0000186c   0x0000186c   0x0000000a   Code   RO         1926    i.nrf_balloc_idx2block  nrf_balloc.o
    0x00001876   0x00001876   0x00000032   Code   RO         1927    i.nrf_balloc_init   nrf_balloc.o
    0x000018a8   0x000018a8   0x00000010   Code   RO         1329    i.nrf_bitmask_bit_is_set  nrfx_gpiote.o
    0x000018b8   0x000018b8   0x00000014   Code   RO         1330    i.nrf_bitmask_bit_set  nrfx_gpiote.o
    0x000018cc   0x000018cc   0x00000044   Code   RO          451    i.nrf_drv_twi_init  nrf_drv_twi.o
    0x00001910   0x00001910   0x0000000e   Code   RO          225    i.nrf_drv_twi_tx    pcal6408.o
    0x0000191e   0x0000191e   0x00000002   PAD
    0x00001920   0x00001920   0x00000068   Code   RO          516    i.nrf_drv_uart_init  nrf_drv_uart.o
    0x00001988   0x00001988   0x0000001a   Code   RO         1970    i.nrf_fprintf       nrf_fprintf.o
    0x000019a2   0x000019a2   0x00000018   Code   RO         1971    i.nrf_fprintf_buffer_flush  nrf_fprintf.o
    0x000019ba   0x000019ba   0x00000192   Code   RO         2011    i.nrf_fprintf_fmt   nrf_fprintf_format.o
    0x00001b4c   0x00001b4c   0x00000024   Code   RO          790    i.nrf_gpio_cfg      nrfx_twim.o
    0x00001b70   0x00001b70   0x00000024   Code   RO          956    i.nrf_gpio_cfg      nrfx_uart.o
    0x00001b94   0x00001b94   0x00000024   Code   RO         1161    i.nrf_gpio_cfg      nrfx_uarte.o
    0x00001bb8   0x00001bb8   0x00000024   Code   RO         1331    i.nrf_gpio_cfg      nrfx_gpiote.o
    0x00001bdc   0x00001bdc   0x00000012   Code   RO          957    i.nrf_gpio_cfg_default  nrfx_uart.o
    0x00001bee   0x00001bee   0x00000012   Code   RO         1162    i.nrf_gpio_cfg_default  nrfx_uarte.o
    0x00001c00   0x00001c00   0x00000012   Code   RO          958    i.nrf_gpio_cfg_input  nrfx_uart.o
    0x00001c12   0x00001c12   0x00000012   Code   RO         1163    i.nrf_gpio_cfg_input  nrfx_uarte.o
    0x00001c24   0x00001c24   0x00000014   Code   RO          959    i.nrf_gpio_cfg_output  nrfx_uart.o
    0x00001c38   0x00001c38   0x00000014   Code   RO         1164    i.nrf_gpio_cfg_output  nrfx_uarte.o
    0x00001c4c   0x00001c4c   0x0000001e   Code   RO         1333    i.nrf_gpio_cfg_sense_set  nrfx_gpiote.o
    0x00001c6a   0x00001c6a   0x00000010   Code   RO          452    i.nrf_gpio_pin_set  nrf_drv_twi.o
    0x00001c7a   0x00001c7a   0x00000002   PAD
    0x00001c7c   0x00001c7c   0x00000024   Code   RO         1334    i.nrf_gpio_ports_read  nrfx_gpiote.o
    0x00001ca0   0x00001ca0   0x00000014   Code   RO         1335    i.nrf_gpiote_event_clear  nrfx_gpiote.o
    0x00001cb4   0x00001cb4   0x00000014   Code   RO         1336    i.nrf_gpiote_event_is_set  nrfx_gpiote.o
    0x00001cc8   0x00001cc8   0x0000003c   Code   RO         2448    i.nrf_log_backend_add  nrf_log_frontend.o
    0x00001d04   0x00001d04   0x000000cc   Code   RO         2264    i.nrf_log_backend_serial_put  nrf_log_backend_serial.o
    0x00001dd0   0x00001dd0   0x00000002   Code   RO         2307    i.nrf_log_backend_uart_flush  nrf_log_backend_uart.o
    0x00001dd2   0x00001dd2   0x00000006   Code   RO         2308    i.nrf_log_backend_uart_init  nrf_log_backend_uart.o
    0x00001dd8   0x00001dd8   0x00000030   Code   RO         2309    i.nrf_log_backend_uart_panic_set  nrf_log_backend_uart.o
    0x00001e08   0x00001e08   0x00000018   Code   RO         2310    i.nrf_log_backend_uart_put  nrf_log_backend_uart.o
    0x00001e20   0x00001e20   0x00000030   Code   RO         2450    i.nrf_log_color_id_get  nrf_log_frontend.o
    0x00001e50   0x00001e50   0x0000001c   Code   RO         2405    i.nrf_log_default_backends_init  nrf_log_default_backends.o
    0x00001e6c   0x00001e6c   0x00000254   Code   RO         2451    i.nrf_log_frontend_dequeue  nrf_log_frontend.o
    0x000020c0   0x000020c0   0x00000008   Code   RO         2453    i.nrf_log_frontend_std_0  nrf_log_frontend.o
    0x000020c8   0x000020c8   0x0000000e   Code   RO         2454    i.nrf_log_frontend_std_1  nrf_log_frontend.o
    0x000020d6   0x000020d6   0x00000010   Code   RO         2455    i.nrf_log_frontend_std_2  nrf_log_frontend.o
    0x000020e6   0x000020e6   0x00000002   PAD
    0x000020e8   0x000020e8   0x000000ac   Code   RO         2634    i.nrf_log_hexdump_entry_process  nrf_log_str_formatter.o
    0x00002194   0x00002194   0x0000003c   Code   RO         2460    i.nrf_log_init      nrf_log_frontend.o
    0x000021d0   0x000021d0   0x00000014   Code   RO         2461    i.nrf_log_module_cnt_get  nrf_log_frontend.o
    0x000021e4   0x000021e4   0x00000020   Code   RO         2464    i.nrf_log_module_name_get  nrf_log_frontend.o
    0x00002204   0x00002204   0x0000002c   Code   RO         2465    i.nrf_log_panic     nrf_log_frontend.o
    0x00002230   0x00002230   0x000000b6   Code   RO         2635    i.nrf_log_std_entry_process  nrf_log_str_formatter.o
    0x000022e6   0x000022e6   0x00000066   Code   RO         2055    i.nrf_memobj_alloc  nrf_memobj.o
    0x0000234c   0x0000234c   0x00000032   Code   RO         2056    i.nrf_memobj_free   nrf_memobj.o
    0x0000237e   0x0000237e   0x00000008   Code   RO         2057    i.nrf_memobj_get    nrf_memobj.o
    0x00002386   0x00002386   0x00000004   Code   RO         2058    i.nrf_memobj_pool_init  nrf_memobj.o
    0x0000238a   0x0000238a   0x0000001e   Code   RO         2059    i.nrf_memobj_put    nrf_memobj.o
    0x000023a8   0x000023a8   0x00000010   Code   RO         2060    i.nrf_memobj_read   nrf_memobj.o
    0x000023b8   0x000023b8   0x00000010   Code   RO         2061    i.nrf_memobj_write  nrf_memobj.o
    0x000023c8   0x000023c8   0x0000001c   Code   RO         2137    i.nrf_ringbuf_init  nrf_ringbuf.o
    0x000023e4   0x000023e4   0x00000038   Code   RO         2195    i.nrf_strerror_find  nrf_strerror.o
    0x0000241c   0x0000241c   0x00000014   Code   RO         2196    i.nrf_strerror_get  nrf_strerror.o
    0x00002430   0x00002430   0x0000000a   Code   RO          792    i.nrf_twim_event_check  nrfx_twim.o
    0x0000243a   0x0000243a   0x0000000c   Code   RO          793    i.nrf_twim_event_clear  nrfx_twim.o
    0x00002446   0x00002446   0x0000000a   Code   RO          960    i.nrf_uart_event_check  nrfx_uart.o
    0x00002450   0x00002450   0x0000000c   Code   RO          961    i.nrf_uart_event_clear  nrfx_uart.o
    0x0000245c   0x0000245c   0x0000000c   Code   RO          962    i.nrf_uart_int_enable_check  nrfx_uart.o
    0x00002468   0x00002468   0x0000000a   Code   RO         1165    i.nrf_uarte_event_check  nrfx_uarte.o
    0x00002472   0x00002472   0x0000000c   Code   RO         1166    i.nrf_uarte_event_clear  nrfx_uarte.o
    0x0000247e   0x0000247e   0x00000002   PAD
    0x00002480   0x00002480   0x00000010   Code   RO          453    i.nrfx_coredep_delay_us  nrf_drv_twi.o
    0x00002490   0x00002490   0x00000048   Code   RO         1340    i.nrfx_gpiote_in_event_disable  nrfx_gpiote.o
    0x000024d8   0x000024d8   0x000000b0   Code   RO         1341    i.nrfx_gpiote_in_event_enable  nrfx_gpiote.o
    0x00002588   0x00002588   0x00000114   Code   RO         1342    i.nrfx_gpiote_in_init  nrfx_gpiote.o
    0x0000269c   0x0000269c   0x000000d0   Code   RO         1345    i.nrfx_gpiote_init  nrfx_gpiote.o
    0x0000276c   0x0000276c   0x00000010   Code   RO          794    i.nrfx_is_in_ram    nrfx_twim.o
    0x0000277c   0x0000277c   0x00000010   Code   RO         1167    i.nrfx_is_in_ram    nrfx_uarte.o
    0x0000278c   0x0000278c   0x00000032   Code   RO          711    i.nrfx_prs_acquire  nrfx_prs.o
    0x000027be   0x000027be   0x00000012   Code   RO          712    i.nrfx_prs_release  nrfx_prs.o
    0x000027d0   0x000027d0   0x00000024   Code   RO          796    i.nrfx_twim_enable  nrfx_twim.o
    0x000027f4   0x000027f4   0x000000e0   Code   RO          797    i.nrfx_twim_init    nrfx_twim.o
    0x000028d4   0x000028d4   0x00000030   Code   RO          799    i.nrfx_twim_rx      nrfx_twim.o
    0x00002904   0x00002904   0x00000036   Code   RO          802    i.nrfx_twim_tx      nrfx_twim.o
    0x0000293a   0x0000293a   0x00000002   PAD
    0x0000293c   0x0000293c   0x00000028   Code   RO          804    i.nrfx_twim_xfer    nrfx_twim.o
    0x00002964   0x00002964   0x00000010   Code   RO          963    i.nrfx_uart_0_irq_handler  nrfx_uart.o
    0x00002974   0x00002974   0x00000074   Code   RO          965    i.nrfx_uart_init    nrfx_uart.o
    0x000029e8   0x000029e8   0x00000080   Code   RO          971    i.nrfx_uart_tx      nrfx_uart.o
    0x00002a68   0x00002a68   0x00000020   Code   RO          973    i.nrfx_uart_tx_in_progress  nrfx_uart.o
    0x00002a88   0x00002a88   0x00000040   Code   RO          974    i.nrfx_uart_uninit  nrfx_uart.o
    0x00002ac8   0x00002ac8   0x00000010   Code   RO         1168    i.nrfx_uarte_0_irq_handler  nrfx_uarte.o
    0x00002ad8   0x00002ad8   0x00000070   Code   RO         1170    i.nrfx_uarte_init   nrfx_uarte.o
    0x00002b48   0x00002b48   0x00000090   Code   RO         1174    i.nrfx_uarte_tx     nrfx_uarte.o
    0x00002bd8   0x00002bd8   0x0000001c   Code   RO         1176    i.nrfx_uarte_tx_in_progress  nrfx_uarte.o
    0x00002bf4   0x00002bf4   0x0000003c   Code   RO         1177    i.nrfx_uarte_uninit  nrfx_uarte.o
    0x00002c30   0x00002c30   0x00000018   Code   RO         1362    i.pin_in_use_by_port  nrfx_gpiote.o
    0x00002c48   0x00002c48   0x00000018   Code   RO         1363    i.pin_in_use_by_te  nrfx_gpiote.o
    0x00002c60   0x00002c60   0x00000050   Code   RO          975    i.pins_to_default   nrfx_uart.o
    0x00002cb0   0x00002cb0   0x00000050   Code   RO         1178    i.pins_to_default   nrfx_uarte.o
    0x00002d00   0x00002d00   0x00000044   Code   RO         2637    i.postfix_process   nrf_log_str_formatter.o
    0x00002d44   0x00002d44   0x000000a0   Code   RO         2638    i.prefix_process    nrf_log_str_formatter.o
    0x00002de4   0x00002de4   0x00000018   Code   RO          713    i.prs_box_get       nrfx_prs.o
    0x00002dfc   0x00002dfc   0x00000034   Code   RO          976    i.rx_byte           nrfx_uart.o
    0x00002e30   0x00002e30   0x00000014   Code   RO          977    i.rx_done_event     nrfx_uart.o
    0x00002e44   0x00002e44   0x00000014   Code   RO         1179    i.rx_done_event     nrfx_uarte.o
    0x00002e58   0x00002e58   0x00000040   Code   RO         2311    i.serial_tx         nrf_log_backend_uart.o
    0x00002e98   0x00002e98   0x0000008c   Code   RO         2467    i.std_n             nrf_log_frontend.o
    0x00002f24   0x00002f24   0x0000006a   Code   RO         2012    i.string_print      nrf_fprintf_format.o
    0x00002f8e   0x00002f8e   0x00000002   Code   RO         2639    i.timestamp_print   nrf_log_str_formatter.o
    0x00002f90   0x00002f90   0x000000ae   Code   RO          454    i.twi_clear_bus     nrf_drv_twi.o
    0x0000303e   0x0000303e   0x00000002   PAD
    0x00003040   0x00003040   0x00000060   Code   RO          226    i.twi_init          pcal6408.o
    0x000030a0   0x000030a0   0x00000016   Code   RO          805    i.twi_process_error  nrfx_twim.o
    0x000030b6   0x000030b6   0x00000002   PAD
    0x000030b8   0x000030b8   0x00000044   Code   RO          455    i.twim_evt_handler  nrf_drv_twi.o
    0x000030fc   0x000030fc   0x0000015c   Code   RO          806    i.twim_irq_handler  nrfx_twim.o
    0x00003258   0x00003258   0x00000240   Code   RO          807    i.twim_xfer         nrfx_twim.o
    0x00003498   0x00003498   0x00000036   Code   RO          979    i.tx_blocking       nrfx_uart.o
    0x000034ce   0x000034ce   0x00000022   Code   RO          980    i.tx_byte           nrfx_uart.o
    0x000034f0   0x000034f0   0x00000018   Code   RO          981    i.tx_done_event     nrfx_uart.o
    0x00003508   0x00003508   0x00000018   Code   RO         1180    i.tx_done_event     nrfx_uarte.o
    0x00003520   0x00003520   0x00000030   Code   RO          517    i.uart_evt_handler  nrf_drv_uart.o
    0x00003550   0x00003550   0x0000000c   Code   RO         2312    i.uart_evt_handler  nrf_log_backend_uart.o
    0x0000355c   0x0000355c   0x00000050   Code   RO         2313    i.uart_init         nrf_log_backend_uart.o
    0x000035ac   0x000035ac   0x00000130   Code   RO          982    i.uart_irq_handler  nrfx_uart.o
    0x000036dc   0x000036dc   0x00000030   Code   RO          518    i.uarte_evt_handler  nrf_drv_uart.o
    0x0000370c   0x0000370c   0x000000f2   Code   RO         1181    i.uarte_irq_handler  nrfx_uarte.o
    0x000037fe   0x000037fe   0x00000002   PAD
    0x00003800   0x00003800   0x000000b0   Code   RO         2013    i.unsigned_print    nrf_fprintf_format.o
    0x000038b0   0x000038b0   0x00000024   Data   RO          227    .constdata          pcal6408.o
    0x000038d4   0x000038d4   0x0000000c   PAD
    0x000038e0   0x000038e0   0x00000006   Data   RO          456    .constdata          nrf_drv_twi.o
    0x000038e6   0x000038e6   0x00000002   PAD
    0x000038e8   0x000038e8   0x0000001c   Data   RO          810    .constdata          nrfx_twim.o
    0x00003904   0x00003904   0x00000004   Data   RO          985    .constdata          nrfx_uart.o
    0x00003908   0x00003908   0x00000004   Data   RO         1184    .constdata          nrfx_uarte.o
    0x0000390c   0x0000390c   0x0000003e   Data   RO         1365    .constdata          nrfx_gpiote.o
    0x0000394a   0x0000394a   0x00000010   Data   RO         2014    .constdata          nrf_fprintf_format.o
    0x0000395a   0x0000395a   0x00000002   PAD
    0x0000395c   0x0000395c   0x0000012c   Data   RO         2197    .constdata          nrf_strerror.o
    0x00003a88   0x00003a88   0x0000000c   Data   RO         2315    .constdata          nrf_log_backend_uart.o
    0x00003a94   0x00003a94   0x00000020   Data   RO         2316    .constdata          nrf_log_backend_uart.o
    0x00003ab4   0x00003ab4   0x0000000c   Data   RO         2472    .constdata          nrf_log_frontend.o
    0x00003ac0   0x00003ac0   0x00000081   Data   RO         3158    .constdata          mc_w.l(ctype_o.o)
    0x00003b41   0x00003b41   0x00000003   PAD
    0x00003b44   0x00003b44   0x00000004   Data   RO         3159    .constdata          mc_w.l(ctype_o.o)
    0x00003b48   0x00003b48   0x000003bf   Data   RO         2198    .conststring        nrf_strerror.o
    0x00003f07   0x00003f07   0x00000001   PAD
    0x00003f08   0x00003f08   0x00000066   Data   RO         2640    .conststring        nrf_log_str_formatter.o
    0x00003f6e   0x00003f6e   0x00000002   PAD
    0x00003f70   0x00003f70   0x00000004   Data   RO          715    .conststrlit        nrfx_prs.o
    0x00003f74   0x00003f74   0x00000005   Data   RO          813    .conststrlit        nrfx_twim.o
    0x00003f79   0x00003f79   0x00000003   PAD
    0x00003f7c   0x00003f7c   0x00000005   Data   RO          988    .conststrlit        nrfx_uart.o
    0x00003f81   0x00003f81   0x00000003   PAD
    0x00003f84   0x00003f84   0x00000006   Data   RO         1187    .conststrlit        nrfx_uarte.o
    0x00003f8a   0x00003f8a   0x00000002   PAD
    0x00003f8c   0x00003f8c   0x00000007   Data   RO         1366    .conststrlit        nrfx_gpiote.o
    0x00003f93   0x00003f93   0x00000001   PAD
    0x00003f94   0x00003f94   0x00000011   Data   RO         2406    .conststrlit        nrf_log_default_backends.o
    0x00003fa5   0x00003fa5   0x00000003   PAD
    0x00003fa8   0x00003fa8   0x00000004   Data   RO         2473    .conststrlit        nrf_log_frontend.o
    0x00003fac   0x00003fac   0x00000020   Data   RO         3215    Region$$Table       anon$$obj.o
    0x00003fcc   0x00003fcc   0x00000010   Data   RO         2408    log_backends        nrf_log_default_backends.o
    0x00003fdc   0x00003fdc   0x00000008   Data   RO          717    log_const_data      nrfx_prs.o
    0x00003fe4   0x00003fe4   0x00000008   Data   RO          814    log_const_data      nrfx_twim.o
    0x00003fec   0x00003fec   0x00000008   Data   RO          989    log_const_data      nrfx_uart.o
    0x00003ff4   0x00003ff4   0x00000008   Data   RO         1188    log_const_data      nrfx_uarte.o
    0x00003ffc   0x00003ffc   0x00000008   Data   RO         1367    log_const_data      nrfx_gpiote.o
    0x00004004   0x00004004   0x00000008   Data   RO         2476    log_const_data      nrf_log_frontend.o
    0x0000400c   0x0000400c   0x00000014   Data   RO         2477    nrf_balloc          nrf_log_frontend.o


    Execution Region RW_IRAM1 (Exec base: 0x20000000, Load base: 0x00004020, Size: 0x00002768, Max: 0x00010000, ABSOLUTE)

    Exec Addr    Load Addr    Size         Type   Attr      Idx    E Section Name        Object

    0x20000000   0x00004020   0x00000008   Data   RW          228    .data               pcal6408.o
    0x20000008   0x00004028   0x00000010   Data   RW          457    .data               nrf_drv_twi.o
    0x20000018   0x00004038   0x0000000c   Data   RW          519    .data               nrf_drv_uart.o
    0x20000024   0x00004044   0x00000008   Data   RW          716    .data               nrfx_prs.o
    0x2000002c   0x0000404c   0x00000004   Data   RW         1697    .data               app_util_platform.o
    0x20000030   0x00004050   0x00000018   Data   RW         2317    .data               nrf_log_backend_uart.o
    0x20000048   0x00004068   0x00000008   Data   RW         2407    .data               nrf_log_default_backends.o
    0x20000050   0x00004070   0x00000008   Data   RW         2474    .data               nrf_log_frontend.o
    0x20000058   0x00004078   0x00000008   Data   RW         2475    .data               nrf_log_frontend.o
    0x20000060   0x00004080   0x00000040   Data   RW         2641    .data               nrf_log_str_formatter.o
    0x200000a0   0x000040c0   0x00000004   Data   RW         3074    .data               system_nrf52.o
    0x200000a4        -       0x00000068   Zero   RW          808    .bss                nrfx_twim.o
    0x2000010c        -       0x0000002c   Zero   RW          983    .bss                nrfx_uart.o
    0x20000138        -       0x00000024   Zero   RW         1182    .bss                nrfx_uarte.o
    0x2000015c        -       0x0000004c   Zero   RW         1364    .bss                nrfx_gpiote.o
    0x200001a8        -       0x00000040   Zero   RW         2314    .bss                nrf_log_backend_uart.o
    0x200001e8        -       0x000000c0   Zero   RW         2468    .bss                nrf_log_frontend.o
    0x200002a8        -       0x00000080   Zero   RW         2469    .bss                nrf_log_frontend.o
    0x20000328        -       0x00000018   Zero   RW         2470    .bss                nrf_log_frontend.o
    0x20000340        -       0x00000424   Zero   RW         2471    .bss                nrf_log_frontend.o
    0x20000764   0x000040c4   0x00000004   PAD
    0x20000768        -       0x00002000   Zero   RW         3051    STACK               arm_startup_nrf52.o


==============================================================================

Image component sizes


      Code (inc. data)   RO Data    RW Data    ZI Data      Debug   Object Name

        22          0          0          0          0       2569   app_error.o
         0          0          0          0          0        392   app_error_handler_keil.o
       128         44          0          0          0      27513   app_error_weak.o
        44          8          0          4          0       3710   app_util_platform.o
        36          8        512          0       8192        984   arm_startup_nrf52.o
       520        290          0          0          0      56776   main.o
       294          0          0          0          0       8126   nrf_atomic.o
       180          0          0          0          0       4055   nrf_balloc.o
       342         20          6         16          0      23623   nrf_drv_twi.o
       200         22          0         12          0      18440   nrf_drv_uart.o
        50          0          0          0          0       3785   nrf_fprintf.o
       910          6         16          0          0       6846   nrf_fprintf_format.o
       204          0          0          0          0      11893   nrf_log_backend_serial.o
       236         44         44         24         64      51382   nrf_log_backend_uart.o
        28          4         33          8          0       3513   nrf_log_default_backends.o
      1556        120         44         16       1404      32082   nrf_log_frontend.o
       584        106        102         64          0       6512   nrf_log_str_formatter.o
       360          0          0          0          0      10191   nrf_memobj.o
        28          0          0          0          0       2547   nrf_ringbuf.o
        76         10       1259          0          0       2983   nrf_strerror.o
      1494        172         77          0         76      63707   nrfx_gpiote.o
       104         16         12          8          0       6160   nrfx_prs.o
      1454         50         41          0        104      61489   nrfx_twim.o
      1330         40         17          0         44      33509   nrfx_uart.o
      1156         44         18          0         36      26743   nrfx_uarte.o
      1338        738         36          8          0      30412   pcal6408.o
      1116        110          0          4          0       9675   system_nrf52.o

    ----------------------------------------------------------------------
     13816       1852       2280        164       9924     509617   Object Totals
         0          0         32          0          0          0   (incl. Generated)
        26          0         31          0          4          0   (incl. Padding)

    ----------------------------------------------------------------------

      Code (inc. data)   RO Data    RW Data    ZI Data      Debug   Library Member Name

         8          4        133          0          0         68   ctype_o.o
         0          0          0          0          0          0   entry.o
         0          0          0          0          0          0   entry10a.o
         0          0          0          0          0          0   entry11a.o
         8          4          0          0          0          0   entry2.o
         4          0          0          0          0          0   entry5.o
         0          0          0          0          0          0   entry7b.o
         0          0          0          0          0          0   entry8b.o
         8          4          0          0          0          0   entry9a.o
        30          0          0          0          0          0   handlers.o
        36          8          0          0          0         68   init.o
        36          0          0          0          0         68   memcpya.o
        36          0          0          0          0        108   memseta.o
        14          0          0          0          0         68   strlen.o

    ----------------------------------------------------------------------
       184         20        136          0          0        380   Library Totals
         4          0          3          0          0          0   (incl. Padding)

    ----------------------------------------------------------------------

      Code (inc. data)   RO Data    RW Data    ZI Data      Debug   Library Name

       180         20        133          0          0        380   mc_w.l

    ----------------------------------------------------------------------
       184         20        136          0          0        380   Library Totals

    ----------------------------------------------------------------------

==============================================================================


      Code (inc. data)   RO Data    RW Data    ZI Data      Debug   

     14000       1872       2416        164       9924     493049   Grand Totals
     14000       1872       2416        164       9924     493049   ELF Image Totals
     14000       1872       2416        164          0          0   ROM Totals

==============================================================================

    Total RO  Size (Code + RO Data)                16416 (  16.03kB)
    Total RW  Size (RW Data + ZI Data)             10088 (   9.85kB)
    Total ROM Size (Code + RO Data + RW Data)      16580 (  16.19kB)

==============================================================================

