<html>
<body>
<pre>
<h1>µVision Build Log</h1>
<h2>Tool Versions:</h2>
IDE-Version: µVision V5.28.0.0
Copyright (C) 2019 ARM Ltd and ARM Germany GmbH. All rights reserved.
License Information: Mohammed Alrawi, University of Agder, LIC=----
 
Tool Versions:
Toolchain:       MDK-Lite  Version: 5.28.0.0
Toolchain Path:  C:\Keil_v5\ARM\ARMCC\Bin
C Compiler:      Armcc.exe V5.06 update 6 (build 750)
Assembler:       Armasm.exe V5.06 update 6 (build 750)
Linker/Locator:  ArmLink.exe V5.06 update 6 (build 750)
Library Manager: ArmAr.exe V5.06 update 6 (build 750)
Hex Converter:   FromElf.exe V5.06 update 6 (build 750)
CPU DLL:         SARMCM3.DLL V5.28.0.0
Dialog DLL:      DCM.DLL V1.17.3.0
Target DLL:      Segger\JL2CM3.dll V2.99.36.0
Dialog DLL:      TCM.DLL V1.36.2.0
 
<h2>Project:</h2>
C:\Users\Rawi\Documents\UiA\Vår2020\ELE217\nRF5_SDK_15.3.0_59ac345\nRF5_SDK_15.3.0_59ac345\examples\New folder\Slave_nRF - Keil\CON_LAB_3_.uvprojx
Project File Date:  04/07/2020

<h2>Output:</h2>
*** Using Compiler 'V5.06 update 6 (build 750)', folder: 'C:\Keil_v5\ARM\ARMCC\Bin'
Build target 'nRF52832 DK'
compiling timer.c...
compiling boards.c...
compiling print_server.c...
compiling SPI.c...
..\Slave_nRF\SPI.c(57): warning:  #174-D: expression has no effect
  	 NRF_LOG_INIT(NULL); 	
..\Slave_nRF\SPI.c: 1 warning, 0 errors
compiling main.c...
compiling MPU6050.c...
compiling Curr_SAADC.c...
compiling nrf_pwr_mgmt.c...
compiling app_util_platform.c...
compiling nrf_section_iter.c...
compiling nrf_drv_uart.c...
compiling nrf_drv_ppi.c...
compiling nrfx_uart.c...
compiling nrfx_gpiote.c...
compiling nrfx_atomic.c...
compiling nrfx_ppi.c...
compiling nrfx_prs.c...
compiling nrf_atomic.c...
compiling nrfx_uarte.c...
compiling nrfx_saadc.c...
compiling nrfx_timer.c...
compiling nrfx_twi.c...
compiling nrfx_twim.c...
compiling RTX_Conf_CM.c...
compiling nrf_drv_twi.c...
compiling nrf_drv_spis.c...
compiling system_nrf52.c...
compiling nrfx_spim.c...
compiling nrfx_spi.c...
compiling nrfx_spis.c...
compiling nrfx_pwm.c...
linking...
Program Size: Code=29188 RO-data=1556 RW-data=292 ZI-data=22940  
".\Objects\CON_LAB_3_.axf" - 0 Error(s), 1 Warning(s).

<h2>Software Packages used:</h2>

Package Vendor: ARM
                http://www.keil.com/pack/ARM.CMSIS.5.5.1.pack
                ARM.CMSIS.5.5.1
                CMSIS (Cortex Microcontroller Software Interface Standard)
   * Component: RTOS Version: 1.0.0
   * Component: CORE Version: 5.2.0
   * Component: DSP Variant: Library Version: 1.6.0
   * Component: Keil RTX Version: 4.81.1

Package Vendor: NordicSemiconductor
                http://developer.nordicsemi.com/nRF5_SDK/pieces/nRF_DeviceFamilyPack/NordicSemiconductor.nRF_DeviceFamilyPack.8.30.2.pack
                NordicSemiconductor.nRF_DeviceFamilyPack.8.30.2
                Nordic Semiconductor nRF ARM devices Device Family Pack with BSD license.
   * Component: Startup Version: 8.30.2

<h2>Collection of Component include folders:</h2>
  .\RTE\_nRF52832_DK
  C:\Keil_v5\ARM\PACK\ARM\CMSIS\5.5.1\CMSIS\Core\Include
  C:\Keil_v5\ARM\PACK\ARM\CMSIS\5.5.1\CMSIS\DSP\Include
  C:\Keil_v5\ARM\PACK\ARM\CMSIS\5.5.1\CMSIS\RTOS\RTX\INC
  C:\Keil_v5\ARM\PACK\NordicSemiconductor\nRF_DeviceFamilyPack\8.30.2\Device\Include

<h2>Collection of Component Files used:</h2>

   * Component: ::CMSIS:RTOS:1.0.0 (API)

   * Component: ARM::CMSIS:CORE:5.2.0

   * Component: ARM::CMSIS:DSP:Library:1.6.0
      Library file:  CMSIS\DSP\Lib\ARM\arm_cortexM4lf_math.lib
      Include file:  CMSIS\DSP\Include\arm_math.h

   * Component: ARM::CMSIS:RTOS:Keil RTX:4.81.1
      Source file:   CMSIS\RTOS\RTX\UserCodeTemplates\MailQueue.c
      Source file:   CMSIS\RTOS\RTX\Templates\RTX_Conf_CM.c
      Source file:   CMSIS\RTOS\RTX\UserCodeTemplates\MemPool.c
      Include file:  CMSIS\RTOS\RTX\INC\cmsis_os.h
      Include file:  CMSIS\RTOS\RTX\UserCodeTemplates\osObjects.h
      Source file:   CMSIS\RTOS\RTX\UserCodeTemplates\main.c
      Source file:   CMSIS\RTOS\RTX\UserCodeTemplates\Thread.c
      Library file:  CMSIS\RTOS\RTX\LIB\ARM\RTX_CM4.lib
      Source file:   CMSIS\RTOS\RTX\UserCodeTemplates\Timer.c
      Source file:   CMSIS\RTOS\RTX\SRC\ARM\SVC_Table.s
      Source file:   CMSIS\RTOS\RTX\UserCodeTemplates\MsgQueue.c
      Source file:   CMSIS\RTOS\RTX\UserCodeTemplates\Mutex.c
      Source file:   CMSIS\RTOS\RTX\UserCodeTemplates\Semaphore.c

   * Component: NordicSemiconductor::Device:Startup:8.30.2
      Include file:  Device\Include\system_nrf52.h
      Source file:   Device\Source\system_nrf52.c
      Include file:  Device\Include\system_nrf.h
      Source file:   Device\Source\arm\arm_startup_nrf52.s
Build Time Elapsed:  00:00:29
</pre>
</body>
</html>
