<!doctype html public "-//w3c//dtd html 4.0 transitional//en">
<html><head>
<title>Static Call Graph - [.\Objects\RTX_LAB_1.axf]</title></head>
<body><HR>
<H1>Static Call Graph for image .\Objects\RTX_LAB_1.axf</H1><HR>
<BR><P>#&#060CALLGRAPH&#062# ARM Linker, 5060750: Last Updated: Fri Apr 03 20:22:21 2020
<BR><P>
<H3>Maximum Stack Usage =        380 bytes + Unknown(Cycles, Untraceable Function Pointers)</H3><H3>
Call chain for Maximum Stack Depth:</H3>
Mpu_6050_thread &rArr; mpu_6050_read_gyro &rArr; mpu_6050_I2C_register_read &rArr; nrf_drv_twi_tx &rArr; nrfx_twi_tx &rArr; nrfx_twi_xfer &rArr; twi_xfer &rArr; twi_tx_start_transfer &rArr; twi_transfer &rArr; twi_send_byte
<P>
<H3>
Mutually Recursive functions
</H3> <LI><a href="#[149]">os_error</a>&nbsp;&nbsp;&nbsp;&rArr;&nbsp;&nbsp;&nbsp;<a href="#[149]">os_error</a><BR>
 <LI><a href="#[38]">rt_alloc_box</a>&nbsp;&nbsp;&nbsp;&rArr;&nbsp;&nbsp;&nbsp;<a href="#[38]">rt_alloc_box</a><BR>
 <LI><a href="#[a]">NMI_Handler</a>&nbsp;&nbsp;&nbsp;&rArr;&nbsp;&nbsp;&nbsp;<a href="#[a]">NMI_Handler</a><BR>
 <LI><a href="#[b]">HardFault_Handler</a>&nbsp;&nbsp;&nbsp;&rArr;&nbsp;&nbsp;&nbsp;<a href="#[b]">HardFault_Handler</a><BR>
 <LI><a href="#[c]">MemoryManagement_Handler</a>&nbsp;&nbsp;&nbsp;&rArr;&nbsp;&nbsp;&nbsp;<a href="#[c]">MemoryManagement_Handler</a><BR>
 <LI><a href="#[d]">BusFault_Handler</a>&nbsp;&nbsp;&nbsp;&rArr;&nbsp;&nbsp;&nbsp;<a href="#[d]">BusFault_Handler</a><BR>
 <LI><a href="#[e]">UsageFault_Handler</a>&nbsp;&nbsp;&nbsp;&rArr;&nbsp;&nbsp;&nbsp;<a href="#[e]">UsageFault_Handler</a><BR>
 <LI><a href="#[10]">DebugMon_Handler</a>&nbsp;&nbsp;&nbsp;&rArr;&nbsp;&nbsp;&nbsp;<a href="#[10]">DebugMon_Handler</a><BR>
 <LI><a href="#[22]">CCM_AAR_IRQHandler</a>&nbsp;&nbsp;&nbsp;&rArr;&nbsp;&nbsp;&nbsp;<a href="#[22]">CCM_AAR_IRQHandler</a><BR>
 <LI><a href="#[4e]">os_idle_demon</a>&nbsp;&nbsp;&nbsp;&rArr;&nbsp;&nbsp;&nbsp;<a href="#[4e]">os_idle_demon</a><BR>
</UL>
<P>
<H3>
Function Pointers
</H3><UL>
 <LI><a href="#[d]">BusFault_Handler</a> from arm_startup_nrf52.o(.text) referenced from arm_startup_nrf52.o(RESET)
 <LI><a href="#[22]">CCM_AAR_IRQHandler</a> from arm_startup_nrf52.o(.text) referenced from arm_startup_nrf52.o(RESET)
 <LI><a href="#[26]">COMP_LPCOMP_IRQHandler</a> from arm_startup_nrf52.o(.text) referenced from arm_startup_nrf52.o(RESET)
 <LI><a href="#[10]">DebugMon_Handler</a> from arm_startup_nrf52.o(.text) referenced from arm_startup_nrf52.o(RESET)
 <LI><a href="#[21]">ECB_IRQHandler</a> from arm_startup_nrf52.o(.text) referenced from arm_startup_nrf52.o(RESET)
 <LI><a href="#[37]">FPU_IRQHandler</a> from arm_startup_nrf52.o(.text) referenced from arm_startup_nrf52.o(RESET)
 <LI><a href="#[19]">GPIOTE_IRQHandler</a> from nrfx_gpiote.o(i.GPIOTE_IRQHandler) referenced from arm_startup_nrf52.o(RESET)
 <LI><a href="#[b]">HardFault_Handler</a> from arm_startup_nrf52.o(.text) referenced from arm_startup_nrf52.o(RESET)
 <LI><a href="#[36]">I2S_IRQHandler</a> from arm_startup_nrf52.o(.text) referenced from arm_startup_nrf52.o(RESET)
 <LI><a href="#[31]">MWU_IRQHandler</a> from arm_startup_nrf52.o(.text) referenced from arm_startup_nrf52.o(RESET)
 <LI><a href="#[c]">MemoryManagement_Handler</a> from arm_startup_nrf52.o(.text) referenced from arm_startup_nrf52.o(RESET)
 <LI><a href="#[53]">Mpu_6050_thread</a> from mpu6050.o(i.Mpu_6050_thread) referenced from mpu6050.o(.constdata)
 <LI><a href="#[18]">NFCT_IRQHandler</a> from arm_startup_nrf52.o(.text) referenced from arm_startup_nrf52.o(RESET)
 <LI><a href="#[a]">NMI_Handler</a> from arm_startup_nrf52.o(.text) referenced from arm_startup_nrf52.o(RESET)
 <LI><a href="#[30]">PDM_IRQHandler</a> from arm_startup_nrf52.o(.text) referenced from arm_startup_nrf52.o(RESET)
 <LI><a href="#[54]">PID_control</a> from mpu6050.o(i.PID_control) referenced from mpu6050.o(.constdata)
 <LI><a href="#[13]">POWER_CLOCK_IRQHandler</a> from arm_startup_nrf52.o(.text) referenced from arm_startup_nrf52.o(RESET)
 <LI><a href="#[55]">PWM</a> from mpu6050.o(i.PWM) referenced from mpu6050.o(.constdata)
 <LI><a href="#[2f]">PWM0_IRQHandler</a> from nrfx_pwm.o(i.PWM0_IRQHandler) referenced from arm_startup_nrf52.o(RESET)
 <LI><a href="#[32]">PWM1_IRQHandler</a> from arm_startup_nrf52.o(.text) referenced from arm_startup_nrf52.o(RESET)
 <LI><a href="#[33]">PWM2_IRQHandler</a> from arm_startup_nrf52.o(.text) referenced from arm_startup_nrf52.o(RESET)
 <LI><a href="#[11]">PendSV_Handler</a> from hal_cm4.o(.emb_text) referenced from arm_startup_nrf52.o(RESET)
 <LI><a href="#[52]">PrintServer</a> from print_server.o(i.PrintServer) referenced from print_server.o(.constdata)
 <LI><a href="#[25]">QDEC_IRQHandler</a> from arm_startup_nrf52.o(.text) referenced from arm_startup_nrf52.o(RESET)
 <LI><a href="#[14]">RADIO_IRQHandler</a> from arm_startup_nrf52.o(.text) referenced from arm_startup_nrf52.o(RESET)
 <LI><a href="#[20]">RNG_IRQHandler</a> from arm_startup_nrf52.o(.text) referenced from arm_startup_nrf52.o(RESET)
 <LI><a href="#[1e]">RTC0_IRQHandler</a> from arm_startup_nrf52.o(.text) referenced from arm_startup_nrf52.o(RESET)
 <LI><a href="#[24]">RTC1_IRQHandler</a> from arm_startup_nrf52.o(.text) referenced from arm_startup_nrf52.o(RESET)
 <LI><a href="#[35]">RTC2_IRQHandler</a> from arm_startup_nrf52.o(.text) referenced from arm_startup_nrf52.o(RESET)
 <LI><a href="#[58]">Reset_Handler</a> from arm_startup_nrf52.o(.text) referenced from arm_startup_nrf52.o(RESET)
 <LI><a href="#[1a]">SAADC_IRQHandler</a> from nrfx_saadc.o(i.SAADC_IRQHandler) referenced from arm_startup_nrf52.o(RESET)
 <LI><a href="#[16]">SPIM0_SPIS0_TWIM0_TWIS0_SPI0_TWI0_IRQHandler</a> from nrfx_twi.o(i.SPIM0_SPIS0_TWIM0_TWIS0_SPI0_TWI0_IRQHandler) referenced from arm_startup_nrf52.o(RESET)
 <LI><a href="#[17]">SPIM1_SPIS1_TWIM1_TWIS1_SPI1_TWI1_IRQHandler</a> from nrfx_twi.o(i.SPIM1_SPIS1_TWIM1_TWIS1_SPI1_TWI1_IRQHandler) referenced from arm_startup_nrf52.o(RESET)
 <LI><a href="#[34]">SPIM2_SPIS2_SPI2_IRQHandler</a> from nrfx_spis.o(i.SPIM2_SPIS2_SPI2_IRQHandler) referenced from arm_startup_nrf52.o(RESET)
 <LI><a href="#[f]">SVC_Handler</a> from hal_cm4.o(.emb_text) referenced from arm_startup_nrf52.o(RESET)
 <LI><a href="#[27]">SWI0_EGU0_IRQHandler</a> from arm_startup_nrf52.o(.text) referenced from arm_startup_nrf52.o(RESET)
 <LI><a href="#[28]">SWI1_EGU1_IRQHandler</a> from arm_startup_nrf52.o(.text) referenced from arm_startup_nrf52.o(RESET)
 <LI><a href="#[29]">SWI2_EGU2_IRQHandler</a> from arm_startup_nrf52.o(.text) referenced from arm_startup_nrf52.o(RESET)
 <LI><a href="#[2a]">SWI3_EGU3_IRQHandler</a> from arm_startup_nrf52.o(.text) referenced from arm_startup_nrf52.o(RESET)
 <LI><a href="#[2b]">SWI4_EGU4_IRQHandler</a> from arm_startup_nrf52.o(.text) referenced from arm_startup_nrf52.o(RESET)
 <LI><a href="#[2c]">SWI5_EGU5_IRQHandler</a> from arm_startup_nrf52.o(.text) referenced from arm_startup_nrf52.o(RESET)
 <LI><a href="#[4f]">Saadc_Callback</a> from curr_saadc.o(i.Saadc_Callback) referenced from curr_saadc.o(i.saadc_init)
 <LI><a href="#[12]">SysTick_Handler</a> from hal_cm4.o(.emb_text) referenced from arm_startup_nrf52.o(RESET)
 <LI><a href="#[3a]">SystemInit</a> from system_nrf52.o(i.SystemInit) referenced from arm_startup_nrf52.o(.text)
 <LI><a href="#[1f]">TEMP_IRQHandler</a> from arm_startup_nrf52.o(.text) referenced from arm_startup_nrf52.o(RESET)
 <LI><a href="#[1b]">TIMER0_IRQHandler</a> from nrfx_timer.o(i.TIMER0_IRQHandler) referenced from arm_startup_nrf52.o(RESET)
 <LI><a href="#[1c]">TIMER1_IRQHandler</a> from timer.o(i.TIMER1_IRQHandler) referenced from arm_startup_nrf52.o(RESET)
 <LI><a href="#[1d]">TIMER2_IRQHandler</a> from arm_startup_nrf52.o(.text) referenced from arm_startup_nrf52.o(RESET)
 <LI><a href="#[2d]">TIMER3_IRQHandler</a> from arm_startup_nrf52.o(.text) referenced from arm_startup_nrf52.o(RESET)
 <LI><a href="#[2e]">TIMER4_IRQHandler</a> from arm_startup_nrf52.o(.text) referenced from arm_startup_nrf52.o(RESET)
 <LI><a href="#[15]">UARTE0_UART0_IRQHandler</a> from nrfx_uart.o(i.UARTE0_UART0_IRQHandler) referenced from arm_startup_nrf52.o(RESET)
 <LI><a href="#[e]">UsageFault_Handler</a> from arm_startup_nrf52.o(.text) referenced from arm_startup_nrf52.o(RESET)
 <LI><a href="#[23]">WDT_IRQHandler</a> from arm_startup_nrf52.o(.text) referenced from arm_startup_nrf52.o(RESET)
 <LI><a href="#[59]">__main</a> from __main.o(!!!main) referenced from arm_startup_nrf52.o(.text)
 <LI><a href="#[3e]">_get_lc_ctype</a> from lc_ctype_c.o(locale$$code) referenced from rt_ctype_table.o(.text)
 <LI><a href="#[3d]">_printf_input_char</a> from _printf_char_common.o(.text) referenced from _printf_char_common.o(.text)
 <LI><a href="#[3c]">_snputc</a> from _snputc.o(.text) referenced from vsnprintf.o(.text)
 <LI><a href="#[57]">main</a> from main.o(i.main) referenced from rtx_conf_cm.o(.constdata)
 <LI><a href="#[51]">osThreadExit</a> from rt_cmsis.o(i.osThreadExit) referenced from rt_cmsis.o(i.svcThreadCreate)
 <LI><a href="#[56]">osTimerThread</a> from rt_cmsis.o(i.osTimerThread) referenced from rtx_conf_cm.o(.constdata)
 <LI><a href="#[4e]">os_idle_demon</a> from rtx_conf_cm.o(i.os_idle_demon) referenced from rt_task.o(i.rt_sys_init)
 <LI><a href="#[38]">rt_alloc_box</a> from rt_membox.o(i.rt_alloc_box) referenced from hal_cm4.o(.emb_text)
 <LI><a href="#[39]">rt_free_box</a> from rt_membox.o(i.rt_free_box) referenced from hal_cm4.o(.emb_text)
 <LI><a href="#[40]">rt_mut_release</a> from rt_mutex.o(i.rt_mut_release) referenced from rtx_conf_cm.o(i._mutex_release)
 <LI><a href="#[3f]">rt_mut_wait</a> from rt_mutex.o(i.rt_mut_wait) referenced from rtx_conf_cm.o(i._mutex_acquire)
 <LI><a href="#[42]">svcDelay</a> from rt_cmsis.o(i.svcDelay) referenced from rt_cmsis.o(i.osDelay)
 <LI><a href="#[43]">svcKernelInitialize</a> from rt_cmsis.o(i.svcKernelInitialize) referenced from rt_cmsis.o(i.osKernelInitialize)
 <LI><a href="#[44]">svcKernelStart</a> from rt_cmsis.o(i.svcKernelStart) referenced from rt_cmsis.o(i.osKernelStart)
 <LI><a href="#[46]">svcMailCreate</a> from rt_cmsis.o(i.svcMailCreate) referenced from rt_cmsis.o(i.osMailCreate)
 <LI><a href="#[48]">svcMessageGet</a> from rt_cmsis.o(i.svcMessageGet) referenced from rt_cmsis.o(i.osMessageGet)
 <LI><a href="#[49]">svcMessagePut</a> from rt_cmsis.o(i.svcMessagePut) referenced from rt_cmsis.o(i.osMessagePut)
 <LI><a href="#[4a]">svcThreadCreate</a> from rt_cmsis.o(i.svcThreadCreate) referenced from rt_cmsis.o(i.osThreadCreate)
 <LI><a href="#[4b]">svcThreadGetId</a> from rt_cmsis.o(i.svcThreadGetId) referenced from rt_cmsis.o(i.osThreadExit)
 <LI><a href="#[4c]">svcThreadTerminate</a> from rt_cmsis.o(i.svcThreadTerminate) referenced from rt_cmsis.o(i.osThreadExit)
 <LI><a href="#[4d]">svcTimerCall</a> from rt_cmsis.o(i.svcTimerCall) referenced from rt_cmsis.o(i.osTimerCall)
 <LI><a href="#[45]">sysMailAlloc</a> from rt_cmsis.o(i.sysMailAlloc) referenced from rt_cmsis.o(i.osMailAlloc)
 <LI><a href="#[47]">sysMailFree</a> from rt_cmsis.o(i.sysMailFree) referenced from rt_cmsis.o(i.osMailFree)
 <LI><a href="#[50]">timer_handler</a> from curr_saadc.o(i.timer_handler) referenced from curr_saadc.o(i.saadc_sampling_event_init)
 <LI><a href="#[41]">twi_evt_handler</a> from nrf_drv_twi.o(i.twi_evt_handler) referenced from nrf_drv_twi.o(i.nrf_drv_twi_init)
</UL>
<P>
<H3>
Global Symbols
</H3>
<P><STRONG><a name="[59]"></a>__main</STRONG> (Thumb, 8 bytes, Stack size 0 bytes, __main.o(!!!main))
<BR><BR>[Calls]<UL><LI><a href="#[5e]">&gt;&gt;</a>&nbsp;&nbsp;&nbsp;__rt_entry
<LI><a href="#[5d]">&gt;&gt;</a>&nbsp;&nbsp;&nbsp;__scatterload
</UL>

<P><STRONG><a name="[5d]"></a>__scatterload</STRONG> (Thumb, 0 bytes, Stack size unknown bytes, __scatter.o(!!!scatter))
<BR><BR>[Called By]<UL><LI><a href="#[59]">&gt;&gt;</a>&nbsp;&nbsp;&nbsp;__main
</UL>

<P><STRONG><a name="[5f]"></a>__scatterload_rt2</STRONG> (Thumb, 44 bytes, Stack size unknown bytes, __scatter.o(!!!scatter), UNUSED)
<BR><BR>[Calls]<UL><LI><a href="#[5e]">&gt;&gt;</a>&nbsp;&nbsp;&nbsp;__rt_entry
</UL>

<P><STRONG><a name="[19d]"></a>__scatterload_rt2_thumb_only</STRONG> (Thumb, 0 bytes, Stack size unknown bytes, __scatter.o(!!!scatter), UNUSED)

<P><STRONG><a name="[19e]"></a>__scatterload_null</STRONG> (Thumb, 0 bytes, Stack size unknown bytes, __scatter.o(!!!scatter), UNUSED)

<P><STRONG><a name="[60]"></a>__scatterload_copy</STRONG> (Thumb, 26 bytes, Stack size unknown bytes, __scatter_copy.o(!!handler_copy), UNUSED)
<BR><BR>[Calls]<UL><LI><a href="#[60]">&gt;&gt;</a>&nbsp;&nbsp;&nbsp;__scatterload_copy
</UL>
<BR>[Called By]<UL><LI><a href="#[60]">&gt;&gt;</a>&nbsp;&nbsp;&nbsp;__scatterload_copy
</UL>

<P><STRONG><a name="[19f]"></a>__scatterload_zeroinit</STRONG> (Thumb, 28 bytes, Stack size unknown bytes, __scatter_zi.o(!!handler_zi), UNUSED)

<P><STRONG><a name="[61]"></a>_printf_n</STRONG> (Thumb, 0 bytes, Stack size unknown bytes, _printf_n.o(.ARM.Collect$$_printf_percent$$00000001))
<BR><BR>[Calls]<UL><LI><a href="#[62]">&gt;&gt;</a>&nbsp;&nbsp;&nbsp;_printf_charcount
</UL>

<P><STRONG><a name="[b2]"></a>_printf_percent</STRONG> (Thumb, 0 bytes, Stack size unknown bytes, _printf_percent.o(.ARM.Collect$$_printf_percent$$00000000))
<BR><BR>[Called By]<UL><LI><a href="#[ab]">&gt;&gt;</a>&nbsp;&nbsp;&nbsp;__printf
</UL>

<P><STRONG><a name="[63]"></a>_printf_p</STRONG> (Thumb, 0 bytes, Stack size unknown bytes, _printf_p.o(.ARM.Collect$$_printf_percent$$00000002))
<BR><BR>[Stack]<UL><LI>Max Depth = 64 + Unknown Stack Size
<LI>Call Chain = _printf_p &rArr; _printf_hex_ptr &rArr; _printf_longlong_hex &rArr; _printf_int_common &rArr; _printf_post_padding
</UL>
<BR>[Calls]<UL><LI><a href="#[64]">&gt;&gt;</a>&nbsp;&nbsp;&nbsp;_printf_hex_ptr
</UL>

<P><STRONG><a name="[65]"></a>_printf_f</STRONG> (Thumb, 0 bytes, Stack size unknown bytes, _printf_f.o(.ARM.Collect$$_printf_percent$$00000003))
<BR><BR>[Stack]<UL><LI>Max Depth = 324 + Unknown Stack Size
<LI>Call Chain = _printf_f &rArr; _printf_fp_dec &rArr; _printf_fp_dec_real &rArr; _fp_digits &rArr; _btod_etento &rArr; _btod_emul &rArr; _e2e
</UL>
<BR>[Calls]<UL><LI><a href="#[66]">&gt;&gt;</a>&nbsp;&nbsp;&nbsp;_printf_fp_dec
</UL>

<P><STRONG><a name="[67]"></a>_printf_e</STRONG> (Thumb, 0 bytes, Stack size unknown bytes, _printf_e.o(.ARM.Collect$$_printf_percent$$00000004))
<BR><BR>[Stack]<UL><LI>Max Depth = 324 + Unknown Stack Size
<LI>Call Chain = _printf_e &rArr; _printf_fp_dec &rArr; _printf_fp_dec_real &rArr; _fp_digits &rArr; _btod_etento &rArr; _btod_emul &rArr; _e2e
</UL>
<BR>[Calls]<UL><LI><a href="#[66]">&gt;&gt;</a>&nbsp;&nbsp;&nbsp;_printf_fp_dec
</UL>

<P><STRONG><a name="[68]"></a>_printf_g</STRONG> (Thumb, 0 bytes, Stack size unknown bytes, _printf_g.o(.ARM.Collect$$_printf_percent$$00000005))
<BR><BR>[Stack]<UL><LI>Max Depth = 324 + Unknown Stack Size
<LI>Call Chain = _printf_g &rArr; _printf_fp_dec &rArr; _printf_fp_dec_real &rArr; _fp_digits &rArr; _btod_etento &rArr; _btod_emul &rArr; _e2e
</UL>
<BR>[Calls]<UL><LI><a href="#[66]">&gt;&gt;</a>&nbsp;&nbsp;&nbsp;_printf_fp_dec
</UL>

<P><STRONG><a name="[69]"></a>_printf_a</STRONG> (Thumb, 0 bytes, Stack size unknown bytes, _printf_a.o(.ARM.Collect$$_printf_percent$$00000006))
<BR><BR>[Stack]<UL><LI>Max Depth = 112 + Unknown Stack Size
<LI>Call Chain = _printf_a &rArr; _printf_fp_hex &rArr; _printf_fp_hex_real &rArr; _printf_fp_infnan &rArr; _printf_post_padding
</UL>
<BR>[Calls]<UL><LI><a href="#[6a]">&gt;&gt;</a>&nbsp;&nbsp;&nbsp;_printf_fp_hex
</UL>

<P><STRONG><a name="[1a0]"></a>_printf_ll</STRONG> (Thumb, 0 bytes, Stack size unknown bytes, _printf_ll.o(.ARM.Collect$$_printf_percent$$00000007))

<P><STRONG><a name="[6b]"></a>_printf_i</STRONG> (Thumb, 0 bytes, Stack size unknown bytes, _printf_i.o(.ARM.Collect$$_printf_percent$$00000008))
<BR><BR>[Stack]<UL><LI>Max Depth = 72 + Unknown Stack Size
<LI>Call Chain = _printf_i &rArr; _printf_int_dec &rArr; _printf_int_common &rArr; _printf_post_padding
</UL>
<BR>[Calls]<UL><LI><a href="#[6c]">&gt;&gt;</a>&nbsp;&nbsp;&nbsp;_printf_int_dec
</UL>

<P><STRONG><a name="[6d]"></a>_printf_d</STRONG> (Thumb, 0 bytes, Stack size unknown bytes, _printf_d.o(.ARM.Collect$$_printf_percent$$00000009))
<BR><BR>[Stack]<UL><LI>Max Depth = 72 + Unknown Stack Size
<LI>Call Chain = _printf_d &rArr; _printf_int_dec &rArr; _printf_int_common &rArr; _printf_post_padding
</UL>
<BR>[Calls]<UL><LI><a href="#[6c]">&gt;&gt;</a>&nbsp;&nbsp;&nbsp;_printf_int_dec
</UL>

<P><STRONG><a name="[6e]"></a>_printf_u</STRONG> (Thumb, 0 bytes, Stack size unknown bytes, _printf_u.o(.ARM.Collect$$_printf_percent$$0000000A))
<BR><BR>[Stack]<UL><LI>Max Depth = 72 + Unknown Stack Size
<LI>Call Chain = _printf_u &rArr; _printf_int_dec &rArr; _printf_int_common &rArr; _printf_post_padding
</UL>
<BR>[Calls]<UL><LI><a href="#[6c]">&gt;&gt;</a>&nbsp;&nbsp;&nbsp;_printf_int_dec
</UL>

<P><STRONG><a name="[6f]"></a>_printf_o</STRONG> (Thumb, 0 bytes, Stack size unknown bytes, _printf_o.o(.ARM.Collect$$_printf_percent$$0000000B))
<BR><BR>[Stack]<UL><LI>Max Depth = 64 + Unknown Stack Size
<LI>Call Chain = _printf_o &rArr; _printf_int_oct &rArr; _printf_longlong_oct &rArr; _printf_int_common &rArr; _printf_post_padding
</UL>
<BR>[Calls]<UL><LI><a href="#[70]">&gt;&gt;</a>&nbsp;&nbsp;&nbsp;_printf_int_oct
</UL>

<P><STRONG><a name="[71]"></a>_printf_x</STRONG> (Thumb, 0 bytes, Stack size unknown bytes, _printf_x.o(.ARM.Collect$$_printf_percent$$0000000C))
<BR><BR>[Stack]<UL><LI>Max Depth = 80 + Unknown Stack Size
<LI>Call Chain = _printf_x &rArr; _printf_int_hex &rArr; _printf_longlong_hex &rArr; _printf_int_common &rArr; _printf_post_padding
</UL>
<BR>[Calls]<UL><LI><a href="#[72]">&gt;&gt;</a>&nbsp;&nbsp;&nbsp;_printf_int_hex
</UL>

<P><STRONG><a name="[73]"></a>_printf_lli</STRONG> (Thumb, 0 bytes, Stack size unknown bytes, _printf_lli.o(.ARM.Collect$$_printf_percent$$0000000D))
<BR><BR>[Stack]<UL><LI>Max Depth = 72 + Unknown Stack Size
<LI>Call Chain = _printf_lli &rArr; _printf_longlong_dec &rArr; _printf_int_common &rArr; _printf_post_padding
</UL>
<BR>[Calls]<UL><LI><a href="#[74]">&gt;&gt;</a>&nbsp;&nbsp;&nbsp;_printf_longlong_dec
</UL>

<P><STRONG><a name="[75]"></a>_printf_lld</STRONG> (Thumb, 0 bytes, Stack size unknown bytes, _printf_lld.o(.ARM.Collect$$_printf_percent$$0000000E))
<BR><BR>[Stack]<UL><LI>Max Depth = 72 + Unknown Stack Size
<LI>Call Chain = _printf_lld &rArr; _printf_longlong_dec &rArr; _printf_int_common &rArr; _printf_post_padding
</UL>
<BR>[Calls]<UL><LI><a href="#[74]">&gt;&gt;</a>&nbsp;&nbsp;&nbsp;_printf_longlong_dec
</UL>

<P><STRONG><a name="[76]"></a>_printf_llu</STRONG> (Thumb, 0 bytes, Stack size unknown bytes, _printf_llu.o(.ARM.Collect$$_printf_percent$$0000000F))
<BR><BR>[Stack]<UL><LI>Max Depth = 72 + Unknown Stack Size
<LI>Call Chain = _printf_llu &rArr; _printf_longlong_dec &rArr; _printf_int_common &rArr; _printf_post_padding
</UL>
<BR>[Calls]<UL><LI><a href="#[74]">&gt;&gt;</a>&nbsp;&nbsp;&nbsp;_printf_longlong_dec
</UL>

<P><STRONG><a name="[77]"></a>_printf_llo</STRONG> (Thumb, 0 bytes, Stack size unknown bytes, _printf_llo.o(.ARM.Collect$$_printf_percent$$00000010))
<BR><BR>[Stack]<UL><LI>Max Depth = 56 + Unknown Stack Size
<LI>Call Chain = _printf_llo &rArr; _printf_ll_oct &rArr; _printf_longlong_oct &rArr; _printf_int_common &rArr; _printf_post_padding
</UL>
<BR>[Calls]<UL><LI><a href="#[78]">&gt;&gt;</a>&nbsp;&nbsp;&nbsp;_printf_ll_oct
</UL>

<P><STRONG><a name="[79]"></a>_printf_llx</STRONG> (Thumb, 0 bytes, Stack size unknown bytes, _printf_llx.o(.ARM.Collect$$_printf_percent$$00000011))
<BR><BR>[Stack]<UL><LI>Max Depth = 64 + Unknown Stack Size
<LI>Call Chain = _printf_llx &rArr; _printf_ll_hex &rArr; _printf_longlong_hex &rArr; _printf_int_common &rArr; _printf_post_padding
</UL>
<BR>[Calls]<UL><LI><a href="#[7a]">&gt;&gt;</a>&nbsp;&nbsp;&nbsp;_printf_ll_hex
</UL>

<P><STRONG><a name="[1a1]"></a>_printf_l</STRONG> (Thumb, 0 bytes, Stack size unknown bytes, _printf_l.o(.ARM.Collect$$_printf_percent$$00000012))

<P><STRONG><a name="[7b]"></a>_printf_c</STRONG> (Thumb, 0 bytes, Stack size unknown bytes, _printf_c.o(.ARM.Collect$$_printf_percent$$00000013))
<BR><BR>[Stack]<UL><LI>Max Depth = 40 + Unknown Stack Size
<LI>Call Chain = _printf_c &rArr; _printf_char &rArr; _printf_cs_common &rArr; _printf_str &rArr; _printf_post_padding
</UL>
<BR>[Calls]<UL><LI><a href="#[7c]">&gt;&gt;</a>&nbsp;&nbsp;&nbsp;_printf_char
</UL>

<P><STRONG><a name="[7d]"></a>_printf_s</STRONG> (Thumb, 0 bytes, Stack size unknown bytes, _printf_s.o(.ARM.Collect$$_printf_percent$$00000014))
<BR><BR>[Stack]<UL><LI>Max Depth = 40 + Unknown Stack Size
<LI>Call Chain = _printf_s &rArr; _printf_string &rArr; _printf_cs_common &rArr; _printf_str &rArr; _printf_post_padding
</UL>
<BR>[Calls]<UL><LI><a href="#[7e]">&gt;&gt;</a>&nbsp;&nbsp;&nbsp;_printf_string
</UL>

<P><STRONG><a name="[7f]"></a>_printf_lc</STRONG> (Thumb, 0 bytes, Stack size unknown bytes, _printf_lc.o(.ARM.Collect$$_printf_percent$$00000015))
<BR><BR>[Stack]<UL><LI>Max Depth = 96 + Unknown Stack Size
<LI>Call Chain = _printf_lc &rArr; _printf_wchar &rArr; _printf_lcs_common &rArr; _printf_wctomb &rArr; _wcrtomb &rArr; __rt_ctype_table &rArr; __rt_locale
</UL>
<BR>[Calls]<UL><LI><a href="#[80]">&gt;&gt;</a>&nbsp;&nbsp;&nbsp;_printf_wchar
</UL>

<P><STRONG><a name="[81]"></a>_printf_ls</STRONG> (Thumb, 0 bytes, Stack size unknown bytes, _printf_ls.o(.ARM.Collect$$_printf_percent$$00000016))
<BR><BR>[Stack]<UL><LI>Max Depth = 96 + Unknown Stack Size
<LI>Call Chain = _printf_ls &rArr; _printf_wstring &rArr; _printf_lcs_common &rArr; _printf_wctomb &rArr; _wcrtomb &rArr; __rt_ctype_table &rArr; __rt_locale
</UL>
<BR>[Calls]<UL><LI><a href="#[82]">&gt;&gt;</a>&nbsp;&nbsp;&nbsp;_printf_wstring
</UL>

<P><STRONG><a name="[1a2]"></a>_printf_percent_end</STRONG> (Thumb, 0 bytes, Stack size unknown bytes, _printf_percent_end.o(.ARM.Collect$$_printf_percent$$00000017))

<P><STRONG><a name="[8d]"></a>__rt_lib_init</STRONG> (Thumb, 0 bytes, Stack size unknown bytes, libinit.o(.ARM.Collect$$libinit$$00000000))
<BR><BR>[Called By]<UL><LI><a href="#[8c]">&gt;&gt;</a>&nbsp;&nbsp;&nbsp;__rt_entry_li
</UL>

<P><STRONG><a name="[83]"></a>__rt_lib_init_fp_1</STRONG> (Thumb, 0 bytes, Stack size unknown bytes, libinit2.o(.ARM.Collect$$libinit$$00000001))
<BR><BR>[Calls]<UL><LI><a href="#[84]">&gt;&gt;</a>&nbsp;&nbsp;&nbsp;_fp_init
</UL>

<P><STRONG><a name="[1a3]"></a>__rt_lib_init_heap_1</STRONG> (Thumb, 0 bytes, Stack size unknown bytes, libinit2.o(.ARM.Collect$$libinit$$0000000A))

<P><STRONG><a name="[85]"></a>__rt_lib_init_lc_common</STRONG> (Thumb, 0 bytes, Stack size unknown bytes, libinit2.o(.ARM.Collect$$libinit$$0000000F))
<BR><BR>[Stack]<UL><LI>Max Depth = 8 + Unknown Stack Size
<LI>Call Chain = __rt_lib_init_lc_common &rArr; __rt_locale
</UL>
<BR>[Calls]<UL><LI><a href="#[86]">&gt;&gt;</a>&nbsp;&nbsp;&nbsp;__rt_locale
</UL>

<P><STRONG><a name="[1a4]"></a>__rt_lib_init_preinit_1</STRONG> (Thumb, 0 bytes, Stack size unknown bytes, libinit2.o(.ARM.Collect$$libinit$$00000004))

<P><STRONG><a name="[1a5]"></a>__rt_lib_init_rand_1</STRONG> (Thumb, 0 bytes, Stack size unknown bytes, libinit2.o(.ARM.Collect$$libinit$$0000000E))

<P><STRONG><a name="[1a6]"></a>__rt_lib_init_user_alloc_1</STRONG> (Thumb, 0 bytes, Stack size unknown bytes, libinit2.o(.ARM.Collect$$libinit$$0000000C))

<P><STRONG><a name="[1a7]"></a>__rt_lib_init_lc_collate_1</STRONG> (Thumb, 0 bytes, Stack size unknown bytes, libinit2.o(.ARM.Collect$$libinit$$00000011))

<P><STRONG><a name="[87]"></a>__rt_lib_init_lc_ctype_2</STRONG> (Thumb, 0 bytes, Stack size unknown bytes, libinit2.o(.ARM.Collect$$libinit$$00000012))
<BR><BR>[Stack]<UL><LI>Max Depth = 8 + Unknown Stack Size
<LI>Call Chain = __rt_lib_init_lc_ctype_2 &rArr; _get_lc_ctype
</UL>
<BR>[Calls]<UL><LI><a href="#[3e]">&gt;&gt;</a>&nbsp;&nbsp;&nbsp;_get_lc_ctype
</UL>

<P><STRONG><a name="[1a8]"></a>__rt_lib_init_lc_ctype_1</STRONG> (Thumb, 0 bytes, Stack size unknown bytes, libinit2.o(.ARM.Collect$$libinit$$00000013))

<P><STRONG><a name="[1a9]"></a>__rt_lib_init_lc_monetary_1</STRONG> (Thumb, 0 bytes, Stack size unknown bytes, libinit2.o(.ARM.Collect$$libinit$$00000015))

<P><STRONG><a name="[88]"></a>__rt_lib_init_lc_numeric_2</STRONG> (Thumb, 0 bytes, Stack size unknown bytes, libinit2.o(.ARM.Collect$$libinit$$00000016))
<BR><BR>[Stack]<UL><LI>Max Depth = 8 + Unknown Stack Size
<LI>Call Chain = __rt_lib_init_lc_numeric_2 &rArr; _get_lc_numeric
</UL>
<BR>[Calls]<UL><LI><a href="#[89]">&gt;&gt;</a>&nbsp;&nbsp;&nbsp;_get_lc_numeric
</UL>

<P><STRONG><a name="[1aa]"></a>__rt_lib_init_alloca_1</STRONG> (Thumb, 0 bytes, Stack size unknown bytes, libinit2.o(.ARM.Collect$$libinit$$0000002E))

<P><STRONG><a name="[1ab]"></a>__rt_lib_init_argv_1</STRONG> (Thumb, 0 bytes, Stack size unknown bytes, libinit2.o(.ARM.Collect$$libinit$$0000002C))

<P><STRONG><a name="[1ac]"></a>__rt_lib_init_atexit_1</STRONG> (Thumb, 0 bytes, Stack size unknown bytes, libinit2.o(.ARM.Collect$$libinit$$0000001B))

<P><STRONG><a name="[1ad]"></a>__rt_lib_init_clock_1</STRONG> (Thumb, 0 bytes, Stack size unknown bytes, libinit2.o(.ARM.Collect$$libinit$$00000021))

<P><STRONG><a name="[1ae]"></a>__rt_lib_init_cpp_1</STRONG> (Thumb, 0 bytes, Stack size unknown bytes, libinit2.o(.ARM.Collect$$libinit$$00000032))

<P><STRONG><a name="[1af]"></a>__rt_lib_init_exceptions_1</STRONG> (Thumb, 0 bytes, Stack size unknown bytes, libinit2.o(.ARM.Collect$$libinit$$00000030))

<P><STRONG><a name="[1b0]"></a>__rt_lib_init_fp_trap_1</STRONG> (Thumb, 0 bytes, Stack size unknown bytes, libinit2.o(.ARM.Collect$$libinit$$0000001F))

<P><STRONG><a name="[1b1]"></a>__rt_lib_init_getenv_1</STRONG> (Thumb, 0 bytes, Stack size unknown bytes, libinit2.o(.ARM.Collect$$libinit$$00000023))

<P><STRONG><a name="[1b2]"></a>__rt_lib_init_lc_numeric_1</STRONG> (Thumb, 0 bytes, Stack size unknown bytes, libinit2.o(.ARM.Collect$$libinit$$00000017))

<P><STRONG><a name="[1b3]"></a>__rt_lib_init_lc_time_1</STRONG> (Thumb, 0 bytes, Stack size unknown bytes, libinit2.o(.ARM.Collect$$libinit$$00000019))

<P><STRONG><a name="[1b4]"></a>__rt_lib_init_return</STRONG> (Thumb, 0 bytes, Stack size unknown bytes, libinit2.o(.ARM.Collect$$libinit$$00000033))

<P><STRONG><a name="[1b5]"></a>__rt_lib_init_signal_1</STRONG> (Thumb, 0 bytes, Stack size unknown bytes, libinit2.o(.ARM.Collect$$libinit$$0000001D))

<P><STRONG><a name="[1b6]"></a>__rt_lib_init_stdio_1</STRONG> (Thumb, 0 bytes, Stack size unknown bytes, libinit2.o(.ARM.Collect$$libinit$$00000025))

<P><STRONG><a name="[93]"></a>__rt_lib_shutdown</STRONG> (Thumb, 0 bytes, Stack size unknown bytes, libshutdown.o(.ARM.Collect$$libshutdown$$00000000))
<BR><BR>[Called By]<UL><LI><a href="#[92]">&gt;&gt;</a>&nbsp;&nbsp;&nbsp;__rt_exit_ls
</UL>

<P><STRONG><a name="[1b7]"></a>__rt_lib_shutdown_cpp_1</STRONG> (Thumb, 0 bytes, Stack size unknown bytes, libshutdown2.o(.ARM.Collect$$libshutdown$$00000002))

<P><STRONG><a name="[1b8]"></a>__rt_lib_shutdown_fp_trap_1</STRONG> (Thumb, 0 bytes, Stack size unknown bytes, libshutdown2.o(.ARM.Collect$$libshutdown$$00000007))

<P><STRONG><a name="[1b9]"></a>__rt_lib_shutdown_heap_1</STRONG> (Thumb, 0 bytes, Stack size unknown bytes, libshutdown2.o(.ARM.Collect$$libshutdown$$0000000F))

<P><STRONG><a name="[1ba]"></a>__rt_lib_shutdown_return</STRONG> (Thumb, 0 bytes, Stack size unknown bytes, libshutdown2.o(.ARM.Collect$$libshutdown$$00000010))

<P><STRONG><a name="[1bb]"></a>__rt_lib_shutdown_signal_1</STRONG> (Thumb, 0 bytes, Stack size unknown bytes, libshutdown2.o(.ARM.Collect$$libshutdown$$0000000A))

<P><STRONG><a name="[1bc]"></a>__rt_lib_shutdown_stdio_1</STRONG> (Thumb, 0 bytes, Stack size unknown bytes, libshutdown2.o(.ARM.Collect$$libshutdown$$00000004))

<P><STRONG><a name="[1bd]"></a>__rt_lib_shutdown_user_alloc_1</STRONG> (Thumb, 0 bytes, Stack size unknown bytes, libshutdown2.o(.ARM.Collect$$libshutdown$$0000000C))

<P><STRONG><a name="[5e]"></a>__rt_entry</STRONG> (Thumb, 0 bytes, Stack size unknown bytes, __rtentry.o(.ARM.Collect$$rtentry$$00000000))
<BR><BR>[Called By]<UL><LI><a href="#[59]">&gt;&gt;</a>&nbsp;&nbsp;&nbsp;__main
<LI><a href="#[5f]">&gt;&gt;</a>&nbsp;&nbsp;&nbsp;__scatterload_rt2
</UL>

<P><STRONG><a name="[1be]"></a>__rt_entry_presh_1</STRONG> (Thumb, 0 bytes, Stack size unknown bytes, __rtentry2.o(.ARM.Collect$$rtentry$$00000002))

<P><STRONG><a name="[8a]"></a>__rt_entry_sh</STRONG> (Thumb, 0 bytes, Stack size unknown bytes, __rtentry4.o(.ARM.Collect$$rtentry$$00000004))
<BR><BR>[Stack]<UL><LI>Max Depth = 8 + Unknown Stack Size
<LI>Call Chain = __rt_entry_sh &rArr; __user_setup_stackheap
</UL>
<BR>[Calls]<UL><LI><a href="#[8b]">&gt;&gt;</a>&nbsp;&nbsp;&nbsp;__user_setup_stackheap
</UL>

<P><STRONG><a name="[8c]"></a>__rt_entry_li</STRONG> (Thumb, 0 bytes, Stack size unknown bytes, __rtentry2.o(.ARM.Collect$$rtentry$$0000000A))
<BR><BR>[Calls]<UL><LI><a href="#[8d]">&gt;&gt;</a>&nbsp;&nbsp;&nbsp;__rt_lib_init
</UL>

<P><STRONG><a name="[1bf]"></a>__rt_entry_postsh_1</STRONG> (Thumb, 0 bytes, Stack size unknown bytes, __rtentry2.o(.ARM.Collect$$rtentry$$00000009))

<P><STRONG><a name="[8e]"></a>__rt_entry_postli_1</STRONG> (Thumb, 0 bytes, Stack size unknown bytes, __rtentry2.o(.ARM.Collect$$rtentry$$0000000B))
<BR><BR>[Stack]<UL><LI>Max Depth = 80 + Unknown Stack Size
<LI>Call Chain = __rt_entry_postli_1 &rArr; _platform_post_lib_init &rArr; osKernelInitialize &rArr; svcKernelInitialize &rArr; svcThreadCreate &rArr; rt_tsk_create &rArr; rt_init_context &rArr; rt_init_stack
</UL>
<BR>[Calls]<UL><LI><a href="#[8f]">&gt;&gt;</a>&nbsp;&nbsp;&nbsp;_platform_post_lib_init
</UL>

<P><STRONG><a name="[90]"></a>__rt_entry_main</STRONG> (Thumb, 0 bytes, Stack size unknown bytes, __rtentry2.o(.ARM.Collect$$rtentry$$0000000D))
<BR><BR>[Stack]<UL><LI>Max Depth = 268 + Unknown Stack Size
<LI>Call Chain = __rt_entry_main &rArr; main &rArr; mpu_6050_init &rArr; nrf_drv_twi_tx &rArr; nrfx_twi_tx &rArr; nrfx_twi_xfer &rArr; twi_xfer &rArr; twi_tx_start_transfer &rArr; twi_transfer &rArr; twi_send_byte
</UL>
<BR>[Calls]<UL><LI><a href="#[57]">&gt;&gt;</a>&nbsp;&nbsp;&nbsp;main
<LI><a href="#[91]">&gt;&gt;</a>&nbsp;&nbsp;&nbsp;exit
</UL>

<P><STRONG><a name="[a1]"></a>__rt_exit</STRONG> (Thumb, 0 bytes, Stack size unknown bytes, rtexit.o(.ARM.Collect$$rtexit$$00000000))
<BR><BR>[Called By]<UL><LI><a href="#[91]">&gt;&gt;</a>&nbsp;&nbsp;&nbsp;exit
</UL>

<P><STRONG><a name="[92]"></a>__rt_exit_ls</STRONG> (Thumb, 0 bytes, Stack size unknown bytes, rtexit2.o(.ARM.Collect$$rtexit$$00000003))
<BR><BR>[Calls]<UL><LI><a href="#[93]">&gt;&gt;</a>&nbsp;&nbsp;&nbsp;__rt_lib_shutdown
</UL>

<P><STRONG><a name="[1c0]"></a>__rt_exit_prels_1</STRONG> (Thumb, 0 bytes, Stack size unknown bytes, rtexit2.o(.ARM.Collect$$rtexit$$00000002))

<P><STRONG><a name="[94]"></a>__rt_exit_exit</STRONG> (Thumb, 0 bytes, Stack size unknown bytes, rtexit2.o(.ARM.Collect$$rtexit$$00000004))
<BR><BR>[Calls]<UL><LI><a href="#[95]">&gt;&gt;</a>&nbsp;&nbsp;&nbsp;_sys_exit
</UL>

<P><STRONG><a name="[8f]"></a>_platform_post_lib_init</STRONG> (Thumb, 24 bytes, Stack size 0 bytes, rtx_conf_cm.o(.emb_text))
<BR><BR>[Stack]<UL><LI>Max Depth = 80 + Unknown Stack Size
<LI>Call Chain = _platform_post_lib_init &rArr; osKernelInitialize &rArr; svcKernelInitialize &rArr; svcThreadCreate &rArr; rt_tsk_create &rArr; rt_init_context &rArr; rt_init_stack
</UL>
<BR>[Calls]<UL><LI><a href="#[97]">&gt;&gt;</a>&nbsp;&nbsp;&nbsp;osThreadCreate
<LI><a href="#[98]">&gt;&gt;</a>&nbsp;&nbsp;&nbsp;osKernelStart
<LI><a href="#[96]">&gt;&gt;</a>&nbsp;&nbsp;&nbsp;osKernelInitialize
<LI><a href="#[91]">&gt;&gt;</a>&nbsp;&nbsp;&nbsp;exit
</UL>
<BR>[Called By]<UL><LI><a href="#[8e]">&gt;&gt;</a>&nbsp;&nbsp;&nbsp;__rt_entry_postli_1
</UL>

<P><STRONG><a name="[1c1]"></a>rt_set_PSP</STRONG> (Thumb, 6 bytes, Stack size 0 bytes, hal_cm4.o(.emb_text), UNUSED)

<P><STRONG><a name="[16c]"></a>rt_get_PSP</STRONG> (Thumb, 6 bytes, Stack size 0 bytes, hal_cm4.o(.emb_text))
<BR><BR>[Called By]<UL><LI><a href="#[16b]">&gt;&gt;</a>&nbsp;&nbsp;&nbsp;rt_tsk_delete
</UL>

<P><STRONG><a name="[1c2]"></a>os_set_env</STRONG> (Thumb, 24 bytes, Stack size 0 bytes, hal_cm4.o(.emb_text), UNUSED)

<P><STRONG><a name="[1c3]"></a>_alloc_box</STRONG> (Thumb, 28 bytes, Stack size 0 bytes, hal_cm4.o(.emb_text), UNUSED)

<P><STRONG><a name="[1c4]"></a>_free_box</STRONG> (Thumb, 28 bytes, Stack size 0 bytes, hal_cm4.o(.emb_text), UNUSED)

<P><STRONG><a name="[f]"></a>SVC_Handler</STRONG> (Thumb, 168 bytes, Stack size 0 bytes, hal_cm4.o(.emb_text))
<BR><BR>[Calls]<UL><LI><a href="#[99]">&gt;&gt;</a>&nbsp;&nbsp;&nbsp;rt_stk_check
</UL>
<BR>[Address Reference Count : 1]<UL><LI> arm_startup_nrf52.o(RESET)
</UL>
<P><STRONG><a name="[11]"></a>PendSV_Handler</STRONG> (Thumb, 96 bytes, Stack size 0 bytes, hal_cm4.o(.emb_text))
<BR><BR>[Stack]<UL><LI>Max Depth = 56<LI>Call Chain = PendSV_Handler &rArr; rt_pop_req &rArr; rt_mbx_psh &rArr; rt_ret_val2
</UL>
<BR>[Calls]<UL><LI><a href="#[99]">&gt;&gt;</a>&nbsp;&nbsp;&nbsp;rt_stk_check
<LI><a href="#[9a]">&gt;&gt;</a>&nbsp;&nbsp;&nbsp;rt_pop_req
</UL>
<BR>[Address Reference Count : 1]<UL><LI> arm_startup_nrf52.o(RESET)
</UL>
<P><STRONG><a name="[12]"></a>SysTick_Handler</STRONG> (Thumb, 8 bytes, Stack size 0 bytes, hal_cm4.o(.emb_text))
<BR><BR>[Stack]<UL><LI>Max Depth = 72<LI>Call Chain = SysTick_Handler &rArr; rt_systick &rArr; sysTimerTick &rArr; isrMessagePut &rArr; isr_mbx_send &rArr; rt_psq_enq
</UL>
<BR>[Calls]<UL><LI><a href="#[9b]">&gt;&gt;</a>&nbsp;&nbsp;&nbsp;rt_systick
</UL>
<BR>[Address Reference Count : 1]<UL><LI> arm_startup_nrf52.o(RESET)
</UL>
<P><STRONG><a name="[9c]"></a>OS_Tick_Handler</STRONG> (Thumb, 12 bytes, Stack size 0 bytes, hal_cm4.o(.emb_text), UNUSED)
<BR><BR>[Calls]<UL><LI><a href="#[9d]">&gt;&gt;</a>&nbsp;&nbsp;&nbsp;os_tick_irqack
<LI><a href="#[9b]">&gt;&gt;</a>&nbsp;&nbsp;&nbsp;rt_systick
</UL>

<P><STRONG><a name="[58]"></a>Reset_Handler</STRONG> (Thumb, 8 bytes, Stack size 0 bytes, arm_startup_nrf52.o(.text))

<P><STRONG><a name="[a]"></a>NMI_Handler</STRONG> (Thumb, 2 bytes, Stack size 0 bytes, arm_startup_nrf52.o(.text))
<BR><BR>[Calls]<UL><LI><a href="#[a]">&gt;&gt;</a>&nbsp;&nbsp;&nbsp;NMI_Handler
</UL>
<BR>[Called By]<UL><LI><a href="#[a]">&gt;&gt;</a>&nbsp;&nbsp;&nbsp;NMI_Handler
</UL>
<BR>[Address Reference Count : 1]<UL><LI> arm_startup_nrf52.o(RESET)
</UL>
<P><STRONG><a name="[b]"></a>HardFault_Handler</STRONG> (Thumb, 2 bytes, Stack size 0 bytes, arm_startup_nrf52.o(.text))
<BR><BR>[Calls]<UL><LI><a href="#[b]">&gt;&gt;</a>&nbsp;&nbsp;&nbsp;HardFault_Handler
</UL>
<BR>[Called By]<UL><LI><a href="#[b]">&gt;&gt;</a>&nbsp;&nbsp;&nbsp;HardFault_Handler
</UL>
<BR>[Address Reference Count : 1]<UL><LI> arm_startup_nrf52.o(RESET)
</UL>
<P><STRONG><a name="[c]"></a>MemoryManagement_Handler</STRONG> (Thumb, 2 bytes, Stack size 0 bytes, arm_startup_nrf52.o(.text))
<BR><BR>[Calls]<UL><LI><a href="#[c]">&gt;&gt;</a>&nbsp;&nbsp;&nbsp;MemoryManagement_Handler
</UL>
<BR>[Called By]<UL><LI><a href="#[c]">&gt;&gt;</a>&nbsp;&nbsp;&nbsp;MemoryManagement_Handler
</UL>
<BR>[Address Reference Count : 1]<UL><LI> arm_startup_nrf52.o(RESET)
</UL>
<P><STRONG><a name="[d]"></a>BusFault_Handler</STRONG> (Thumb, 2 bytes, Stack size 0 bytes, arm_startup_nrf52.o(.text))
<BR><BR>[Calls]<UL><LI><a href="#[d]">&gt;&gt;</a>&nbsp;&nbsp;&nbsp;BusFault_Handler
</UL>
<BR>[Called By]<UL><LI><a href="#[d]">&gt;&gt;</a>&nbsp;&nbsp;&nbsp;BusFault_Handler
</UL>
<BR>[Address Reference Count : 1]<UL><LI> arm_startup_nrf52.o(RESET)
</UL>
<P><STRONG><a name="[e]"></a>UsageFault_Handler</STRONG> (Thumb, 2 bytes, Stack size 0 bytes, arm_startup_nrf52.o(.text))
<BR><BR>[Calls]<UL><LI><a href="#[e]">&gt;&gt;</a>&nbsp;&nbsp;&nbsp;UsageFault_Handler
</UL>
<BR>[Called By]<UL><LI><a href="#[e]">&gt;&gt;</a>&nbsp;&nbsp;&nbsp;UsageFault_Handler
</UL>
<BR>[Address Reference Count : 1]<UL><LI> arm_startup_nrf52.o(RESET)
</UL>
<P><STRONG><a name="[10]"></a>DebugMon_Handler</STRONG> (Thumb, 2 bytes, Stack size 0 bytes, arm_startup_nrf52.o(.text))
<BR><BR>[Calls]<UL><LI><a href="#[10]">&gt;&gt;</a>&nbsp;&nbsp;&nbsp;DebugMon_Handler
</UL>
<BR>[Called By]<UL><LI><a href="#[10]">&gt;&gt;</a>&nbsp;&nbsp;&nbsp;DebugMon_Handler
</UL>
<BR>[Address Reference Count : 1]<UL><LI> arm_startup_nrf52.o(RESET)
</UL>
<P><STRONG><a name="[22]"></a>CCM_AAR_IRQHandler</STRONG> (Thumb, 0 bytes, Stack size 0 bytes, arm_startup_nrf52.o(.text))
<BR><BR>[Calls]<UL><LI><a href="#[22]">&gt;&gt;</a>&nbsp;&nbsp;&nbsp;CCM_AAR_IRQHandler
</UL>
<BR>[Called By]<UL><LI><a href="#[22]">&gt;&gt;</a>&nbsp;&nbsp;&nbsp;CCM_AAR_IRQHandler
</UL>
<BR>[Address Reference Count : 1]<UL><LI> arm_startup_nrf52.o(RESET)
</UL>
<P><STRONG><a name="[26]"></a>COMP_LPCOMP_IRQHandler</STRONG> (Thumb, 0 bytes, Stack size 0 bytes, arm_startup_nrf52.o(.text))
<BR>[Address Reference Count : 1]<UL><LI> arm_startup_nrf52.o(RESET)
</UL>
<P><STRONG><a name="[21]"></a>ECB_IRQHandler</STRONG> (Thumb, 0 bytes, Stack size 0 bytes, arm_startup_nrf52.o(.text))
<BR>[Address Reference Count : 1]<UL><LI> arm_startup_nrf52.o(RESET)
</UL>
<P><STRONG><a name="[37]"></a>FPU_IRQHandler</STRONG> (Thumb, 0 bytes, Stack size 0 bytes, arm_startup_nrf52.o(.text))
<BR>[Address Reference Count : 1]<UL><LI> arm_startup_nrf52.o(RESET)
</UL>
<P><STRONG><a name="[36]"></a>I2S_IRQHandler</STRONG> (Thumb, 0 bytes, Stack size 0 bytes, arm_startup_nrf52.o(.text))
<BR>[Address Reference Count : 1]<UL><LI> arm_startup_nrf52.o(RESET)
</UL>
<P><STRONG><a name="[31]"></a>MWU_IRQHandler</STRONG> (Thumb, 0 bytes, Stack size 0 bytes, arm_startup_nrf52.o(.text))
<BR>[Address Reference Count : 1]<UL><LI> arm_startup_nrf52.o(RESET)
</UL>
<P><STRONG><a name="[18]"></a>NFCT_IRQHandler</STRONG> (Thumb, 0 bytes, Stack size 0 bytes, arm_startup_nrf52.o(.text))
<BR>[Address Reference Count : 1]<UL><LI> arm_startup_nrf52.o(RESET)
</UL>
<P><STRONG><a name="[30]"></a>PDM_IRQHandler</STRONG> (Thumb, 0 bytes, Stack size 0 bytes, arm_startup_nrf52.o(.text))
<BR>[Address Reference Count : 1]<UL><LI> arm_startup_nrf52.o(RESET)
</UL>
<P><STRONG><a name="[13]"></a>POWER_CLOCK_IRQHandler</STRONG> (Thumb, 0 bytes, Stack size 0 bytes, arm_startup_nrf52.o(.text))
<BR>[Address Reference Count : 1]<UL><LI> arm_startup_nrf52.o(RESET)
</UL>
<P><STRONG><a name="[32]"></a>PWM1_IRQHandler</STRONG> (Thumb, 0 bytes, Stack size 0 bytes, arm_startup_nrf52.o(.text))
<BR>[Address Reference Count : 1]<UL><LI> arm_startup_nrf52.o(RESET)
</UL>
<P><STRONG><a name="[33]"></a>PWM2_IRQHandler</STRONG> (Thumb, 0 bytes, Stack size 0 bytes, arm_startup_nrf52.o(.text))
<BR>[Address Reference Count : 1]<UL><LI> arm_startup_nrf52.o(RESET)
</UL>
<P><STRONG><a name="[25]"></a>QDEC_IRQHandler</STRONG> (Thumb, 0 bytes, Stack size 0 bytes, arm_startup_nrf52.o(.text))
<BR>[Address Reference Count : 1]<UL><LI> arm_startup_nrf52.o(RESET)
</UL>
<P><STRONG><a name="[14]"></a>RADIO_IRQHandler</STRONG> (Thumb, 0 bytes, Stack size 0 bytes, arm_startup_nrf52.o(.text))
<BR>[Address Reference Count : 1]<UL><LI> arm_startup_nrf52.o(RESET)
</UL>
<P><STRONG><a name="[20]"></a>RNG_IRQHandler</STRONG> (Thumb, 0 bytes, Stack size 0 bytes, arm_startup_nrf52.o(.text))
<BR>[Address Reference Count : 1]<UL><LI> arm_startup_nrf52.o(RESET)
</UL>
<P><STRONG><a name="[1e]"></a>RTC0_IRQHandler</STRONG> (Thumb, 0 bytes, Stack size 0 bytes, arm_startup_nrf52.o(.text))
<BR>[Address Reference Count : 1]<UL><LI> arm_startup_nrf52.o(RESET)
</UL>
<P><STRONG><a name="[24]"></a>RTC1_IRQHandler</STRONG> (Thumb, 0 bytes, Stack size 0 bytes, arm_startup_nrf52.o(.text))
<BR>[Address Reference Count : 1]<UL><LI> arm_startup_nrf52.o(RESET)
</UL>
<P><STRONG><a name="[35]"></a>RTC2_IRQHandler</STRONG> (Thumb, 0 bytes, Stack size 0 bytes, arm_startup_nrf52.o(.text))
<BR>[Address Reference Count : 1]<UL><LI> arm_startup_nrf52.o(RESET)
</UL>
<P><STRONG><a name="[27]"></a>SWI0_EGU0_IRQHandler</STRONG> (Thumb, 0 bytes, Stack size 0 bytes, arm_startup_nrf52.o(.text))
<BR>[Address Reference Count : 1]<UL><LI> arm_startup_nrf52.o(RESET)
</UL>
<P><STRONG><a name="[28]"></a>SWI1_EGU1_IRQHandler</STRONG> (Thumb, 0 bytes, Stack size 0 bytes, arm_startup_nrf52.o(.text))
<BR>[Address Reference Count : 1]<UL><LI> arm_startup_nrf52.o(RESET)
</UL>
<P><STRONG><a name="[29]"></a>SWI2_EGU2_IRQHandler</STRONG> (Thumb, 0 bytes, Stack size 0 bytes, arm_startup_nrf52.o(.text))
<BR>[Address Reference Count : 1]<UL><LI> arm_startup_nrf52.o(RESET)
</UL>
<P><STRONG><a name="[2a]"></a>SWI3_EGU3_IRQHandler</STRONG> (Thumb, 0 bytes, Stack size 0 bytes, arm_startup_nrf52.o(.text))
<BR>[Address Reference Count : 1]<UL><LI> arm_startup_nrf52.o(RESET)
</UL>
<P><STRONG><a name="[2b]"></a>SWI4_EGU4_IRQHandler</STRONG> (Thumb, 0 bytes, Stack size 0 bytes, arm_startup_nrf52.o(.text))
<BR>[Address Reference Count : 1]<UL><LI> arm_startup_nrf52.o(RESET)
</UL>
<P><STRONG><a name="[2c]"></a>SWI5_EGU5_IRQHandler</STRONG> (Thumb, 0 bytes, Stack size 0 bytes, arm_startup_nrf52.o(.text))
<BR>[Address Reference Count : 1]<UL><LI> arm_startup_nrf52.o(RESET)
</UL>
<P><STRONG><a name="[1f]"></a>TEMP_IRQHandler</STRONG> (Thumb, 0 bytes, Stack size 0 bytes, arm_startup_nrf52.o(.text))
<BR>[Address Reference Count : 1]<UL><LI> arm_startup_nrf52.o(RESET)
</UL>
<P><STRONG><a name="[1d]"></a>TIMER2_IRQHandler</STRONG> (Thumb, 0 bytes, Stack size 0 bytes, arm_startup_nrf52.o(.text))
<BR>[Address Reference Count : 1]<UL><LI> arm_startup_nrf52.o(RESET)
</UL>
<P><STRONG><a name="[2d]"></a>TIMER3_IRQHandler</STRONG> (Thumb, 0 bytes, Stack size 0 bytes, arm_startup_nrf52.o(.text))
<BR>[Address Reference Count : 1]<UL><LI> arm_startup_nrf52.o(RESET)
</UL>
<P><STRONG><a name="[2e]"></a>TIMER4_IRQHandler</STRONG> (Thumb, 0 bytes, Stack size 0 bytes, arm_startup_nrf52.o(.text))
<BR>[Address Reference Count : 1]<UL><LI> arm_startup_nrf52.o(RESET)
</UL>
<P><STRONG><a name="[23]"></a>WDT_IRQHandler</STRONG> (Thumb, 0 bytes, Stack size 0 bytes, arm_startup_nrf52.o(.text))
<BR>[Address Reference Count : 1]<UL><LI> arm_startup_nrf52.o(RESET)
</UL>
<P><STRONG><a name="[5c]"></a>__user_initial_stackheap</STRONG> (Thumb, 10 bytes, Stack size 0 bytes, arm_startup_nrf52.o(.text))
<BR><BR>[Called By]<UL><LI><a href="#[8b]">&gt;&gt;</a>&nbsp;&nbsp;&nbsp;__user_setup_stackheap
</UL>

<P><STRONG><a name="[1c5]"></a>__user_libspace</STRONG> (Thumb, 8 bytes, Stack size 0 bytes, libspace.o(.text), UNUSED)

<P><STRONG><a name="[c0]"></a>__user_perproc_libspace</STRONG> (Thumb, 0 bytes, Stack size 0 bytes, libspace.o(.text))
<BR><BR>[Called By]<UL><LI><a href="#[86]">&gt;&gt;</a>&nbsp;&nbsp;&nbsp;__rt_locale
<LI><a href="#[8b]">&gt;&gt;</a>&nbsp;&nbsp;&nbsp;__user_setup_stackheap
</UL>

<P><STRONG><a name="[170]"></a>__aeabi_llsr</STRONG> (Thumb, 0 bytes, Stack size 0 bytes, llushr.o(.text))
<BR><BR>[Called By]<UL><LI><a href="#[eb]">&gt;&gt;</a>&nbsp;&nbsp;&nbsp;saadc_sampling_event_init
</UL>

<P><STRONG><a name="[1c6]"></a>_ll_ushift_r</STRONG> (Thumb, 38 bytes, Stack size 0 bytes, llushr.o(.text), UNUSED)

<P><STRONG><a name="[9e]"></a>vsnprintf</STRONG> (Thumb, 48 bytes, Stack size 24 bytes, vsnprintf.o(.text))
<BR><BR>[Stack]<UL><LI>Max Depth = 128 + Unknown Stack Size
<LI>Call Chain = vsnprintf &rArr; _printf_char_common &rArr; __printf
</UL>
<BR>[Calls]<UL><LI><a href="#[a0]">&gt;&gt;</a>&nbsp;&nbsp;&nbsp;_sputc
<LI><a href="#[9f]">&gt;&gt;</a>&nbsp;&nbsp;&nbsp;_printf_char_common
</UL>
<BR>[Called By]<UL><LI><a href="#[d0]">&gt;&gt;</a>&nbsp;&nbsp;&nbsp;PrintServerPrintf
</UL>

<P><STRONG><a name="[91]"></a>exit</STRONG> (Thumb, 18 bytes, Stack size 8 bytes, exit.o(.text))
<BR><BR>[Stack]<UL><LI>Max Depth = 8 + Unknown Stack Size
<LI>Call Chain = exit
</UL>
<BR>[Calls]<UL><LI><a href="#[a1]">&gt;&gt;</a>&nbsp;&nbsp;&nbsp;__rt_exit
</UL>
<BR>[Called By]<UL><LI><a href="#[8f]">&gt;&gt;</a>&nbsp;&nbsp;&nbsp;_platform_post_lib_init
<LI><a href="#[90]">&gt;&gt;</a>&nbsp;&nbsp;&nbsp;__rt_entry_main
</UL>

<P><STRONG><a name="[e3]"></a>strlen</STRONG> (Thumb, 62 bytes, Stack size 8 bytes, strlen.o(.text))
<BR><BR>[Stack]<UL><LI>Max Depth = 8<LI>Call Chain = strlen
</UL>
<BR>[Called By]<UL><LI><a href="#[52]">&gt;&gt;</a>&nbsp;&nbsp;&nbsp;PrintServer
</UL>

<P><STRONG><a name="[e7]"></a>__aeabi_memcpy4</STRONG> (Thumb, 0 bytes, Stack size 8 bytes, rt_memcpy_w.o(.text))
<BR><BR>[Stack]<UL><LI>Max Depth = 8<LI>Call Chain = __aeabi_memcpy4
</UL>
<BR>[Called By]<UL><LI><a href="#[12a]">&gt;&gt;</a>&nbsp;&nbsp;&nbsp;nrfx_twi_rx
<LI><a href="#[e5]">&gt;&gt;</a>&nbsp;&nbsp;&nbsp;PrintServerInit
<LI><a href="#[141]">&gt;&gt;</a>&nbsp;&nbsp;&nbsp;twi_xfer
<LI><a href="#[f0]">&gt;&gt;</a>&nbsp;&nbsp;&nbsp;twi_irq_handler
</UL>

<P><STRONG><a name="[1c7]"></a>__aeabi_memcpy8</STRONG> (Thumb, 0 bytes, Stack size 8 bytes, rt_memcpy_w.o(.text), UNUSED)

<P><STRONG><a name="[1c8]"></a>__rt_memcpy_w</STRONG> (Thumb, 100 bytes, Stack size 8 bytes, rt_memcpy_w.o(.text), UNUSED)

<P><STRONG><a name="[1c9]"></a>_memcpy_lastbytes_aligned</STRONG> (Thumb, 0 bytes, Stack size unknown bytes, rt_memcpy_w.o(.text), UNUSED)

<P><STRONG><a name="[140]"></a>__aeabi_memclr4</STRONG> (Thumb, 0 bytes, Stack size 4 bytes, rt_memclr_w.o(.text))
<BR><BR>[Stack]<UL><LI>Max Depth = 4<LI>Call Chain = __aeabi_memclr4
</UL>
<BR>[Called By]<UL><LI><a href="#[12e]">&gt;&gt;</a>&nbsp;&nbsp;&nbsp;nrfx_twi_tx
</UL>

<P><STRONG><a name="[1ca]"></a>__aeabi_memclr8</STRONG> (Thumb, 0 bytes, Stack size 4 bytes, rt_memclr_w.o(.text), UNUSED)

<P><STRONG><a name="[1cb]"></a>__rt_memclr_w</STRONG> (Thumb, 78 bytes, Stack size 4 bytes, rt_memclr_w.o(.text), UNUSED)

<P><STRONG><a name="[1cc]"></a>_memset_w</STRONG> (Thumb, 0 bytes, Stack size unknown bytes, rt_memclr_w.o(.text), UNUSED)

<P><STRONG><a name="[1cd]"></a>__use_two_region_memory</STRONG> (Thumb, 2 bytes, Stack size 0 bytes, heapauxi.o(.text), UNUSED)

<P><STRONG><a name="[2]"></a>__rt_heap_escrow</STRONG> (Thumb, 2 bytes, Stack size 0 bytes, heapauxi.o(.text), UNUSED)

<P><STRONG><a name="[1]"></a>__rt_heap_expand</STRONG> (Thumb, 2 bytes, Stack size 0 bytes, heapauxi.o(.text), UNUSED)

<P><STRONG><a name="[a2]"></a>__read_errno</STRONG> (Thumb, 10 bytes, Stack size 8 bytes, _rserrno.o(.text), UNUSED)
<BR><BR>[Calls]<UL><LI><a href="#[a3]">&gt;&gt;</a>&nbsp;&nbsp;&nbsp;__aeabi_errno_addr
</UL>

<P><STRONG><a name="[a4]"></a>__set_errno</STRONG> (Thumb, 12 bytes, Stack size 8 bytes, _rserrno.o(.text))
<BR><BR>[Stack]<UL><LI>Max Depth = 16<LI>Call Chain = __set_errno &rArr; __aeabi_errno_addr &rArr; __user_perthread_libspace
</UL>
<BR>[Calls]<UL><LI><a href="#[a3]">&gt;&gt;</a>&nbsp;&nbsp;&nbsp;__aeabi_errno_addr
</UL>
<BR>[Called By]<UL><LI><a href="#[d2]">&gt;&gt;</a>&nbsp;&nbsp;&nbsp;__hardfp_sin
<LI><a href="#[d8]">&gt;&gt;</a>&nbsp;&nbsp;&nbsp;__hardfp_asin
<LI><a href="#[10a]">&gt;&gt;</a>&nbsp;&nbsp;&nbsp;sqrt
</UL>

<P><STRONG><a name="[a6]"></a>_printf_pre_padding</STRONG> (Thumb, 44 bytes, Stack size 16 bytes, _printf_pad.o(.text))
<BR><BR>[Stack]<UL><LI>Max Depth = 16<LI>Call Chain = _printf_pre_padding
</UL>
<BR>[Called By]<UL><LI><a href="#[bb]">&gt;&gt;</a>&nbsp;&nbsp;&nbsp;_printf_fp_infnan
<LI><a href="#[bc]">&gt;&gt;</a>&nbsp;&nbsp;&nbsp;_printf_fp_hex_real
<LI><a href="#[b9]">&gt;&gt;</a>&nbsp;&nbsp;&nbsp;_printf_fp_dec_real
<LI><a href="#[aa]">&gt;&gt;</a>&nbsp;&nbsp;&nbsp;_printf_int_common
<LI><a href="#[ac]">&gt;&gt;</a>&nbsp;&nbsp;&nbsp;_printf_wctomb
<LI><a href="#[a5]">&gt;&gt;</a>&nbsp;&nbsp;&nbsp;_printf_str
</UL>

<P><STRONG><a name="[a7]"></a>_printf_post_padding</STRONG> (Thumb, 34 bytes, Stack size 16 bytes, _printf_pad.o(.text))
<BR><BR>[Stack]<UL><LI>Max Depth = 16<LI>Call Chain = _printf_post_padding
</UL>
<BR>[Called By]<UL><LI><a href="#[bb]">&gt;&gt;</a>&nbsp;&nbsp;&nbsp;_printf_fp_infnan
<LI><a href="#[bc]">&gt;&gt;</a>&nbsp;&nbsp;&nbsp;_printf_fp_hex_real
<LI><a href="#[b9]">&gt;&gt;</a>&nbsp;&nbsp;&nbsp;_printf_fp_dec_real
<LI><a href="#[aa]">&gt;&gt;</a>&nbsp;&nbsp;&nbsp;_printf_int_common
<LI><a href="#[ac]">&gt;&gt;</a>&nbsp;&nbsp;&nbsp;_printf_wctomb
<LI><a href="#[a5]">&gt;&gt;</a>&nbsp;&nbsp;&nbsp;_printf_str
</UL>

<P><STRONG><a name="[a8]"></a>_printf_truncate_signed</STRONG> (Thumb, 18 bytes, Stack size 0 bytes, _printf_truncate.o(.text))
<BR><BR>[Called By]<UL><LI><a href="#[6c]">&gt;&gt;</a>&nbsp;&nbsp;&nbsp;_printf_int_dec
</UL>

<P><STRONG><a name="[a9]"></a>_printf_truncate_unsigned</STRONG> (Thumb, 18 bytes, Stack size 0 bytes, _printf_truncate.o(.text))
<BR><BR>[Called By]<UL><LI><a href="#[72]">&gt;&gt;</a>&nbsp;&nbsp;&nbsp;_printf_int_hex
<LI><a href="#[70]">&gt;&gt;</a>&nbsp;&nbsp;&nbsp;_printf_int_oct
<LI><a href="#[6c]">&gt;&gt;</a>&nbsp;&nbsp;&nbsp;_printf_int_dec
</UL>

<P><STRONG><a name="[a5]"></a>_printf_str</STRONG> (Thumb, 82 bytes, Stack size 16 bytes, _printf_str.o(.text))
<BR><BR>[Stack]<UL><LI>Max Depth = 32<LI>Call Chain = _printf_str &rArr; _printf_post_padding
</UL>
<BR>[Calls]<UL><LI><a href="#[a7]">&gt;&gt;</a>&nbsp;&nbsp;&nbsp;_printf_post_padding
<LI><a href="#[a6]">&gt;&gt;</a>&nbsp;&nbsp;&nbsp;_printf_pre_padding
</UL>
<BR>[Called By]<UL><LI><a href="#[bd]">&gt;&gt;</a>&nbsp;&nbsp;&nbsp;_printf_cs_common
</UL>

<P><STRONG><a name="[6c]"></a>_printf_int_dec</STRONG> (Thumb, 104 bytes, Stack size 24 bytes, _printf_dec.o(.text))
<BR><BR>[Stack]<UL><LI>Max Depth = 72<LI>Call Chain = _printf_int_dec &rArr; _printf_int_common &rArr; _printf_post_padding
</UL>
<BR>[Calls]<UL><LI><a href="#[aa]">&gt;&gt;</a>&nbsp;&nbsp;&nbsp;_printf_int_common
<LI><a href="#[a9]">&gt;&gt;</a>&nbsp;&nbsp;&nbsp;_printf_truncate_unsigned
<LI><a href="#[a8]">&gt;&gt;</a>&nbsp;&nbsp;&nbsp;_printf_truncate_signed
</UL>
<BR>[Called By]<UL><LI><a href="#[6e]">&gt;&gt;</a>&nbsp;&nbsp;&nbsp;_printf_u
<LI><a href="#[6d]">&gt;&gt;</a>&nbsp;&nbsp;&nbsp;_printf_d
<LI><a href="#[6b]">&gt;&gt;</a>&nbsp;&nbsp;&nbsp;_printf_i
</UL>

<P><STRONG><a name="[62]"></a>_printf_charcount</STRONG> (Thumb, 40 bytes, Stack size 0 bytes, _printf_charcount.o(.text))
<BR><BR>[Called By]<UL><LI><a href="#[61]">&gt;&gt;</a>&nbsp;&nbsp;&nbsp;_printf_n
</UL>

<P><STRONG><a name="[9f]"></a>_printf_char_common</STRONG> (Thumb, 32 bytes, Stack size 64 bytes, _printf_char_common.o(.text))
<BR><BR>[Stack]<UL><LI>Max Depth = 104 + Unknown Stack Size
<LI>Call Chain = _printf_char_common &rArr; __printf
</UL>
<BR>[Calls]<UL><LI><a href="#[ab]">&gt;&gt;</a>&nbsp;&nbsp;&nbsp;__printf
</UL>
<BR>[Called By]<UL><LI><a href="#[9e]">&gt;&gt;</a>&nbsp;&nbsp;&nbsp;vsnprintf
</UL>

<P><STRONG><a name="[a0]"></a>_sputc</STRONG> (Thumb, 10 bytes, Stack size 0 bytes, _sputc.o(.text))
<BR><BR>[Called By]<UL><LI><a href="#[9e]">&gt;&gt;</a>&nbsp;&nbsp;&nbsp;vsnprintf
</UL>

<P><STRONG><a name="[3c]"></a>_snputc</STRONG> (Thumb, 16 bytes, Stack size 0 bytes, _snputc.o(.text))
<BR>[Address Reference Count : 1]<UL><LI> vsnprintf.o(.text)
</UL>
<P><STRONG><a name="[ac]"></a>_printf_wctomb</STRONG> (Thumb, 182 bytes, Stack size 56 bytes, _printf_wctomb.o(.text))
<BR><BR>[Stack]<UL><LI>Max Depth = 88<LI>Call Chain = _printf_wctomb &rArr; _wcrtomb &rArr; __rt_ctype_table &rArr; __rt_locale
</UL>
<BR>[Calls]<UL><LI><a href="#[ad]">&gt;&gt;</a>&nbsp;&nbsp;&nbsp;_wcrtomb
<LI><a href="#[a7]">&gt;&gt;</a>&nbsp;&nbsp;&nbsp;_printf_post_padding
<LI><a href="#[a6]">&gt;&gt;</a>&nbsp;&nbsp;&nbsp;_printf_pre_padding
</UL>
<BR>[Called By]<UL><LI><a href="#[be]">&gt;&gt;</a>&nbsp;&nbsp;&nbsp;_printf_lcs_common
</UL>

<P><STRONG><a name="[74]"></a>_printf_longlong_dec</STRONG> (Thumb, 108 bytes, Stack size 24 bytes, _printf_longlong_dec.o(.text))
<BR><BR>[Stack]<UL><LI>Max Depth = 72<LI>Call Chain = _printf_longlong_dec &rArr; _printf_int_common &rArr; _printf_post_padding
</UL>
<BR>[Calls]<UL><LI><a href="#[aa]">&gt;&gt;</a>&nbsp;&nbsp;&nbsp;_printf_int_common
<LI><a href="#[ae]">&gt;&gt;</a>&nbsp;&nbsp;&nbsp;_ll_udiv10
</UL>
<BR>[Called By]<UL><LI><a href="#[76]">&gt;&gt;</a>&nbsp;&nbsp;&nbsp;_printf_llu
<LI><a href="#[75]">&gt;&gt;</a>&nbsp;&nbsp;&nbsp;_printf_lld
<LI><a href="#[73]">&gt;&gt;</a>&nbsp;&nbsp;&nbsp;_printf_lli
</UL>

<P><STRONG><a name="[af]"></a>_printf_longlong_oct</STRONG> (Thumb, 66 bytes, Stack size 8 bytes, _printf_oct_int_ll.o(.text))
<BR><BR>[Stack]<UL><LI>Max Depth = 56<LI>Call Chain = _printf_longlong_oct &rArr; _printf_int_common &rArr; _printf_post_padding
</UL>
<BR>[Calls]<UL><LI><a href="#[aa]">&gt;&gt;</a>&nbsp;&nbsp;&nbsp;_printf_int_common
</UL>
<BR>[Called By]<UL><LI><a href="#[78]">&gt;&gt;</a>&nbsp;&nbsp;&nbsp;_printf_ll_oct
<LI><a href="#[70]">&gt;&gt;</a>&nbsp;&nbsp;&nbsp;_printf_int_oct
</UL>

<P><STRONG><a name="[70]"></a>_printf_int_oct</STRONG> (Thumb, 24 bytes, Stack size 8 bytes, _printf_oct_int_ll.o(.text))
<BR><BR>[Stack]<UL><LI>Max Depth = 64<LI>Call Chain = _printf_int_oct &rArr; _printf_longlong_oct &rArr; _printf_int_common &rArr; _printf_post_padding
</UL>
<BR>[Calls]<UL><LI><a href="#[af]">&gt;&gt;</a>&nbsp;&nbsp;&nbsp;_printf_longlong_oct
<LI><a href="#[a9]">&gt;&gt;</a>&nbsp;&nbsp;&nbsp;_printf_truncate_unsigned
</UL>
<BR>[Called By]<UL><LI><a href="#[6f]">&gt;&gt;</a>&nbsp;&nbsp;&nbsp;_printf_o
</UL>

<P><STRONG><a name="[78]"></a>_printf_ll_oct</STRONG> (Thumb, 12 bytes, Stack size 0 bytes, _printf_oct_int_ll.o(.text))
<BR><BR>[Stack]<UL><LI>Max Depth = 56<LI>Call Chain = _printf_ll_oct &rArr; _printf_longlong_oct &rArr; _printf_int_common &rArr; _printf_post_padding
</UL>
<BR>[Calls]<UL><LI><a href="#[af]">&gt;&gt;</a>&nbsp;&nbsp;&nbsp;_printf_longlong_oct
</UL>
<BR>[Called By]<UL><LI><a href="#[77]">&gt;&gt;</a>&nbsp;&nbsp;&nbsp;_printf_llo
</UL>

<P><STRONG><a name="[b0]"></a>_printf_longlong_hex</STRONG> (Thumb, 86 bytes, Stack size 16 bytes, _printf_hex_int_ll_ptr.o(.text))
<BR><BR>[Stack]<UL><LI>Max Depth = 64<LI>Call Chain = _printf_longlong_hex &rArr; _printf_int_common &rArr; _printf_post_padding
</UL>
<BR>[Calls]<UL><LI><a href="#[aa]">&gt;&gt;</a>&nbsp;&nbsp;&nbsp;_printf_int_common
</UL>
<BR>[Called By]<UL><LI><a href="#[64]">&gt;&gt;</a>&nbsp;&nbsp;&nbsp;_printf_hex_ptr
<LI><a href="#[7a]">&gt;&gt;</a>&nbsp;&nbsp;&nbsp;_printf_ll_hex
<LI><a href="#[72]">&gt;&gt;</a>&nbsp;&nbsp;&nbsp;_printf_int_hex
</UL>

<P><STRONG><a name="[72]"></a>_printf_int_hex</STRONG> (Thumb, 28 bytes, Stack size 16 bytes, _printf_hex_int_ll_ptr.o(.text))
<BR><BR>[Stack]<UL><LI>Max Depth = 80<LI>Call Chain = _printf_int_hex &rArr; _printf_longlong_hex &rArr; _printf_int_common &rArr; _printf_post_padding
</UL>
<BR>[Calls]<UL><LI><a href="#[b0]">&gt;&gt;</a>&nbsp;&nbsp;&nbsp;_printf_longlong_hex
<LI><a href="#[a9]">&gt;&gt;</a>&nbsp;&nbsp;&nbsp;_printf_truncate_unsigned
</UL>
<BR>[Called By]<UL><LI><a href="#[71]">&gt;&gt;</a>&nbsp;&nbsp;&nbsp;_printf_x
</UL>

<P><STRONG><a name="[7a]"></a>_printf_ll_hex</STRONG> (Thumb, 12 bytes, Stack size 0 bytes, _printf_hex_int_ll_ptr.o(.text))
<BR><BR>[Stack]<UL><LI>Max Depth = 64<LI>Call Chain = _printf_ll_hex &rArr; _printf_longlong_hex &rArr; _printf_int_common &rArr; _printf_post_padding
</UL>
<BR>[Calls]<UL><LI><a href="#[b0]">&gt;&gt;</a>&nbsp;&nbsp;&nbsp;_printf_longlong_hex
</UL>
<BR>[Called By]<UL><LI><a href="#[79]">&gt;&gt;</a>&nbsp;&nbsp;&nbsp;_printf_llx
</UL>

<P><STRONG><a name="[64]"></a>_printf_hex_ptr</STRONG> (Thumb, 18 bytes, Stack size 0 bytes, _printf_hex_int_ll_ptr.o(.text))
<BR><BR>[Stack]<UL><LI>Max Depth = 64<LI>Call Chain = _printf_hex_ptr &rArr; _printf_longlong_hex &rArr; _printf_int_common &rArr; _printf_post_padding
</UL>
<BR>[Calls]<UL><LI><a href="#[b0]">&gt;&gt;</a>&nbsp;&nbsp;&nbsp;_printf_longlong_hex
</UL>
<BR>[Called By]<UL><LI><a href="#[63]">&gt;&gt;</a>&nbsp;&nbsp;&nbsp;_printf_p
</UL>

<P><STRONG><a name="[ab]"></a>__printf</STRONG> (Thumb, 388 bytes, Stack size 40 bytes, __printf_flags_ss_wp.o(.text))
<BR><BR>[Stack]<UL><LI>Max Depth = 40 + Unknown Stack Size
<LI>Call Chain = __printf
</UL>
<BR>[Calls]<UL><LI><a href="#[b2]">&gt;&gt;</a>&nbsp;&nbsp;&nbsp;_printf_percent
<LI><a href="#[b1]">&gt;&gt;</a>&nbsp;&nbsp;&nbsp;_is_digit
</UL>
<BR>[Called By]<UL><LI><a href="#[9f]">&gt;&gt;</a>&nbsp;&nbsp;&nbsp;_printf_char_common
</UL>

<P><STRONG><a name="[a3]"></a>__aeabi_errno_addr</STRONG> (Thumb, 4 bytes, Stack size 0 bytes, rt_errno_addr_twolibspace.o(.text))
<BR><BR>[Stack]<UL><LI>Max Depth = 8<LI>Call Chain = __aeabi_errno_addr &rArr; __user_perthread_libspace
</UL>
<BR>[Calls]<UL><LI><a href="#[b3]">&gt;&gt;</a>&nbsp;&nbsp;&nbsp;__user_perthread_libspace
</UL>
<BR>[Called By]<UL><LI><a href="#[a4]">&gt;&gt;</a>&nbsp;&nbsp;&nbsp;__set_errno
<LI><a href="#[a2]">&gt;&gt;</a>&nbsp;&nbsp;&nbsp;__read_errno
</UL>

<P><STRONG><a name="[1ce]"></a>__errno$twolibspace</STRONG> (Thumb, 0 bytes, Stack size 0 bytes, rt_errno_addr_twolibspace.o(.text), UNUSED)

<P><STRONG><a name="[1cf]"></a>__rt_errno_addr$twolibspace</STRONG> (Thumb, 0 bytes, Stack size 0 bytes, rt_errno_addr_twolibspace.o(.text), UNUSED)

<P><STRONG><a name="[ae]"></a>_ll_udiv10</STRONG> (Thumb, 138 bytes, Stack size 12 bytes, lludiv10.o(.text))
<BR><BR>[Stack]<UL><LI>Max Depth = 12<LI>Call Chain = _ll_udiv10
</UL>
<BR>[Called By]<UL><LI><a href="#[b4]">&gt;&gt;</a>&nbsp;&nbsp;&nbsp;_fp_digits
<LI><a href="#[74]">&gt;&gt;</a>&nbsp;&nbsp;&nbsp;_printf_longlong_dec
</UL>

<P><STRONG><a name="[aa]"></a>_printf_int_common</STRONG> (Thumb, 178 bytes, Stack size 32 bytes, _printf_intcommon.o(.text))
<BR><BR>[Stack]<UL><LI>Max Depth = 48<LI>Call Chain = _printf_int_common &rArr; _printf_post_padding
</UL>
<BR>[Calls]<UL><LI><a href="#[a7]">&gt;&gt;</a>&nbsp;&nbsp;&nbsp;_printf_post_padding
<LI><a href="#[a6]">&gt;&gt;</a>&nbsp;&nbsp;&nbsp;_printf_pre_padding
</UL>
<BR>[Called By]<UL><LI><a href="#[b0]">&gt;&gt;</a>&nbsp;&nbsp;&nbsp;_printf_longlong_hex
<LI><a href="#[af]">&gt;&gt;</a>&nbsp;&nbsp;&nbsp;_printf_longlong_oct
<LI><a href="#[74]">&gt;&gt;</a>&nbsp;&nbsp;&nbsp;_printf_longlong_dec
<LI><a href="#[6c]">&gt;&gt;</a>&nbsp;&nbsp;&nbsp;_printf_int_dec
</UL>

<P><STRONG><a name="[1d0]"></a>__lib_sel_fp_printf</STRONG> (Thumb, 2 bytes, Stack size 0 bytes, _printf_fp_dec.o(.text), UNUSED)

<P><STRONG><a name="[b9]"></a>_printf_fp_dec_real</STRONG> (Thumb, 620 bytes, Stack size 104 bytes, _printf_fp_dec.o(.text))
<BR><BR>[Stack]<UL><LI>Max Depth = 324<LI>Call Chain = _printf_fp_dec_real &rArr; _fp_digits &rArr; _btod_etento &rArr; _btod_emul &rArr; _e2e
</UL>
<BR>[Calls]<UL><LI><a href="#[bb]">&gt;&gt;</a>&nbsp;&nbsp;&nbsp;_printf_fp_infnan
<LI><a href="#[86]">&gt;&gt;</a>&nbsp;&nbsp;&nbsp;__rt_locale
<LI><a href="#[b4]">&gt;&gt;</a>&nbsp;&nbsp;&nbsp;_fp_digits
<LI><a href="#[ba]">&gt;&gt;</a>&nbsp;&nbsp;&nbsp;__ARM_fpclassify
<LI><a href="#[a7]">&gt;&gt;</a>&nbsp;&nbsp;&nbsp;_printf_post_padding
<LI><a href="#[a6]">&gt;&gt;</a>&nbsp;&nbsp;&nbsp;_printf_pre_padding
</UL>
<BR>[Called By]<UL><LI><a href="#[66]">&gt;&gt;</a>&nbsp;&nbsp;&nbsp;_printf_fp_dec
</UL>

<P><STRONG><a name="[bc]"></a>_printf_fp_hex_real</STRONG> (Thumb, 756 bytes, Stack size 72 bytes, _printf_fp_hex.o(.text))
<BR><BR>[Stack]<UL><LI>Max Depth = 112<LI>Call Chain = _printf_fp_hex_real &rArr; _printf_fp_infnan &rArr; _printf_post_padding
</UL>
<BR>[Calls]<UL><LI><a href="#[bb]">&gt;&gt;</a>&nbsp;&nbsp;&nbsp;_printf_fp_infnan
<LI><a href="#[ba]">&gt;&gt;</a>&nbsp;&nbsp;&nbsp;__ARM_fpclassify
<LI><a href="#[a7]">&gt;&gt;</a>&nbsp;&nbsp;&nbsp;_printf_post_padding
<LI><a href="#[a6]">&gt;&gt;</a>&nbsp;&nbsp;&nbsp;_printf_pre_padding
</UL>
<BR>[Called By]<UL><LI><a href="#[6a]">&gt;&gt;</a>&nbsp;&nbsp;&nbsp;_printf_fp_hex
</UL>

<P><STRONG><a name="[bd]"></a>_printf_cs_common</STRONG> (Thumb, 20 bytes, Stack size 8 bytes, _printf_char.o(.text))
<BR><BR>[Stack]<UL><LI>Max Depth = 40<LI>Call Chain = _printf_cs_common &rArr; _printf_str &rArr; _printf_post_padding
</UL>
<BR>[Calls]<UL><LI><a href="#[a5]">&gt;&gt;</a>&nbsp;&nbsp;&nbsp;_printf_str
</UL>
<BR>[Called By]<UL><LI><a href="#[7e]">&gt;&gt;</a>&nbsp;&nbsp;&nbsp;_printf_string
<LI><a href="#[7c]">&gt;&gt;</a>&nbsp;&nbsp;&nbsp;_printf_char
</UL>

<P><STRONG><a name="[7c]"></a>_printf_char</STRONG> (Thumb, 16 bytes, Stack size 0 bytes, _printf_char.o(.text))
<BR><BR>[Stack]<UL><LI>Max Depth = 40<LI>Call Chain = _printf_char &rArr; _printf_cs_common &rArr; _printf_str &rArr; _printf_post_padding
</UL>
<BR>[Calls]<UL><LI><a href="#[bd]">&gt;&gt;</a>&nbsp;&nbsp;&nbsp;_printf_cs_common
</UL>
<BR>[Called By]<UL><LI><a href="#[7b]">&gt;&gt;</a>&nbsp;&nbsp;&nbsp;_printf_c
</UL>

<P><STRONG><a name="[7e]"></a>_printf_string</STRONG> (Thumb, 8 bytes, Stack size 0 bytes, _printf_char.o(.text))
<BR><BR>[Stack]<UL><LI>Max Depth = 40<LI>Call Chain = _printf_string &rArr; _printf_cs_common &rArr; _printf_str &rArr; _printf_post_padding
</UL>
<BR>[Calls]<UL><LI><a href="#[bd]">&gt;&gt;</a>&nbsp;&nbsp;&nbsp;_printf_cs_common
</UL>
<BR>[Called By]<UL><LI><a href="#[7d]">&gt;&gt;</a>&nbsp;&nbsp;&nbsp;_printf_s
</UL>

<P><STRONG><a name="[be]"></a>_printf_lcs_common</STRONG> (Thumb, 20 bytes, Stack size 8 bytes, _printf_wchar.o(.text))
<BR><BR>[Stack]<UL><LI>Max Depth = 96<LI>Call Chain = _printf_lcs_common &rArr; _printf_wctomb &rArr; _wcrtomb &rArr; __rt_ctype_table &rArr; __rt_locale
</UL>
<BR>[Calls]<UL><LI><a href="#[ac]">&gt;&gt;</a>&nbsp;&nbsp;&nbsp;_printf_wctomb
</UL>
<BR>[Called By]<UL><LI><a href="#[82]">&gt;&gt;</a>&nbsp;&nbsp;&nbsp;_printf_wstring
<LI><a href="#[80]">&gt;&gt;</a>&nbsp;&nbsp;&nbsp;_printf_wchar
</UL>

<P><STRONG><a name="[80]"></a>_printf_wchar</STRONG> (Thumb, 16 bytes, Stack size 0 bytes, _printf_wchar.o(.text))
<BR><BR>[Stack]<UL><LI>Max Depth = 96<LI>Call Chain = _printf_wchar &rArr; _printf_lcs_common &rArr; _printf_wctomb &rArr; _wcrtomb &rArr; __rt_ctype_table &rArr; __rt_locale
</UL>
<BR>[Calls]<UL><LI><a href="#[be]">&gt;&gt;</a>&nbsp;&nbsp;&nbsp;_printf_lcs_common
</UL>
<BR>[Called By]<UL><LI><a href="#[7f]">&gt;&gt;</a>&nbsp;&nbsp;&nbsp;_printf_lc
</UL>

<P><STRONG><a name="[82]"></a>_printf_wstring</STRONG> (Thumb, 8 bytes, Stack size 0 bytes, _printf_wchar.o(.text))
<BR><BR>[Stack]<UL><LI>Max Depth = 96<LI>Call Chain = _printf_wstring &rArr; _printf_lcs_common &rArr; _printf_wctomb &rArr; _wcrtomb &rArr; __rt_ctype_table &rArr; __rt_locale
</UL>
<BR>[Calls]<UL><LI><a href="#[be]">&gt;&gt;</a>&nbsp;&nbsp;&nbsp;_printf_lcs_common
</UL>
<BR>[Called By]<UL><LI><a href="#[81]">&gt;&gt;</a>&nbsp;&nbsp;&nbsp;_printf_ls
</UL>

<P><STRONG><a name="[ad]"></a>_wcrtomb</STRONG> (Thumb, 64 bytes, Stack size 16 bytes, _wcrtomb.o(.text))
<BR><BR>[Stack]<UL><LI>Max Depth = 32<LI>Call Chain = _wcrtomb &rArr; __rt_ctype_table &rArr; __rt_locale
</UL>
<BR>[Calls]<UL><LI><a href="#[bf]">&gt;&gt;</a>&nbsp;&nbsp;&nbsp;__rt_ctype_table
</UL>
<BR>[Called By]<UL><LI><a href="#[ac]">&gt;&gt;</a>&nbsp;&nbsp;&nbsp;_printf_wctomb
</UL>

<P><STRONG><a name="[95]"></a>_sys_exit</STRONG> (Thumb, 8 bytes, Stack size 0 bytes, sys_exit.o(.text))
<BR><BR>[Called By]<UL><LI><a href="#[94]">&gt;&gt;</a>&nbsp;&nbsp;&nbsp;__rt_exit_exit
</UL>

<P><STRONG><a name="[1d1]"></a>__I$use$semihosting</STRONG> (Thumb, 0 bytes, Stack size 0 bytes, use_no_semi.o(.text), UNUSED)

<P><STRONG><a name="[1d2]"></a>__use_no_semihosting_swi</STRONG> (Thumb, 2 bytes, Stack size 0 bytes, use_no_semi.o(.text), UNUSED)

<P><STRONG><a name="[1d3]"></a>__semihosting_library_function</STRONG> (Thumb, 0 bytes, Stack size 8 bytes, indicate_semi.o(.text), UNUSED)

<P><STRONG><a name="[8b]"></a>__user_setup_stackheap</STRONG> (Thumb, 74 bytes, Stack size 8 bytes, sys_stackheap_outer.o(.text))
<BR><BR>[Stack]<UL><LI>Max Depth = 8<LI>Call Chain = __user_setup_stackheap
</UL>
<BR>[Calls]<UL><LI><a href="#[5c]">&gt;&gt;</a>&nbsp;&nbsp;&nbsp;__user_initial_stackheap
<LI><a href="#[c0]">&gt;&gt;</a>&nbsp;&nbsp;&nbsp;__user_perproc_libspace
</UL>
<BR>[Called By]<UL><LI><a href="#[8a]">&gt;&gt;</a>&nbsp;&nbsp;&nbsp;__rt_entry_sh
</UL>

<P><STRONG><a name="[bf]"></a>__rt_ctype_table</STRONG> (Thumb, 16 bytes, Stack size 8 bytes, rt_ctype_table.o(.text))
<BR><BR>[Stack]<UL><LI>Max Depth = 16<LI>Call Chain = __rt_ctype_table &rArr; __rt_locale
</UL>
<BR>[Calls]<UL><LI><a href="#[86]">&gt;&gt;</a>&nbsp;&nbsp;&nbsp;__rt_locale
</UL>
<BR>[Called By]<UL><LI><a href="#[ad]">&gt;&gt;</a>&nbsp;&nbsp;&nbsp;_wcrtomb
</UL>

<P><STRONG><a name="[86]"></a>__rt_locale</STRONG> (Thumb, 10 bytes, Stack size 8 bytes, rt_locale_twolibspace.o(.text))
<BR><BR>[Stack]<UL><LI>Max Depth = 8<LI>Call Chain = __rt_locale
</UL>
<BR>[Calls]<UL><LI><a href="#[c0]">&gt;&gt;</a>&nbsp;&nbsp;&nbsp;__user_perproc_libspace
</UL>
<BR>[Called By]<UL><LI><a href="#[bf]">&gt;&gt;</a>&nbsp;&nbsp;&nbsp;__rt_ctype_table
<LI><a href="#[b9]">&gt;&gt;</a>&nbsp;&nbsp;&nbsp;_printf_fp_dec_real
<LI><a href="#[85]">&gt;&gt;</a>&nbsp;&nbsp;&nbsp;__rt_lib_init_lc_common
</UL>

<P><STRONG><a name="[bb]"></a>_printf_fp_infnan</STRONG> (Thumb, 112 bytes, Stack size 24 bytes, _printf_fp_infnan.o(.text))
<BR><BR>[Stack]<UL><LI>Max Depth = 40<LI>Call Chain = _printf_fp_infnan &rArr; _printf_post_padding
</UL>
<BR>[Calls]<UL><LI><a href="#[a7]">&gt;&gt;</a>&nbsp;&nbsp;&nbsp;_printf_post_padding
<LI><a href="#[a6]">&gt;&gt;</a>&nbsp;&nbsp;&nbsp;_printf_pre_padding
</UL>
<BR>[Called By]<UL><LI><a href="#[bc]">&gt;&gt;</a>&nbsp;&nbsp;&nbsp;_printf_fp_hex_real
<LI><a href="#[b9]">&gt;&gt;</a>&nbsp;&nbsp;&nbsp;_printf_fp_dec_real
</UL>

<P><STRONG><a name="[b5]"></a>_btod_etento</STRONG> (Thumb, 224 bytes, Stack size 72 bytes, bigflt0.o(.text))
<BR><BR>[Stack]<UL><LI>Max Depth = 124<LI>Call Chain = _btod_etento &rArr; _btod_emul &rArr; _e2e
</UL>
<BR>[Calls]<UL><LI><a href="#[b8]">&gt;&gt;</a>&nbsp;&nbsp;&nbsp;_btod_emul
<LI><a href="#[b7]">&gt;&gt;</a>&nbsp;&nbsp;&nbsp;_btod_ediv
</UL>
<BR>[Called By]<UL><LI><a href="#[b4]">&gt;&gt;</a>&nbsp;&nbsp;&nbsp;_fp_digits
</UL>

<P><STRONG><a name="[18e]"></a>strcmp</STRONG> (Thumb, 128 bytes, Stack size 0 bytes, strcmpv7m.o(.text))
<BR><BR>[Called By]<UL><LI><a href="#[3e]">&gt;&gt;</a>&nbsp;&nbsp;&nbsp;_get_lc_ctype
<LI><a href="#[89]">&gt;&gt;</a>&nbsp;&nbsp;&nbsp;_get_lc_numeric
</UL>

<P><STRONG><a name="[dc]"></a>arm_pid_init_f32</STRONG> (Thumb, 58 bytes, Stack size 0 bytes, arm_pid_init_f32.o(.text.arm_pid_init_f32))
<BR><BR>[Called By]<UL><LI><a href="#[54]">&gt;&gt;</a>&nbsp;&nbsp;&nbsp;PID_control
</UL>

<P><STRONG><a name="[b6]"></a>_btod_d2e</STRONG> (Thumb, 62 bytes, Stack size 0 bytes, btod.o(CL$$btod_d2e))
<BR><BR>[Calls]<UL><LI><a href="#[c1]">&gt;&gt;</a>&nbsp;&nbsp;&nbsp;_d2e_norm_op1
</UL>
<BR>[Called By]<UL><LI><a href="#[b4]">&gt;&gt;</a>&nbsp;&nbsp;&nbsp;_fp_digits
</UL>

<P><STRONG><a name="[c2]"></a>_d2e_denorm_low</STRONG> (Thumb, 70 bytes, Stack size 0 bytes, btod.o(CL$$btod_d2e_denorm_low))
<BR><BR>[Called By]<UL><LI><a href="#[c1]">&gt;&gt;</a>&nbsp;&nbsp;&nbsp;_d2e_norm_op1
</UL>

<P><STRONG><a name="[c1]"></a>_d2e_norm_op1</STRONG> (Thumb, 96 bytes, Stack size 0 bytes, btod.o(CL$$btod_d2e_norm_op1))
<BR><BR>[Calls]<UL><LI><a href="#[c2]">&gt;&gt;</a>&nbsp;&nbsp;&nbsp;_d2e_denorm_low
</UL>
<BR>[Called By]<UL><LI><a href="#[b6]">&gt;&gt;</a>&nbsp;&nbsp;&nbsp;_btod_d2e
</UL>

<P><STRONG><a name="[c3]"></a>__btod_div_common</STRONG> (Thumb, 696 bytes, Stack size 24 bytes, btod.o(CL$$btod_div_common))
<BR><BR>[Stack]<UL><LI>Max Depth = 24<LI>Call Chain = __btod_div_common
</UL>
<BR>[Called By]<UL><LI><a href="#[b7]">&gt;&gt;</a>&nbsp;&nbsp;&nbsp;_btod_ediv
</UL>

<P><STRONG><a name="[c4]"></a>_e2e</STRONG> (Thumb, 220 bytes, Stack size 24 bytes, btod.o(CL$$btod_e2e))
<BR><BR>[Stack]<UL><LI>Max Depth = 24<LI>Call Chain = _e2e
</UL>
<BR>[Called By]<UL><LI><a href="#[b8]">&gt;&gt;</a>&nbsp;&nbsp;&nbsp;_btod_emul
<LI><a href="#[b7]">&gt;&gt;</a>&nbsp;&nbsp;&nbsp;_btod_ediv
</UL>

<P><STRONG><a name="[b7]"></a>_btod_ediv</STRONG> (Thumb, 42 bytes, Stack size 28 bytes, btod.o(CL$$btod_ediv))
<BR><BR>[Stack]<UL><LI>Max Depth = 52<LI>Call Chain = _btod_ediv &rArr; _e2e
</UL>
<BR>[Calls]<UL><LI><a href="#[c4]">&gt;&gt;</a>&nbsp;&nbsp;&nbsp;_e2e
<LI><a href="#[c3]">&gt;&gt;</a>&nbsp;&nbsp;&nbsp;__btod_div_common
</UL>
<BR>[Called By]<UL><LI><a href="#[b5]">&gt;&gt;</a>&nbsp;&nbsp;&nbsp;_btod_etento
<LI><a href="#[b4]">&gt;&gt;</a>&nbsp;&nbsp;&nbsp;_fp_digits
</UL>

<P><STRONG><a name="[b8]"></a>_btod_emul</STRONG> (Thumb, 42 bytes, Stack size 28 bytes, btod.o(CL$$btod_emul))
<BR><BR>[Stack]<UL><LI>Max Depth = 52<LI>Call Chain = _btod_emul &rArr; _e2e
</UL>
<BR>[Calls]<UL><LI><a href="#[c5]">&gt;&gt;</a>&nbsp;&nbsp;&nbsp;__btod_mult_common
<LI><a href="#[c4]">&gt;&gt;</a>&nbsp;&nbsp;&nbsp;_e2e
</UL>
<BR>[Called By]<UL><LI><a href="#[b5]">&gt;&gt;</a>&nbsp;&nbsp;&nbsp;_btod_etento
<LI><a href="#[b4]">&gt;&gt;</a>&nbsp;&nbsp;&nbsp;_fp_digits
</UL>

<P><STRONG><a name="[c5]"></a>__btod_mult_common</STRONG> (Thumb, 580 bytes, Stack size 16 bytes, btod.o(CL$$btod_mult_common))
<BR><BR>[Stack]<UL><LI>Max Depth = 16<LI>Call Chain = __btod_mult_common
</UL>
<BR>[Called By]<UL><LI><a href="#[b8]">&gt;&gt;</a>&nbsp;&nbsp;&nbsp;_btod_emul
</UL>

<P><STRONG><a name="[19]"></a>GPIOTE_IRQHandler</STRONG> (Thumb, 400 bytes, Stack size 56 bytes, nrfx_gpiote.o(i.GPIOTE_IRQHandler))
<BR><BR>[Stack]<UL><LI>Max Depth = 68<LI>Call Chain = GPIOTE_IRQHandler &rArr; nrf_gpio_ports_read
</UL>
<BR>[Calls]<UL><LI><a href="#[c6]">&gt;&gt;</a>&nbsp;&nbsp;&nbsp;nrf_gpiote_event_is_set
<LI><a href="#[c7]">&gt;&gt;</a>&nbsp;&nbsp;&nbsp;nrf_gpiote_event_clear
<LI><a href="#[c8]">&gt;&gt;</a>&nbsp;&nbsp;&nbsp;nrf_gpio_ports_read
<LI><a href="#[cc]">&gt;&gt;</a>&nbsp;&nbsp;&nbsp;nrf_gpio_cfg_sense_set
<LI><a href="#[cb]">&gt;&gt;</a>&nbsp;&nbsp;&nbsp;nrf_bitmask_bit_set
<LI><a href="#[c9]">&gt;&gt;</a>&nbsp;&nbsp;&nbsp;nrf_bitmask_bit_is_set
<LI><a href="#[ca]">&gt;&gt;</a>&nbsp;&nbsp;&nbsp;channel_port_get
</UL>
<BR>[Address Reference Count : 1]<UL><LI> arm_startup_nrf52.o(RESET)
</UL>
<P><STRONG><a name="[53]"></a>Mpu_6050_thread</STRONG> (Thumb, 588 bytes, Stack size 88 bytes, mpu6050.o(i.Mpu_6050_thread))
<BR><BR>[Stack]<UL><LI>Max Depth = 380 + Unknown Stack Size
<LI>Call Chain = Mpu_6050_thread &rArr; mpu_6050_read_gyro &rArr; mpu_6050_I2C_register_read &rArr; nrf_drv_twi_tx &rArr; nrfx_twi_tx &rArr; nrfx_twi_xfer &rArr; twi_xfer &rArr; twi_tx_start_transfer &rArr; twi_transfer &rArr; twi_send_byte
</UL>
<BR>[Calls]<UL><LI><a href="#[cd]">&gt;&gt;</a>&nbsp;&nbsp;&nbsp;TimerSecondsMicrosec
<LI><a href="#[ce]">&gt;&gt;</a>&nbsp;&nbsp;&nbsp;TimerIntervalMicrosec
<LI><a href="#[d1]">&gt;&gt;</a>&nbsp;&nbsp;&nbsp;mpu_6050_read_gyro
<LI><a href="#[d7]">&gt;&gt;</a>&nbsp;&nbsp;&nbsp;mpu_6050_read_acc
<LI><a href="#[da]">&gt;&gt;</a>&nbsp;&nbsp;&nbsp;osMailPut
<LI><a href="#[d9]">&gt;&gt;</a>&nbsp;&nbsp;&nbsp;osMailAlloc
<LI><a href="#[d0]">&gt;&gt;</a>&nbsp;&nbsp;&nbsp;PrintServerPrintf
<LI><a href="#[db]">&gt;&gt;</a>&nbsp;&nbsp;&nbsp;osDelay
<LI><a href="#[d2]">&gt;&gt;</a>&nbsp;&nbsp;&nbsp;__hardfp_sin
<LI><a href="#[d8]">&gt;&gt;</a>&nbsp;&nbsp;&nbsp;__hardfp_asin
<LI><a href="#[cf]">&gt;&gt;</a>&nbsp;&nbsp;&nbsp;__aeabi_f2d
<LI><a href="#[d3]">&gt;&gt;</a>&nbsp;&nbsp;&nbsp;__aeabi_dmul
<LI><a href="#[d6]">&gt;&gt;</a>&nbsp;&nbsp;&nbsp;__aeabi_dsub
<LI><a href="#[d4]">&gt;&gt;</a>&nbsp;&nbsp;&nbsp;__aeabi_dadd
<LI><a href="#[d5]">&gt;&gt;</a>&nbsp;&nbsp;&nbsp;__aeabi_d2f
</UL>
<BR>[Address Reference Count : 1]<UL><LI> mpu6050.o(.constdata)
</UL>
<P><STRONG><a name="[54]"></a>PID_control</STRONG> (Thumb, 352 bytes, Stack size 104 bytes, mpu6050.o(i.PID_control))
<BR><BR>[Stack]<UL><LI>Max Depth = 264 + Unknown Stack Size
<LI>Call Chain = PID_control &rArr; PrintServerPrintf &rArr; vsnprintf &rArr; _printf_char_common &rArr; __printf
</UL>
<BR>[Calls]<UL><LI><a href="#[dc]">&gt;&gt;</a>&nbsp;&nbsp;&nbsp;arm_pid_init_f32
<LI><a href="#[da]">&gt;&gt;</a>&nbsp;&nbsp;&nbsp;osMailPut
<LI><a href="#[dd]">&gt;&gt;</a>&nbsp;&nbsp;&nbsp;osMailGet
<LI><a href="#[de]">&gt;&gt;</a>&nbsp;&nbsp;&nbsp;osMailFree
<LI><a href="#[d9]">&gt;&gt;</a>&nbsp;&nbsp;&nbsp;osMailAlloc
<LI><a href="#[d0]">&gt;&gt;</a>&nbsp;&nbsp;&nbsp;PrintServerPrintf
</UL>
<BR>[Address Reference Count : 1]<UL><LI> mpu6050.o(.constdata)
</UL>
<P><STRONG><a name="[55]"></a>PWM</STRONG> (Thumb, 222 bytes, Stack size 24 bytes, mpu6050.o(i.PWM))
<BR><BR>[Stack]<UL><LI>Max Depth = 184 + Unknown Stack Size
<LI>Call Chain = PWM &rArr; PrintServerPrintf &rArr; vsnprintf &rArr; _printf_char_common &rArr; __printf
</UL>
<BR>[Calls]<UL><LI><a href="#[dd]">&gt;&gt;</a>&nbsp;&nbsp;&nbsp;osMailGet
<LI><a href="#[de]">&gt;&gt;</a>&nbsp;&nbsp;&nbsp;osMailFree
<LI><a href="#[d0]">&gt;&gt;</a>&nbsp;&nbsp;&nbsp;PrintServerPrintf
</UL>
<BR>[Address Reference Count : 1]<UL><LI> mpu6050.o(.constdata)
</UL>
<P><STRONG><a name="[2f]"></a>PWM0_IRQHandler</STRONG> (Thumb, 8 bytes, Stack size 0 bytes, nrfx_pwm.o(i.PWM0_IRQHandler))
<BR><BR>[Stack]<UL><LI>Max Depth = 24<LI>Call Chain = PWM0_IRQHandler &rArr; irq_handler &rArr; nrf_pwm_event_clear
</UL>
<BR>[Calls]<UL><LI><a href="#[df]">&gt;&gt;</a>&nbsp;&nbsp;&nbsp;irq_handler
</UL>
<BR>[Address Reference Count : 1]<UL><LI> arm_startup_nrf52.o(RESET)
</UL>
<P><STRONG><a name="[e0]"></a>PWM_init</STRONG> (Thumb, 42 bytes, Stack size 16 bytes, mpu6050.o(i.PWM_init))
<BR><BR>[Stack]<UL><LI>Max Depth = 76<LI>Call Chain = PWM_init &rArr; nrfx_pwm_init &rArr; configure_pins
</UL>
<BR>[Calls]<UL><LI><a href="#[e2]">&gt;&gt;</a>&nbsp;&nbsp;&nbsp;nrfx_pwm_simple_playback
<LI><a href="#[e1]">&gt;&gt;</a>&nbsp;&nbsp;&nbsp;nrfx_pwm_init
</UL>
<BR>[Called By]<UL><LI><a href="#[57]">&gt;&gt;</a>&nbsp;&nbsp;&nbsp;main
</UL>

<P><STRONG><a name="[52]"></a>PrintServer</STRONG> (Thumb, 50 bytes, Stack size 16 bytes, print_server.o(i.PrintServer))
<BR><BR>[Stack]<UL><LI>Max Depth = 88<LI>Call Chain = PrintServer &rArr; nrfx_uart_tx &rArr; tx_blocking &rArr; tx_byte &rArr; nrf_uart_event_clear
</UL>
<BR>[Calls]<UL><LI><a href="#[dd]">&gt;&gt;</a>&nbsp;&nbsp;&nbsp;osMailGet
<LI><a href="#[de]">&gt;&gt;</a>&nbsp;&nbsp;&nbsp;osMailFree
<LI><a href="#[e4]">&gt;&gt;</a>&nbsp;&nbsp;&nbsp;nrfx_uart_tx
<LI><a href="#[e3]">&gt;&gt;</a>&nbsp;&nbsp;&nbsp;strlen
</UL>
<BR>[Address Reference Count : 1]<UL><LI> print_server.o(.constdata)
</UL>
<P><STRONG><a name="[e5]"></a>PrintServerInit</STRONG> (Thumb, 70 bytes, Stack size 40 bytes, print_server.o(i.PrintServerInit))
<BR><BR>[Stack]<UL><LI>Max Depth = 120<LI>Call Chain = PrintServerInit &rArr; nrfx_uart_init &rArr; apply_config &rArr; nrf_gpio_cfg_output &rArr; nrf_gpio_cfg
</UL>
<BR>[Calls]<UL><LI><a href="#[97]">&gt;&gt;</a>&nbsp;&nbsp;&nbsp;osThreadCreate
<LI><a href="#[e6]">&gt;&gt;</a>&nbsp;&nbsp;&nbsp;osMailCreate
<LI><a href="#[e8]">&gt;&gt;</a>&nbsp;&nbsp;&nbsp;nrfx_uart_init
<LI><a href="#[e7]">&gt;&gt;</a>&nbsp;&nbsp;&nbsp;__aeabi_memcpy4
</UL>
<BR>[Called By]<UL><LI><a href="#[57]">&gt;&gt;</a>&nbsp;&nbsp;&nbsp;main
</UL>

<P><STRONG><a name="[d0]"></a>PrintServerPrintf</STRONG> (Thumb, 44 bytes, Stack size 32 bytes, print_server.o(i.PrintServerPrintf))
<BR><BR>[Stack]<UL><LI>Max Depth = 160 + Unknown Stack Size
<LI>Call Chain = PrintServerPrintf &rArr; vsnprintf &rArr; _printf_char_common &rArr; __printf
</UL>
<BR>[Calls]<UL><LI><a href="#[da]">&gt;&gt;</a>&nbsp;&nbsp;&nbsp;osMailPut
<LI><a href="#[d9]">&gt;&gt;</a>&nbsp;&nbsp;&nbsp;osMailAlloc
<LI><a href="#[9e]">&gt;&gt;</a>&nbsp;&nbsp;&nbsp;vsnprintf
</UL>
<BR>[Called By]<UL><LI><a href="#[eb]">&gt;&gt;</a>&nbsp;&nbsp;&nbsp;saadc_sampling_event_init
<LI><a href="#[ec]">&gt;&gt;</a>&nbsp;&nbsp;&nbsp;saadc_sampling_event_enable
<LI><a href="#[ea]">&gt;&gt;</a>&nbsp;&nbsp;&nbsp;saadc_init
<LI><a href="#[4f]">&gt;&gt;</a>&nbsp;&nbsp;&nbsp;Saadc_Callback
<LI><a href="#[128]">&gt;&gt;</a>&nbsp;&nbsp;&nbsp;mpu_6050_I2C_register_read
<LI><a href="#[55]">&gt;&gt;</a>&nbsp;&nbsp;&nbsp;PWM
<LI><a href="#[54]">&gt;&gt;</a>&nbsp;&nbsp;&nbsp;PID_control
<LI><a href="#[53]">&gt;&gt;</a>&nbsp;&nbsp;&nbsp;Mpu_6050_thread
<LI><a href="#[126]">&gt;&gt;</a>&nbsp;&nbsp;&nbsp;twi_init_mpu6050
</UL>

<P><STRONG><a name="[e9]"></a>SAADC_INIT</STRONG> (Thumb, 18 bytes, Stack size 8 bytes, curr_saadc.o(i.SAADC_INIT))
<BR><BR>[Stack]<UL><LI>Max Depth = 224 + Unknown Stack Size
<LI>Call Chain = SAADC_INIT &rArr; saadc_init &rArr; PrintServerPrintf &rArr; vsnprintf &rArr; _printf_char_common &rArr; __printf
</UL>
<BR>[Calls]<UL><LI><a href="#[eb]">&gt;&gt;</a>&nbsp;&nbsp;&nbsp;saadc_sampling_event_init
<LI><a href="#[ec]">&gt;&gt;</a>&nbsp;&nbsp;&nbsp;saadc_sampling_event_enable
<LI><a href="#[ea]">&gt;&gt;</a>&nbsp;&nbsp;&nbsp;saadc_init
</UL>
<BR>[Called By]<UL><LI><a href="#[57]">&gt;&gt;</a>&nbsp;&nbsp;&nbsp;main
</UL>

<P><STRONG><a name="[1a]"></a>SAADC_IRQHandler</STRONG> (Thumb, 324 bytes, Stack size 40 bytes, nrfx_saadc.o(i.SAADC_IRQHandler))
<BR><BR>[Stack]<UL><LI>Max Depth = 48<LI>Call Chain = SAADC_IRQHandler &rArr; nrf_saadc_event_clear
</UL>
<BR>[Calls]<UL><LI><a href="#[ee]">&gt;&gt;</a>&nbsp;&nbsp;&nbsp;nrf_saadc_event_clear
<LI><a href="#[ed]">&gt;&gt;</a>&nbsp;&nbsp;&nbsp;nrf_saadc_event_check
<LI><a href="#[ef]">&gt;&gt;</a>&nbsp;&nbsp;&nbsp;nrf_saadc_buffer_init
</UL>
<BR>[Address Reference Count : 1]<UL><LI> arm_startup_nrf52.o(RESET)
</UL>
<P><STRONG><a name="[16]"></a>SPIM0_SPIS0_TWIM0_TWIS0_SPI0_TWI0_IRQHandler</STRONG> (Thumb, 8 bytes, Stack size 0 bytes, nrfx_twi.o(i.SPIM0_SPIS0_TWIM0_TWIS0_SPI0_TWI0_IRQHandler))
<BR><BR>[Stack]<UL><LI>Max Depth = 164<LI>Call Chain = SPIM0_SPIS0_TWIM0_TWIS0_SPI0_TWI0_IRQHandler &rArr; twi_irq_handler &rArr; twi_tx_start_transfer &rArr; twi_transfer &rArr; twi_send_byte
</UL>
<BR>[Calls]<UL><LI><a href="#[f0]">&gt;&gt;</a>&nbsp;&nbsp;&nbsp;twi_irq_handler
</UL>
<BR>[Address Reference Count : 1]<UL><LI> arm_startup_nrf52.o(RESET)
</UL>
<P><STRONG><a name="[17]"></a>SPIM1_SPIS1_TWIM1_TWIS1_SPI1_TWI1_IRQHandler</STRONG> (Thumb, 10 bytes, Stack size 0 bytes, nrfx_twi.o(i.SPIM1_SPIS1_TWIM1_TWIS1_SPI1_TWI1_IRQHandler))
<BR><BR>[Stack]<UL><LI>Max Depth = 164<LI>Call Chain = SPIM1_SPIS1_TWIM1_TWIS1_SPI1_TWI1_IRQHandler &rArr; twi_irq_handler &rArr; twi_tx_start_transfer &rArr; twi_transfer &rArr; twi_send_byte
</UL>
<BR>[Calls]<UL><LI><a href="#[f0]">&gt;&gt;</a>&nbsp;&nbsp;&nbsp;twi_irq_handler
</UL>
<BR>[Address Reference Count : 1]<UL><LI> arm_startup_nrf52.o(RESET)
</UL>
<P><STRONG><a name="[34]"></a>SPIM2_SPIS2_SPI2_IRQHandler</STRONG> (Thumb, 8 bytes, Stack size 0 bytes, nrfx_spis.o(i.SPIM2_SPIS2_SPI2_IRQHandler))
<BR><BR>[Stack]<UL><LI>Max Depth = 24<LI>Call Chain = SPIM2_SPIS2_SPI2_IRQHandler &rArr; spis_irq_handler &rArr; nrf_spis_event_clear
</UL>
<BR>[Calls]<UL><LI><a href="#[f1]">&gt;&gt;</a>&nbsp;&nbsp;&nbsp;spis_irq_handler
</UL>
<BR>[Address Reference Count : 1]<UL><LI> arm_startup_nrf52.o(RESET)
</UL>
<P><STRONG><a name="[4f]"></a>Saadc_Callback</STRONG> (Thumb, 64 bytes, Stack size 8 bytes, curr_saadc.o(i.Saadc_Callback))
<BR><BR>[Stack]<UL><LI>Max Depth = 168 + Unknown Stack Size
<LI>Call Chain = Saadc_Callback &rArr; PrintServerPrintf &rArr; vsnprintf &rArr; _printf_char_common &rArr; __printf
</UL>
<BR>[Calls]<UL><LI><a href="#[f2]">&gt;&gt;</a>&nbsp;&nbsp;&nbsp;nrfx_saadc_buffer_convert
<LI><a href="#[d0]">&gt;&gt;</a>&nbsp;&nbsp;&nbsp;PrintServerPrintf
</UL>
<BR>[Address Reference Count : 1]<UL><LI> curr_saadc.o(i.saadc_init)
</UL>
<P><STRONG><a name="[fe]"></a>SystemCoreClockUpdate</STRONG> (Thumb, 8 bytes, Stack size 0 bytes, system_nrf52.o(i.SystemCoreClockUpdate))
<BR><BR>[Called By]<UL><LI><a href="#[3a]">&gt;&gt;</a>&nbsp;&nbsp;&nbsp;SystemInit
</UL>

<P><STRONG><a name="[3a]"></a>SystemInit</STRONG> (Thumb, 490 bytes, Stack size 16 bytes, system_nrf52.o(i.SystemInit))
<BR><BR>[Stack]<UL><LI>Max Depth = 16<LI>Call Chain = SystemInit
</UL>
<BR>[Calls]<UL><LI><a href="#[fa]">&gt;&gt;</a>&nbsp;&nbsp;&nbsp;errata_66
<LI><a href="#[f9]">&gt;&gt;</a>&nbsp;&nbsp;&nbsp;errata_57
<LI><a href="#[f8]">&gt;&gt;</a>&nbsp;&nbsp;&nbsp;errata_37
<LI><a href="#[f7]">&gt;&gt;</a>&nbsp;&nbsp;&nbsp;errata_36
<LI><a href="#[f6]">&gt;&gt;</a>&nbsp;&nbsp;&nbsp;errata_32
<LI><a href="#[f5]">&gt;&gt;</a>&nbsp;&nbsp;&nbsp;errata_31
<LI><a href="#[fd]">&gt;&gt;</a>&nbsp;&nbsp;&nbsp;errata_182
<LI><a href="#[f4]">&gt;&gt;</a>&nbsp;&nbsp;&nbsp;errata_16
<LI><a href="#[fc]">&gt;&gt;</a>&nbsp;&nbsp;&nbsp;errata_136
<LI><a href="#[f3]">&gt;&gt;</a>&nbsp;&nbsp;&nbsp;errata_12
<LI><a href="#[fb]">&gt;&gt;</a>&nbsp;&nbsp;&nbsp;errata_108
<LI><a href="#[fe]">&gt;&gt;</a>&nbsp;&nbsp;&nbsp;SystemCoreClockUpdate
</UL>
[...]
<BR><BR>[Called By]<UL><LI><a href="#[19]">&gt;&gt;</a>&nbsp;&nbsp;&nbsp;GPIOTE_IRQHandler
</UL>

<P><STRONG><a name="[c8]"></a>nrf_gpio_ports_read</STRONG> (Thumb, 32 bytes, Stack size 12 bytes, nrfx_gpiote.o(i.nrf_gpio_ports_read))
<BR><BR>[Stack]<UL><LI>Max Depth = 12<LI>Call Chain = nrf_gpio_ports_read
</UL>
<BR>[Called By]<UL><LI><a href="#[19]">&gt;&gt;</a>&nbsp;&nbsp;&nbsp;GPIOTE_IRQHandler
</UL>

<P><STRONG><a name="[c7]"></a>nrf_gpiote_event_clear</STRONG> (Thumb, 16 bytes, Stack size 8 bytes, nrfx_gpiote.o(i.nrf_gpiote_event_clear))
<BR><BR>[Stack]<UL><LI>Max Depth = 8<LI>Call Chain = nrf_gpiote_event_clear
</UL>
<BR>[Called By]<UL><LI><a href="#[19]">&gt;&gt;</a>&nbsp;&nbsp;&nbsp;GPIOTE_IRQHandler
</UL>

<P><STRONG><a name="[c6]"></a>nrf_gpiote_event_is_set</STRONG> (Thumb, 14 bytes, Stack size 0 bytes, nrfx_gpiote.o(i.nrf_gpiote_event_is_set))
<BR><BR>[Called By]<UL><LI><a href="#[19]">&gt;&gt;</a>&nbsp;&nbsp;&nbsp;GPIOTE_IRQHandler
</UL>

<P><STRONG><a name="[131]"></a>is_allocated_channel</STRONG> (Thumb, 20 bytes, Stack size 0 bytes, nrfx_ppi.o(i.is_allocated_channel))
<BR><BR>[Called By]<UL><LI><a href="#[134]">&gt;&gt;</a>&nbsp;&nbsp;&nbsp;nrfx_ppi_channel_enable
<LI><a href="#[132]">&gt;&gt;</a>&nbsp;&nbsp;&nbsp;nrfx_ppi_channel_assign
<LI><a href="#[130]">&gt;&gt;</a>&nbsp;&nbsp;&nbsp;nrfx_ppi_channel_alloc
</UL>

<P><STRONG><a name="[133]"></a>is_programmable_app_channel</STRONG> (Thumb, 12 bytes, Stack size 0 bytes, nrfx_ppi.o(i.is_programmable_app_channel))
<BR><BR>[Called By]<UL><LI><a href="#[134]">&gt;&gt;</a>&nbsp;&nbsp;&nbsp;nrfx_ppi_channel_enable
<LI><a href="#[132]">&gt;&gt;</a>&nbsp;&nbsp;&nbsp;nrfx_ppi_channel_assign
</UL>

<P><STRONG><a name="[ef]"></a>nrf_saadc_buffer_init</STRONG> (Thumb, 10 bytes, Stack size 0 bytes, nrfx_saadc.o(i.nrf_saadc_buffer_init))
<BR><BR>[Called By]<UL><LI><a href="#[f2]">&gt;&gt;</a>&nbsp;&nbsp;&nbsp;nrfx_saadc_buffer_convert
<LI><a href="#[1a]">&gt;&gt;</a>&nbsp;&nbsp;&nbsp;SAADC_IRQHandler
</UL>

<P><STRONG><a name="[139]"></a>nrf_saadc_channel_input_set</STRONG> (Thumb, 16 bytes, Stack size 0 bytes, nrfx_saadc.o(i.nrf_saadc_channel_input_set))
<BR><BR>[Called By]<UL><LI><a href="#[138]">&gt;&gt;</a>&nbsp;&nbsp;&nbsp;nrfx_saadc_channel_init
</UL>

<P><STRONG><a name="[ed]"></a>nrf_saadc_event_check</STRONG> (Thumb, 12 bytes, Stack size 0 bytes, nrfx_saadc.o(i.nrf_saadc_event_check))
<BR><BR>[Called By]<UL><LI><a href="#[f2]">&gt;&gt;</a>&nbsp;&nbsp;&nbsp;nrfx_saadc_buffer_convert
<LI><a href="#[1a]">&gt;&gt;</a>&nbsp;&nbsp;&nbsp;SAADC_IRQHandler
</UL>

<P><STRONG><a name="[ee]"></a>nrf_saadc_event_clear</STRONG> (Thumb, 16 bytes, Stack size 8 bytes, nrfx_saadc.o(i.nrf_saadc_event_clear))
<BR><BR>[Stack]<UL><LI>Max Depth = 8<LI>Call Chain = nrf_saadc_event_clear
</UL>
<BR>[Called By]<UL><LI><a href="#[13a]">&gt;&gt;</a>&nbsp;&nbsp;&nbsp;nrfx_saadc_init
<LI><a href="#[f2]">&gt;&gt;</a>&nbsp;&nbsp;&nbsp;nrfx_saadc_buffer_convert
<LI><a href="#[1a]">&gt;&gt;</a>&nbsp;&nbsp;&nbsp;SAADC_IRQHandler
</UL>

<P><STRONG><a name="[ff]"></a>irq_handler</STRONG> (Thumb, 78 bytes, Stack size 24 bytes, nrfx_timer.o(i.irq_handler))
<BR><BR>[Stack]<UL><LI>Max Depth = 32<LI>Call Chain = irq_handler &rArr; nrf_timer_event_clear
</UL>
<BR>[Calls]<UL><LI><a href="#[11b]">&gt;&gt;</a>&nbsp;&nbsp;&nbsp;nrf_timer_event_clear
<LI><a href="#[11a]">&gt;&gt;</a>&nbsp;&nbsp;&nbsp;nrf_timer_compare_event_get
</UL>
<BR>[Called By]<UL><LI><a href="#[1b]">&gt;&gt;</a>&nbsp;&nbsp;&nbsp;TIMER0_IRQHandler
</UL>

<P><STRONG><a name="[11a]"></a>nrf_timer_compare_event_get</STRONG> (Thumb, 12 bytes, Stack size 0 bytes, nrfx_timer.o(i.nrf_timer_compare_event_get))
<BR><BR>[Called By]<UL><LI><a href="#[13d]">&gt;&gt;</a>&nbsp;&nbsp;&nbsp;nrfx_timer_init
<LI><a href="#[13b]">&gt;&gt;</a>&nbsp;&nbsp;&nbsp;nrfx_timer_compare
<LI><a href="#[ff]">&gt;&gt;</a>&nbsp;&nbsp;&nbsp;irq_handler
</UL>

<P><STRONG><a name="[11b]"></a>nrf_timer_event_clear</STRONG> (Thumb, 12 bytes, Stack size 8 bytes, nrfx_timer.o(i.nrf_timer_event_clear))
<BR><BR>[Stack]<UL><LI>Max Depth = 8<LI>Call Chain = nrf_timer_event_clear
</UL>
<BR>[Called By]<UL><LI><a href="#[13d]">&gt;&gt;</a>&nbsp;&nbsp;&nbsp;nrfx_timer_init
<LI><a href="#[13b]">&gt;&gt;</a>&nbsp;&nbsp;&nbsp;nrfx_timer_compare
<LI><a href="#[ff]">&gt;&gt;</a>&nbsp;&nbsp;&nbsp;irq_handler
</UL>

<P><STRONG><a name="[13e]"></a>nrf_gpio_cfg</STRONG> (Thumb, 36 bytes, Stack size 16 bytes, nrfx_twi.o(i.nrf_gpio_cfg))
<BR><BR>[Stack]<UL><LI>Max Depth = 16<LI>Call Chain = nrf_gpio_cfg
</UL>
<BR>[Called By]<UL><LI><a href="#[12d]">&gt;&gt;</a>&nbsp;&nbsp;&nbsp;nrfx_twi_init
</UL>

<P><STRONG><a name="[188]"></a>nrf_twi_event_check</STRONG> (Thumb, 10 bytes, Stack size 0 bytes, nrfx_twi.o(i.nrf_twi_event_check))
<BR><BR>[Called By]<UL><LI><a href="#[183]">&gt;&gt;</a>&nbsp;&nbsp;&nbsp;twi_transfer
</UL>

<P><STRONG><a name="[186]"></a>nrf_twi_event_clear</STRONG> (Thumb, 12 bytes, Stack size 8 bytes, nrfx_twi.o(i.nrf_twi_event_clear))
<BR><BR>[Stack]<UL><LI>Max Depth = 8<LI>Call Chain = nrf_twi_event_clear
</UL>
<BR>[Called By]<UL><LI><a href="#[185]">&gt;&gt;</a>&nbsp;&nbsp;&nbsp;twi_tx_start_transfer
<LI><a href="#[183]">&gt;&gt;</a>&nbsp;&nbsp;&nbsp;twi_transfer
<LI><a href="#[184]">&gt;&gt;</a>&nbsp;&nbsp;&nbsp;twi_rx_start_transfer
</UL>

<P><STRONG><a name="[f0]"></a>twi_irq_handler</STRONG> (Thumb, 190 bytes, Stack size 40 bytes, nrfx_twi.o(i.twi_irq_handler))
<BR><BR>[Stack]<UL><LI>Max Depth = 164<LI>Call Chain = twi_irq_handler &rArr; twi_tx_start_transfer &rArr; twi_transfer &rArr; twi_send_byte
</UL>
<BR>[Calls]<UL><LI><a href="#[185]">&gt;&gt;</a>&nbsp;&nbsp;&nbsp;twi_tx_start_transfer
<LI><a href="#[183]">&gt;&gt;</a>&nbsp;&nbsp;&nbsp;twi_transfer
<LI><a href="#[184]">&gt;&gt;</a>&nbsp;&nbsp;&nbsp;twi_rx_start_transfer
<LI><a href="#[e7]">&gt;&gt;</a>&nbsp;&nbsp;&nbsp;__aeabi_memcpy4
</UL>
<BR>[Called By]<UL><LI><a href="#[17]">&gt;&gt;</a>&nbsp;&nbsp;&nbsp;SPIM1_SPIS1_TWIM1_TWIS1_SPI1_TWI1_IRQHandler
<LI><a href="#[16]">&gt;&gt;</a>&nbsp;&nbsp;&nbsp;SPIM0_SPIS0_TWIM0_TWIS0_SPI0_TWI0_IRQHandler
</UL>

<P><STRONG><a name="[187]"></a>twi_process_error</STRONG> (Thumb, 30 bytes, Stack size 0 bytes, nrfx_twi.o(i.twi_process_error))
<BR><BR>[Called By]<UL><LI><a href="#[185]">&gt;&gt;</a>&nbsp;&nbsp;&nbsp;twi_tx_start_transfer
<LI><a href="#[184]">&gt;&gt;</a>&nbsp;&nbsp;&nbsp;twi_rx_start_transfer
</UL>

<P><STRONG><a name="[18a]"></a>twi_receive_byte</STRONG> (Thumb, 44 bytes, Stack size 12 bytes, nrfx_twi.o(i.twi_receive_byte))
<BR><BR>[Stack]<UL><LI>Max Depth = 12<LI>Call Chain = twi_receive_byte
</UL>
<BR>[Called By]<UL><LI><a href="#[183]">&gt;&gt;</a>&nbsp;&nbsp;&nbsp;twi_transfer
</UL>

<P><STRONG><a name="[184]"></a>twi_rx_start_transfer</STRONG> (Thumb, 200 bytes, Stack size 48 bytes, nrfx_twi.o(i.twi_rx_start_transfer))
<BR><BR>[Stack]<UL><LI>Max Depth = 116<LI>Call Chain = twi_rx_start_transfer &rArr; twi_transfer &rArr; twi_send_byte
</UL>
<BR>[Calls]<UL><LI><a href="#[183]">&gt;&gt;</a>&nbsp;&nbsp;&nbsp;twi_transfer
<LI><a href="#[187]">&gt;&gt;</a>&nbsp;&nbsp;&nbsp;twi_process_error
<LI><a href="#[186]">&gt;&gt;</a>&nbsp;&nbsp;&nbsp;nrf_twi_event_clear
</UL>
<BR>[Called By]<UL><LI><a href="#[141]">&gt;&gt;</a>&nbsp;&nbsp;&nbsp;twi_xfer
<LI><a href="#[f0]">&gt;&gt;</a>&nbsp;&nbsp;&nbsp;twi_irq_handler
</UL>

<P><STRONG><a name="[189]"></a>twi_send_byte</STRONG> (Thumb, 40 bytes, Stack size 12 bytes, nrfx_twi.o(i.twi_send_byte))
<BR><BR>[Stack]<UL><LI>Max Depth = 12<LI>Call Chain = twi_send_byte
</UL>
<BR>[Called By]<UL><LI><a href="#[185]">&gt;&gt;</a>&nbsp;&nbsp;&nbsp;twi_tx_start_transfer
<LI><a href="#[183]">&gt;&gt;</a>&nbsp;&nbsp;&nbsp;twi_transfer
</UL>

<P><STRONG><a name="[183]"></a>twi_transfer</STRONG> (Thumb, 266 bytes, Stack size 56 bytes, nrfx_twi.o(i.twi_transfer))
<BR><BR>[Stack]<UL><LI>Max Depth = 68<LI>Call Chain = twi_transfer &rArr; twi_send_byte
</UL>
<BR>[Calls]<UL><LI><a href="#[189]">&gt;&gt;</a>&nbsp;&nbsp;&nbsp;twi_send_byte
<LI><a href="#[18a]">&gt;&gt;</a>&nbsp;&nbsp;&nbsp;twi_receive_byte
<LI><a href="#[186]">&gt;&gt;</a>&nbsp;&nbsp;&nbsp;nrf_twi_event_clear
<LI><a href="#[188]">&gt;&gt;</a>&nbsp;&nbsp;&nbsp;nrf_twi_event_check
</UL>
<BR>[Called By]<UL><LI><a href="#[185]">&gt;&gt;</a>&nbsp;&nbsp;&nbsp;twi_tx_start_transfer
<LI><a href="#[184]">&gt;&gt;</a>&nbsp;&nbsp;&nbsp;twi_rx_start_transfer
<LI><a href="#[f0]">&gt;&gt;</a>&nbsp;&nbsp;&nbsp;twi_irq_handler
</UL>

<P><STRONG><a name="[185]"></a>twi_tx_start_transfer</STRONG> (Thumb, 204 bytes, Stack size 56 bytes, nrfx_twi.o(i.twi_tx_start_transfer))
<BR><BR>[Stack]<UL><LI>Max Depth = 124<LI>Call Chain = twi_tx_start_transfer &rArr; twi_transfer &rArr; twi_send_byte
</UL>
<BR>[Calls]<UL><LI><a href="#[183]">&gt;&gt;</a>&nbsp;&nbsp;&nbsp;twi_transfer
<LI><a href="#[189]">&gt;&gt;</a>&nbsp;&nbsp;&nbsp;twi_send_byte
<LI><a href="#[187]">&gt;&gt;</a>&nbsp;&nbsp;&nbsp;twi_process_error
<LI><a href="#[186]">&gt;&gt;</a>&nbsp;&nbsp;&nbsp;nrf_twi_event_clear
</UL>
<BR>[Called By]<UL><LI><a href="#[141]">&gt;&gt;</a>&nbsp;&nbsp;&nbsp;twi_xfer
<LI><a href="#[f0]">&gt;&gt;</a>&nbsp;&nbsp;&nbsp;twi_irq_handler
</UL>

<P><STRONG><a name="[141]"></a>twi_xfer</STRONG> (Thumb, 146 bytes, Stack size 32 bytes, nrfx_twi.o(i.twi_xfer))
<BR><BR>[Stack]<UL><LI>Max Depth = 156<LI>Call Chain = twi_xfer &rArr; twi_tx_start_transfer &rArr; twi_transfer &rArr; twi_send_byte
</UL>
<BR>[Calls]<UL><LI><a href="#[185]">&gt;&gt;</a>&nbsp;&nbsp;&nbsp;twi_tx_start_transfer
<LI><a href="#[184]">&gt;&gt;</a>&nbsp;&nbsp;&nbsp;twi_rx_start_transfer
<LI><a href="#[e7]">&gt;&gt;</a>&nbsp;&nbsp;&nbsp;__aeabi_memcpy4
</UL>
<BR>[Called By]<UL><LI><a href="#[13f]">&gt;&gt;</a>&nbsp;&nbsp;&nbsp;nrfx_twi_xfer
</UL>

<P><STRONG><a name="[180]"></a>nrf_gpio_pin_set</STRONG> (Thumb, 16 bytes, Stack size 0 bytes, nrf_drv_twi.o(i.nrf_gpio_pin_set))
<BR><BR>[Called By]<UL><LI><a href="#[12c]">&gt;&gt;</a>&nbsp;&nbsp;&nbsp;twi_clear_bus
</UL>

<P><STRONG><a name="[181]"></a>nrfx_coredep_delay_us</STRONG> (Thumb, 12 bytes, Stack size 0 bytes, nrf_drv_twi.o(i.nrfx_coredep_delay_us))
<BR><BR>[Called By]<UL><LI><a href="#[12c]">&gt;&gt;</a>&nbsp;&nbsp;&nbsp;twi_clear_bus
</UL>

<P><STRONG><a name="[12c]"></a>twi_clear_bus</STRONG> (Thumb, 174 bytes, Stack size 24 bytes, nrf_drv_twi.o(i.twi_clear_bus))
<BR><BR>[Stack]<UL><LI>Max Depth = 24<LI>Call Chain = twi_clear_bus
</UL>
<BR>[Calls]<UL><LI><a href="#[181]">&gt;&gt;</a>&nbsp;&nbsp;&nbsp;nrfx_coredep_delay_us
<LI><a href="#[180]">&gt;&gt;</a>&nbsp;&nbsp;&nbsp;nrf_gpio_pin_set
</UL>
<BR>[Called By]<UL><LI><a href="#[12b]">&gt;&gt;</a>&nbsp;&nbsp;&nbsp;nrf_drv_twi_init
</UL>

<P><STRONG><a name="[41]"></a>twi_evt_handler</STRONG> (Thumb, 62 bytes, Stack size 24 bytes, nrf_drv_twi.o(i.twi_evt_handler))
<BR><BR>[Stack]<UL><LI>Max Depth = 24<LI>Call Chain = twi_evt_handler
</UL>
<BR>[Address Reference Count : 1]<UL><LI> nrf_drv_twi.o(i.nrf_drv_twi_init)
</UL>
<P><STRONG><a name="[173]"></a>nrf_spis_event_check</STRONG> (Thumb, 10 bytes, Stack size 0 bytes, nrfx_spis.o(i.nrf_spis_event_check))
<BR><BR>[Called By]<UL><LI><a href="#[f1]">&gt;&gt;</a>&nbsp;&nbsp;&nbsp;spis_irq_handler
</UL>

<P><STRONG><a name="[174]"></a>nrf_spis_event_clear</STRONG> (Thumb, 12 bytes, Stack size 8 bytes, nrfx_spis.o(i.nrf_spis_event_clear))
<BR><BR>[Stack]<UL><LI>Max Depth = 8<LI>Call Chain = nrf_spis_event_clear
</UL>
<BR>[Called By]<UL><LI><a href="#[f1]">&gt;&gt;</a>&nbsp;&nbsp;&nbsp;spis_irq_handler
</UL>

<P><STRONG><a name="[f1]"></a>spis_irq_handler</STRONG> (Thumb, 118 bytes, Stack size 16 bytes, nrfx_spis.o(i.spis_irq_handler))
<BR><BR>[Stack]<UL><LI>Max Depth = 24<LI>Call Chain = spis_irq_handler &rArr; nrf_spis_event_clear
</UL>
<BR>[Calls]<UL><LI><a href="#[175]">&gt;&gt;</a>&nbsp;&nbsp;&nbsp;spis_state_change
<LI><a href="#[174]">&gt;&gt;</a>&nbsp;&nbsp;&nbsp;nrf_spis_event_clear
<LI><a href="#[173]">&gt;&gt;</a>&nbsp;&nbsp;&nbsp;nrf_spis_event_check
</UL>
<BR>[Called By]<UL><LI><a href="#[34]">&gt;&gt;</a>&nbsp;&nbsp;&nbsp;SPIM2_SPIS2_SPI2_IRQHandler
</UL>

<P><STRONG><a name="[175]"></a>spis_state_change</STRONG> (Thumb, 6 bytes, Stack size 0 bytes, nrfx_spis.o(i.spis_state_change))
<BR><BR>[Called By]<UL><LI><a href="#[f1]">&gt;&gt;</a>&nbsp;&nbsp;&nbsp;spis_irq_handler
</UL>

<P><STRONG><a name="[135]"></a>configure_pins</STRONG> (Thumb, 104 bytes, Stack size 36 bytes, nrfx_pwm.o(i.configure_pins))
<BR><BR>[Stack]<UL><LI>Max Depth = 36<LI>Call Chain = configure_pins
</UL>
<BR>[Called By]<UL><LI><a href="#[e1]">&gt;&gt;</a>&nbsp;&nbsp;&nbsp;nrfx_pwm_init
</UL>

<P><STRONG><a name="[df]"></a>irq_handler</STRONG> (Thumb, 158 bytes, Stack size 16 bytes, nrfx_pwm.o(i.irq_handler))
<BR><BR>[Stack]<UL><LI>Max Depth = 24<LI>Call Chain = irq_handler &rArr; nrf_pwm_event_clear
</UL>
<BR>[Calls]<UL><LI><a href="#[11d]">&gt;&gt;</a>&nbsp;&nbsp;&nbsp;nrf_pwm_event_clear
<LI><a href="#[11c]">&gt;&gt;</a>&nbsp;&nbsp;&nbsp;nrf_pwm_event_check
</UL>
<BR>[Called By]<UL><LI><a href="#[2f]">&gt;&gt;</a>&nbsp;&nbsp;&nbsp;PWM0_IRQHandler
</UL>

<P><STRONG><a name="[11c]"></a>nrf_pwm_event_check</STRONG> (Thumb, 10 bytes, Stack size 0 bytes, nrfx_pwm.o(i.nrf_pwm_event_check))
<BR><BR>[Called By]<UL><LI><a href="#[df]">&gt;&gt;</a>&nbsp;&nbsp;&nbsp;irq_handler
</UL>

<P><STRONG><a name="[11d]"></a>nrf_pwm_event_clear</STRONG> (Thumb, 12 bytes, Stack size 8 bytes, nrfx_pwm.o(i.nrf_pwm_event_clear))
<BR><BR>[Stack]<UL><LI>Max Depth = 8<LI>Call Chain = nrf_pwm_event_clear
</UL>
<BR>[Called By]<UL><LI><a href="#[e1]">&gt;&gt;</a>&nbsp;&nbsp;&nbsp;nrfx_pwm_init
<LI><a href="#[137]">&gt;&gt;</a>&nbsp;&nbsp;&nbsp;start_playback
<LI><a href="#[df]">&gt;&gt;</a>&nbsp;&nbsp;&nbsp;irq_handler
</UL>

<P><STRONG><a name="[136]"></a>nrf_pwm_sequence_set</STRONG> (Thumb, 26 bytes, Stack size 0 bytes, nrfx_pwm.o(i.nrf_pwm_sequence_set))
<BR><BR>[Called By]<UL><LI><a href="#[e2]">&gt;&gt;</a>&nbsp;&nbsp;&nbsp;nrfx_pwm_simple_playback
</UL>

<P><STRONG><a name="[137]"></a>start_playback</STRONG> (Thumb, 80 bytes, Stack size 16 bytes, nrfx_pwm.o(i.start_playback))
<BR><BR>[Stack]<UL><LI>Max Depth = 24<LI>Call Chain = start_playback &rArr; nrf_pwm_event_clear
</UL>
<BR>[Calls]<UL><LI><a href="#[11d]">&gt;&gt;</a>&nbsp;&nbsp;&nbsp;nrf_pwm_event_clear
</UL>
<BR>[Called By]<UL><LI><a href="#[e2]">&gt;&gt;</a>&nbsp;&nbsp;&nbsp;nrfx_pwm_simple_playback
</UL>

<P><STRONG><a name="[fb]"></a>errata_108</STRONG> (Thumb, 56 bytes, Stack size 0 bytes, system_nrf52.o(i.errata_108))
<BR><BR>[Called By]<UL><LI><a href="#[3a]">&gt;&gt;</a>&nbsp;&nbsp;&nbsp;SystemInit
</UL>

<P><STRONG><a name="[f3]"></a>errata_12</STRONG> (Thumb, 56 bytes, Stack size 0 bytes, system_nrf52.o(i.errata_12))
<BR><BR>[Called By]<UL><LI><a href="#[3a]">&gt;&gt;</a>&nbsp;&nbsp;&nbsp;SystemInit
</UL>

<P><STRONG><a name="[fc]"></a>errata_136</STRONG> (Thumb, 56 bytes, Stack size 0 bytes, system_nrf52.o(i.errata_136))
<BR><BR>[Called By]<UL><LI><a href="#[3a]">&gt;&gt;</a>&nbsp;&nbsp;&nbsp;SystemInit
</UL>

<P><STRONG><a name="[f4]"></a>errata_16</STRONG> (Thumb, 40 bytes, Stack size 0 bytes, system_nrf52.o(i.errata_16))
<BR><BR>[Called By]<UL><LI><a href="#[3a]">&gt;&gt;</a>&nbsp;&nbsp;&nbsp;SystemInit
</UL>

<P><STRONG><a name="[fd]"></a>errata_182</STRONG> (Thumb, 28 bytes, Stack size 0 bytes, system_nrf52.o(i.errata_182))
<BR><BR>[Called By]<UL><LI><a href="#[3a]">&gt;&gt;</a>&nbsp;&nbsp;&nbsp;SystemInit
</UL>

<P><STRONG><a name="[f5]"></a>errata_31</STRONG> (Thumb, 56 bytes, Stack size 0 bytes, system_nrf52.o(i.errata_31))
<BR><BR>[Called By]<UL><LI><a href="#[3a]">&gt;&gt;</a>&nbsp;&nbsp;&nbsp;SystemInit
</UL>

<P><STRONG><a name="[f6]"></a>errata_32</STRONG> (Thumb, 40 bytes, Stack size 0 bytes, system_nrf52.o(i.errata_32))
<BR><BR>[Called By]<UL><LI><a href="#[3a]">&gt;&gt;</a>&nbsp;&nbsp;&nbsp;SystemInit
</UL>

<P><STRONG><a name="[f7]"></a>errata_36</STRONG> (Thumb, 56 bytes, Stack size 0 bytes, system_nrf52.o(i.errata_36))
<BR><BR>[Called By]<UL><LI><a href="#[3a]">&gt;&gt;</a>&nbsp;&nbsp;&nbsp;SystemInit
</UL>

<P><STRONG><a name="[f8]"></a>errata_37</STRONG> (Thumb, 40 bytes, Stack size 0 bytes, system_nrf52.o(i.errata_37))
<BR><BR>[Called By]<UL><LI><a href="#[3a]">&gt;&gt;</a>&nbsp;&nbsp;&nbsp;SystemInit
</UL>

<P><STRONG><a name="[f9]"></a>errata_57</STRONG> (Thumb, 40 bytes, Stack size 0 bytes, system_nrf52.o(i.errata_57))
<BR><BR>[Called By]<UL><LI><a href="#[3a]">&gt;&gt;</a>&nbsp;&nbsp;&nbsp;SystemInit
</UL>

<P><STRONG><a name="[fa]"></a>errata_66</STRONG> (Thumb, 40 bytes, Stack size 0 bytes, system_nrf52.o(i.errata_66))
<BR><BR>[Called By]<UL><LI><a href="#[3a]">&gt;&gt;</a>&nbsp;&nbsp;&nbsp;SystemInit
</UL>

<P><STRONG><a name="[17e]"></a>rt_id2obj</STRONG> (Thumb, 8 bytes, Stack size 0 bytes, rt_cmsis.o(i.rt_id2obj))
<BR><BR>[Called By]<UL><LI><a href="#[4d]">&gt;&gt;</a>&nbsp;&nbsp;&nbsp;svcTimerCall
</UL>

<P><STRONG><a name="[177]"></a>rt_ms2tick</STRONG> (Thumb, 58 bytes, Stack size 0 bytes, rt_cmsis.o(i.rt_ms2tick))
<BR><BR>[Called By]<UL><LI><a href="#[45]">&gt;&gt;</a>&nbsp;&nbsp;&nbsp;sysMailAlloc
<LI><a href="#[49]">&gt;&gt;</a>&nbsp;&nbsp;&nbsp;svcMessagePut
<LI><a href="#[48]">&gt;&gt;</a>&nbsp;&nbsp;&nbsp;svcMessageGet
<LI><a href="#[42]">&gt;&gt;</a>&nbsp;&nbsp;&nbsp;svcDelay
</UL>

<P><STRONG><a name="[17d]"></a>rt_tid2ptcb</STRONG> (Thumb, 18 bytes, Stack size 0 bytes, rt_cmsis.o(i.rt_tid2ptcb))
<BR><BR>[Called By]<UL><LI><a href="#[4c]">&gt;&gt;</a>&nbsp;&nbsp;&nbsp;svcThreadTerminate
</UL>

<P><STRONG><a name="[17f]"></a>rt_timer_insert</STRONG> (Thumb, 48 bytes, Stack size 12 bytes, rt_cmsis.o(i.rt_timer_insert))
<BR><BR>[Stack]<UL><LI>Max Depth = 12<LI>Call Chain = rt_timer_insert
</UL>
<BR>[Called By]<UL><LI><a href="#[168]">&gt;&gt;</a>&nbsp;&nbsp;&nbsp;sysTimerTick
</UL>

<P><STRONG><a name="[157]"></a>rt_init_context</STRONG> (Thumb, 66 bytes, Stack size 16 bytes, rt_task.o(i.rt_init_context))
<BR><BR>[Stack]<UL><LI>Max Depth = 32<LI>Call Chain = rt_init_context &rArr; rt_init_stack
</UL>
<BR>[Calls]<UL><LI><a href="#[158]">&gt;&gt;</a>&nbsp;&nbsp;&nbsp;rt_init_stack
<LI><a href="#[38]">&gt;&gt;</a>&nbsp;&nbsp;&nbsp;rt_alloc_box
</UL>
<BR>[Called By]<UL><LI><a href="#[169]">&gt;&gt;</a>&nbsp;&nbsp;&nbsp;rt_tsk_create
<LI><a href="#[162]">&gt;&gt;</a>&nbsp;&nbsp;&nbsp;rt_sys_init
</UL>

<P><STRONG><a name="[160]"></a>rt_ret_regs</STRONG> (Thumb, 16 bytes, Stack size 0 bytes, hal_cm.o(i.rt_ret_regs))
<BR><BR>[Called By]<UL><LI><a href="#[15a]">&gt;&gt;</a>&nbsp;&nbsp;&nbsp;rt_ret_val
<LI><a href="#[156]">&gt;&gt;</a>&nbsp;&nbsp;&nbsp;rt_ret_val2
</UL>

<P><STRONG><a name="[199]"></a>_dadd1</STRONG> (Thumb, 0 bytes, Stack size unknown bytes, daddsub_clz.o(x$fpl$dadd), UNUSED)
<BR><BR>[Called By]<UL><LI><a href="#[19a]">&gt;&gt;</a>&nbsp;&nbsp;&nbsp;_dsub
<LI><a href="#[198]">&gt;&gt;</a>&nbsp;&nbsp;&nbsp;_drsb
</UL>

<P><STRONG><a name="[193]"></a>_dsub1</STRONG> (Thumb, 0 bytes, Stack size unknown bytes, daddsub_clz.o(x$fpl$dsub), UNUSED)
<BR><BR>[Called By]<UL><LI><a href="#[198]">&gt;&gt;</a>&nbsp;&nbsp;&nbsp;_drsb
<LI><a href="#[192]">&gt;&gt;</a>&nbsp;&nbsp;&nbsp;_dadd
</UL>

<P><STRONG><a name="[3d]"></a>_printf_input_char</STRONG> (Thumb, 10 bytes, Stack size 0 bytes, _printf_char_common.o(.text))
<BR>[Address Reference Count : 1]<UL><LI> _printf_char_common.o(.text)
</UL>
<P><STRONG><a name="[b4]"></a>_fp_digits</STRONG> (Thumb, 432 bytes, Stack size 96 bytes, _printf_fp_dec.o(.text))
<BR><BR>[Stack]<UL><LI>Max Depth = 220<LI>Call Chain = _fp_digits &rArr; _btod_etento &rArr; _btod_emul &rArr; _e2e
</UL>
<BR>[Calls]<UL><LI><a href="#[b8]">&gt;&gt;</a>&nbsp;&nbsp;&nbsp;_btod_emul
<LI><a href="#[b7]">&gt;&gt;</a>&nbsp;&nbsp;&nbsp;_btod_ediv
<LI><a href="#[b6]">&gt;&gt;</a>&nbsp;&nbsp;&nbsp;_btod_d2e
<LI><a href="#[b5]">&gt;&gt;</a>&nbsp;&nbsp;&nbsp;_btod_etento
<LI><a href="#[ae]">&gt;&gt;</a>&nbsp;&nbsp;&nbsp;_ll_udiv10
</UL>
<BR>[Called By]<UL><LI><a href="#[b9]">&gt;&gt;</a>&nbsp;&nbsp;&nbsp;_printf_fp_dec_real
</UL>
<P>
<H3>
Undefined Global Symbols
</H3><HR></body></html>
